
Allocating common symbols
Common symbol       size              file

text_flag           0x1               ..\obj\parser.o
offset_step         0x1               ..\obj\display_handler.o
argv                0x78              ..\obj\parser.o
commandBuffer       0x7               ..\obj\command_handler.o
c_idx               0x1               ..\obj\main.o
token_lenght        0x2               ..\obj\parser.o
argc                0x1               ..\obj\parser.o
str_idx             0x2               ..\obj\parser.o
mode                0x1               ..\obj\main.o
dbgstr              0x30              ..\obj\main.o
display_state       0x1               ..\obj\display_handler.o
displayStringBuffer
                    0xc               ..\obj\display_handler.o
delay               0x1               ..\obj\display_handler.o
displayDataBuffer   0x12c             ..\obj\display_handler.o
isAux               0x1               ..\obj\main.o
buf                 0x12c             ..\obj\parser.o
playbackState       0x1               ..\obj\iwrap.o
offset              0x4               ..\obj\display_handler.o
displayBuffer       0x17              ..\obj\display_handler.o
displayRxBuffer     0x17              ..\obj\display_handler.o
songInfo            0xc               ..\obj\parser.o
d_idx               0x1               ..\obj\main.o

Discarded input sections

 .text          0x00000000        0x0 ..\obj\stm32f10x_tim.o
 .data          0x00000000        0x0 ..\obj\stm32f10x_tim.o
 .bss           0x00000000        0x0 ..\obj\stm32f10x_tim.o
 .text.TIM_DeInit
                0x00000000      0x22c ..\obj\stm32f10x_tim.o
 .text.TIM_OC1Init
                0x00000000      0x118 ..\obj\stm32f10x_tim.o
 .text.TIM_OC2Init
                0x00000000      0x110 ..\obj\stm32f10x_tim.o
 .text.TIM_OC3Init
                0x00000000      0x10c ..\obj\stm32f10x_tim.o
 .text.TIM_OC4Init
                0x00000000       0xd0 ..\obj\stm32f10x_tim.o
 .text.TIM_ICInit
                0x00000000       0xa8 ..\obj\stm32f10x_tim.o
 .text.TIM_PWMIConfig
                0x00000000       0xb8 ..\obj\stm32f10x_tim.o
 .text.TIM_BDTRConfig
                0x00000000       0x50 ..\obj\stm32f10x_tim.o
 .text.TIM_OCStructInit
                0x00000000       0x44 ..\obj\stm32f10x_tim.o
 .text.TIM_ICStructInit
                0x00000000       0x30 ..\obj\stm32f10x_tim.o
 .text.TIM_BDTRStructInit
                0x00000000       0x3c ..\obj\stm32f10x_tim.o
 .text.TIM_CtrlPWMOutputs
                0x00000000       0x4c ..\obj\stm32f10x_tim.o
 .text.TIM_GenerateEvent
                0x00000000       0x1c ..\obj\stm32f10x_tim.o
 .text.TIM_DMAConfig
                0x00000000       0x28 ..\obj\stm32f10x_tim.o
 .text.TIM_DMACmd
                0x00000000       0x48 ..\obj\stm32f10x_tim.o
 .text.TIM_InternalClockConfig
                0x00000000       0x24 ..\obj\stm32f10x_tim.o
 .text.TIM_ITRxExternalClockConfig
                0x00000000       0x30 ..\obj\stm32f10x_tim.o
 .text.TIM_TIxExternalClockConfig
                0x00000000       0x5c ..\obj\stm32f10x_tim.o
 .text.TIM_ETRClockMode1Config
                0x00000000       0x60 ..\obj\stm32f10x_tim.o
 .text.TIM_ETRClockMode2Config
                0x00000000       0x40 ..\obj\stm32f10x_tim.o
 .text.TIM_ETRConfig
                0x00000000       0x54 ..\obj\stm32f10x_tim.o
 .text.TIM_PrescalerConfig
                0x00000000       0x28 ..\obj\stm32f10x_tim.o
 .text.TIM_CounterModeConfig
                0x00000000       0x38 ..\obj\stm32f10x_tim.o
 .text.TIM_SelectInputTrigger
                0x00000000       0x38 ..\obj\stm32f10x_tim.o
 .text.TIM_EncoderInterfaceConfig
                0x00000000       0x98 ..\obj\stm32f10x_tim.o
 .text.TIM_ForcedOC1Config
                0x00000000       0x38 ..\obj\stm32f10x_tim.o
 .text.TIM_ForcedOC2Config
                0x00000000       0x3c ..\obj\stm32f10x_tim.o
 .text.TIM_ForcedOC3Config
                0x00000000       0x38 ..\obj\stm32f10x_tim.o
 .text.TIM_ForcedOC4Config
                0x00000000       0x3c ..\obj\stm32f10x_tim.o
 .text.TIM_ARRPreloadConfig
                0x00000000       0x40 ..\obj\stm32f10x_tim.o
 .text.TIM_SelectCOM
                0x00000000       0x40 ..\obj\stm32f10x_tim.o
 .text.TIM_SelectCCDMA
                0x00000000       0x40 ..\obj\stm32f10x_tim.o
 .text.TIM_CCPreloadControl
                0x00000000       0x40 ..\obj\stm32f10x_tim.o
 .text.TIM_OC1PreloadConfig
                0x00000000       0x38 ..\obj\stm32f10x_tim.o
 .text.TIM_OC2PreloadConfig
                0x00000000       0x3c ..\obj\stm32f10x_tim.o
 .text.TIM_OC3PreloadConfig
                0x00000000       0x38 ..\obj\stm32f10x_tim.o
 .text.TIM_OC4PreloadConfig
                0x00000000       0x3c ..\obj\stm32f10x_tim.o
 .text.TIM_OC1FastConfig
                0x00000000       0x38 ..\obj\stm32f10x_tim.o
 .text.TIM_OC2FastConfig
                0x00000000       0x3c ..\obj\stm32f10x_tim.o
 .text.TIM_OC3FastConfig
                0x00000000       0x38 ..\obj\stm32f10x_tim.o
 .text.TIM_OC4FastConfig
                0x00000000       0x3c ..\obj\stm32f10x_tim.o
 .text.TIM_ClearOC1Ref
                0x00000000       0x38 ..\obj\stm32f10x_tim.o
 .text.TIM_ClearOC2Ref
                0x00000000       0x3c ..\obj\stm32f10x_tim.o
 .text.TIM_ClearOC3Ref
                0x00000000       0x38 ..\obj\stm32f10x_tim.o
 .text.TIM_ClearOC4Ref
                0x00000000       0x3c ..\obj\stm32f10x_tim.o
 .text.TIM_OC1PolarityConfig
                0x00000000       0x38 ..\obj\stm32f10x_tim.o
 .text.TIM_OC1NPolarityConfig
                0x00000000       0x38 ..\obj\stm32f10x_tim.o
 .text.TIM_OC2PolarityConfig
                0x00000000       0x3c ..\obj\stm32f10x_tim.o
 .text.TIM_OC2NPolarityConfig
                0x00000000       0x3c ..\obj\stm32f10x_tim.o
 .text.TIM_OC3PolarityConfig
                0x00000000       0x3c ..\obj\stm32f10x_tim.o
 .text.TIM_OC3NPolarityConfig
                0x00000000       0x3c ..\obj\stm32f10x_tim.o
 .text.TIM_OC4PolarityConfig
                0x00000000       0x3c ..\obj\stm32f10x_tim.o
 .text.TIM_CCxCmd
                0x00000000       0x54 ..\obj\stm32f10x_tim.o
 .text.TIM_CCxNCmd
                0x00000000       0x54 ..\obj\stm32f10x_tim.o
 .text.TIM_SelectOCxM
                0x00000000       0xac ..\obj\stm32f10x_tim.o
 .text.TIM_UpdateDisableConfig
                0x00000000       0x40 ..\obj\stm32f10x_tim.o
 .text.TIM_UpdateRequestConfig
                0x00000000       0x40 ..\obj\stm32f10x_tim.o
 .text.TIM_SelectHallSensor
                0x00000000       0x40 ..\obj\stm32f10x_tim.o
 .text.TIM_SelectOnePulseMode
                0x00000000       0x38 ..\obj\stm32f10x_tim.o
 .text.TIM_SelectOutputTrigger
                0x00000000       0x38 ..\obj\stm32f10x_tim.o
 .text.TIM_SelectSlaveMode
                0x00000000       0x38 ..\obj\stm32f10x_tim.o
 .text.TIM_SelectMasterSlaveMode
                0x00000000       0x38 ..\obj\stm32f10x_tim.o
 .text.TIM_SetCounter
                0x00000000       0x1c ..\obj\stm32f10x_tim.o
 .text.TIM_SetAutoreload
                0x00000000       0x1c ..\obj\stm32f10x_tim.o
 .text.TIM_SetCompare1
                0x00000000       0x1c ..\obj\stm32f10x_tim.o
 .text.TIM_SetCompare2
                0x00000000       0x1c ..\obj\stm32f10x_tim.o
 .text.TIM_SetCompare3
                0x00000000       0x1c ..\obj\stm32f10x_tim.o
 .text.TIM_SetCompare4
                0x00000000       0x20 ..\obj\stm32f10x_tim.o
 .text.TIM_SetIC1Prescaler
                0x00000000       0x38 ..\obj\stm32f10x_tim.o
 .text.TIM_SetIC2Prescaler
                0x00000000       0x3c ..\obj\stm32f10x_tim.o
 .text.TIM_SetIC3Prescaler
                0x00000000       0x38 ..\obj\stm32f10x_tim.o
 .text.TIM_SetIC4Prescaler
                0x00000000       0x3c ..\obj\stm32f10x_tim.o
 .text.TIM_SetClockDivision
                0x00000000       0x38 ..\obj\stm32f10x_tim.o
 .text.TIM_GetCapture1
                0x00000000       0x18 ..\obj\stm32f10x_tim.o
 .text.TIM_GetCapture2
                0x00000000       0x18 ..\obj\stm32f10x_tim.o
 .text.TIM_GetCapture3
                0x00000000       0x18 ..\obj\stm32f10x_tim.o
 .text.TIM_GetCapture4
                0x00000000       0x1c ..\obj\stm32f10x_tim.o
 .text.TIM_GetCounter
                0x00000000       0x18 ..\obj\stm32f10x_tim.o
 .text.TIM_GetPrescaler
                0x00000000       0x18 ..\obj\stm32f10x_tim.o
 .text.TIM_GetFlagStatus
                0x00000000       0x38 ..\obj\stm32f10x_tim.o
 .text.TIM_ClearFlag
                0x00000000       0x20 ..\obj\stm32f10x_tim.o
 .text.TI1_Config
                0x00000000       0xe0 ..\obj\stm32f10x_tim.o
 .text.TI2_Config
                0x00000000       0xf4 ..\obj\stm32f10x_tim.o
 .text.TI3_Config
                0x00000000       0xec ..\obj\stm32f10x_tim.o
 .text.TI4_Config
                0x00000000       0xf8 ..\obj\stm32f10x_tim.o
 .text          0x00000000        0x0 ..\obj\system_stm32f10x.o
 .data          0x00000000       0x14 ..\obj\system_stm32f10x.o
 .bss           0x00000000        0x0 ..\obj\system_stm32f10x.o
 .text.SystemCoreClockUpdate
                0x00000000       0xd8 ..\obj\system_stm32f10x.o
 .text          0x00000000        0x0 ..\obj\startup_stm32f10x_md.o
 .data          0x00000000        0x0 ..\obj\startup_stm32f10x_md.o
 .bss           0x00000000        0x0 ..\obj\startup_stm32f10x_md.o
 .text          0x00000000        0x0 ..\obj\stm32f10x_gpio.o
 .data          0x00000000        0x0 ..\obj\stm32f10x_gpio.o
 .bss           0x00000000        0x0 ..\obj\stm32f10x_gpio.o
 .text.GPIO_AFIODeInit
                0x00000000       0x18 ..\obj\stm32f10x_gpio.o
 .text.GPIO_StructInit
                0x00000000       0x28 ..\obj\stm32f10x_gpio.o
 .text.GPIO_ReadInputDataBit
                0x00000000       0x34 ..\obj\stm32f10x_gpio.o
 .text.GPIO_ReadInputData
                0x00000000       0x18 ..\obj\stm32f10x_gpio.o
 .text.GPIO_ReadOutputData
                0x00000000       0x18 ..\obj\stm32f10x_gpio.o
 .text.GPIO_WriteBit
                0x00000000       0x30 ..\obj\stm32f10x_gpio.o
 .text.GPIO_Write
                0x00000000       0x1c ..\obj\stm32f10x_gpio.o
 .text.GPIO_PinLockConfig
                0x00000000       0x44 ..\obj\stm32f10x_gpio.o
 .text.GPIO_EventOutputConfig
                0x00000000       0x4c ..\obj\stm32f10x_gpio.o
 .text.GPIO_EventOutputCmd
                0x00000000       0x20 ..\obj\stm32f10x_gpio.o
 .text.GPIO_PinRemapConfig
                0x00000000       0xe0 ..\obj\stm32f10x_gpio.o
 .text.GPIO_EXTILineConfig
                0x00000000       0x84 ..\obj\stm32f10x_gpio.o
 .text.GPIO_ETH_MediaInterfaceConfig
                0x00000000       0x1c ..\obj\stm32f10x_gpio.o
 .text          0x00000000        0x0 ..\obj\main.o
 .data          0x00000000        0x0 ..\obj\main.o
 .text          0x00000000        0x0 ..\obj\iwrap.o
 .data          0x00000000        0x0 ..\obj\iwrap.o
 .bss           0x00000000        0x0 ..\obj\iwrap.o
 .text          0x00000000        0x0 ..\obj\stm32f10x_rcc.o
 .bss           0x00000000        0x0 ..\obj\stm32f10x_rcc.o
 .text.RCC_WaitForHSEStartUp
                0x00000000       0x50 ..\obj\stm32f10x_rcc.o
 .text.RCC_AdjustHSICalibrationValue
                0x00000000       0x3c ..\obj\stm32f10x_rcc.o
 .text.RCC_HSICmd
                0x00000000       0x20 ..\obj\stm32f10x_rcc.o
 .text.RCC_ITConfig
                0x00000000       0x4c ..\obj\stm32f10x_rcc.o
 .text.RCC_USBCLKConfig
                0x00000000       0x1c ..\obj\stm32f10x_rcc.o
 .text.RCC_LSEConfig
                0x00000000       0x40 ..\obj\stm32f10x_rcc.o
 .text.RCC_LSICmd
                0x00000000       0x20 ..\obj\stm32f10x_rcc.o
 .text.RCC_RTCCLKConfig
                0x00000000       0x24 ..\obj\stm32f10x_rcc.o
 .text.RCC_RTCCLKCmd
                0x00000000       0x20 ..\obj\stm32f10x_rcc.o
 .text.RCC_BackupResetCmd
                0x00000000       0x20 ..\obj\stm32f10x_rcc.o
 .text.RCC_ClockSecuritySystemCmd
                0x00000000       0x20 ..\obj\stm32f10x_rcc.o
 .text.RCC_MCOConfig
                0x00000000       0x20 ..\obj\stm32f10x_rcc.o
 .text.RCC_ClearFlag
                0x00000000       0x1c ..\obj\stm32f10x_rcc.o
 .text.RCC_GetITStatus
                0x00000000       0x34 ..\obj\stm32f10x_rcc.o
 .text.RCC_ClearITPendingBit
                0x00000000       0x20 ..\obj\stm32f10x_rcc.o
 .text          0x00000000        0x0 ..\obj\stm32f10x_adc.o
 .data          0x00000000        0x0 ..\obj\stm32f10x_adc.o
 .bss           0x00000000        0x0 ..\obj\stm32f10x_adc.o
 .text.ADC_DeInit
                0x00000000       0x74 ..\obj\stm32f10x_adc.o
 .text.ADC_StructInit
                0x00000000       0x38 ..\obj\stm32f10x_adc.o
 .text.ADC_DMACmd
                0x00000000       0x38 ..\obj\stm32f10x_adc.o
 .text.ADC_ITConfig
                0x00000000       0x44 ..\obj\stm32f10x_adc.o
 .text.ADC_GetSoftwareStartConvStatus
                0x00000000       0x30 ..\obj\stm32f10x_adc.o
 .text.ADC_DiscModeChannelCountConfig
                0x00000000       0x44 ..\obj\stm32f10x_adc.o
 .text.ADC_DiscModeCmd
                0x00000000       0x38 ..\obj\stm32f10x_adc.o
 .text.ADC_ExternalTrigConvCmd
                0x00000000       0x38 ..\obj\stm32f10x_adc.o
 .text.ADC_GetDualModeConversionValue
                0x00000000       0x14 ..\obj\stm32f10x_adc.o
 .text.ADC_AutoInjectedConvCmd
                0x00000000       0x38 ..\obj\stm32f10x_adc.o
 .text.ADC_InjectedDiscModeCmd
                0x00000000       0x38 ..\obj\stm32f10x_adc.o
 .text.ADC_ExternalTrigInjectedConvConfig
                0x00000000       0x34 ..\obj\stm32f10x_adc.o
 .text.ADC_ExternalTrigInjectedConvCmd
                0x00000000       0x38 ..\obj\stm32f10x_adc.o
 .text.ADC_SoftwareStartInjectedConvCmd
                0x00000000       0x38 ..\obj\stm32f10x_adc.o
 .text.ADC_GetSoftwareStartInjectedConvCmdStatus
                0x00000000       0x30 ..\obj\stm32f10x_adc.o
 .text.ADC_InjectedChannelConfig
                0x00000000      0x120 ..\obj\stm32f10x_adc.o
 .text.ADC_InjectedSequencerLengthConfig
                0x00000000       0x44 ..\obj\stm32f10x_adc.o
 .text.ADC_SetInjectedOffset
                0x00000000       0x34 ..\obj\stm32f10x_adc.o
 .text.ADC_GetInjectedConversionValue
                0x00000000       0x30 ..\obj\stm32f10x_adc.o
 .text.ADC_AnalogWatchdogCmd
                0x00000000       0x38 ..\obj\stm32f10x_adc.o
 .text.ADC_AnalogWatchdogThresholdsConfig
                0x00000000       0x28 ..\obj\stm32f10x_adc.o
 .text.ADC_AnalogWatchdogSingleChannelConfig
                0x00000000       0x38 ..\obj\stm32f10x_adc.o
 .text.ADC_TempSensorVrefintCmd
                0x00000000       0x38 ..\obj\stm32f10x_adc.o
 .text.ADC_GetFlagStatus
                0x00000000       0x34 ..\obj\stm32f10x_adc.o
 .text.ADC_ClearFlag
                0x00000000       0x20 ..\obj\stm32f10x_adc.o
 .text.ADC_GetITStatus
                0x00000000       0x54 ..\obj\stm32f10x_adc.o
 .text.ADC_ClearITPendingBit
                0x00000000       0x2c ..\obj\stm32f10x_adc.o
 .text          0x00000000        0x0 ..\obj\stm32f10x_usart.o
 .data          0x00000000        0x0 ..\obj\stm32f10x_usart.o
 .bss           0x00000000        0x0 ..\obj\stm32f10x_usart.o
 .text.USART_StructInit
                0x00000000       0x38 ..\obj\stm32f10x_usart.o
 .text.USART_ClockInit
                0x00000000       0x58 ..\obj\stm32f10x_usart.o
 .text.USART_ClockStructInit
                0x00000000       0x2c ..\obj\stm32f10x_usart.o
 .text.USART_SetAddress
                0x00000000       0x38 ..\obj\stm32f10x_usart.o
 .text.USART_WakeUpConfig
                0x00000000       0x38 ..\obj\stm32f10x_usart.o
 .text.USART_ReceiverWakeUpCmd
                0x00000000       0x40 ..\obj\stm32f10x_usart.o
 .text.USART_LINCmd
                0x00000000       0x40 ..\obj\stm32f10x_usart.o
 .text.USART_SendBreak
                0x00000000       0x24 ..\obj\stm32f10x_usart.o
 .text.USART_SetGuardTime
                0x00000000       0x3c ..\obj\stm32f10x_usart.o
 .text.USART_SetPrescaler
                0x00000000       0x38 ..\obj\stm32f10x_usart.o
 .text.USART_SmartCardCmd
                0x00000000       0x40 ..\obj\stm32f10x_usart.o
 .text.USART_SmartCardNACKCmd
                0x00000000       0x40 ..\obj\stm32f10x_usart.o
 .text.USART_HalfDuplexCmd
                0x00000000       0x40 ..\obj\stm32f10x_usart.o
 .text.USART_OverSampling8Cmd
                0x00000000       0x44 ..\obj\stm32f10x_usart.o
 .text.USART_OneBitMethodCmd
                0x00000000       0x40 ..\obj\stm32f10x_usart.o
 .text.USART_IrDAConfig
                0x00000000       0x38 ..\obj\stm32f10x_usart.o
 .text.USART_IrDACmd
                0x00000000       0x40 ..\obj\stm32f10x_usart.o
 .text.USART_GetITStatus
                0x00000000       0xb4 ..\obj\stm32f10x_usart.o
 .text.USART_ClearITPendingBit
                0x00000000       0x38 ..\obj\stm32f10x_usart.o
 .text          0x00000000        0x0 ..\obj\tea6420.o
 .data          0x00000000        0x0 ..\obj\tea6420.o
 .bss           0x00000000        0x0 ..\obj\tea6420.o
 .text.tea6420_init
                0x00000000        0xc ..\obj\tea6420.o
 .text          0x00000000        0x0 ..\obj\usart_opts.o
 .data          0x00000000        0x0 ..\obj\usart_opts.o
 .bss           0x00000000        0x0 ..\obj\usart_opts.o
 .text.UARTSend
                0x00000000       0x44 ..\obj\usart_opts.o
 .text          0x00000000        0x0 ..\obj\command_handler.o
 .text          0x00000000        0x0 ..\obj\stm32f10x_dma.o
 .data          0x00000000        0x0 ..\obj\stm32f10x_dma.o
 .bss           0x00000000        0x0 ..\obj\stm32f10x_dma.o
 .text.DMA_DeInit
                0x00000000      0x178 ..\obj\stm32f10x_dma.o
 .text.DMA_StructInit
                0x00000000       0x54 ..\obj\stm32f10x_dma.o
 .text.DMA_SetCurrDataCounter
                0x00000000       0x1c ..\obj\stm32f10x_dma.o
 .text.DMA_GetCurrDataCounter
                0x00000000       0x18 ..\obj\stm32f10x_dma.o
 .text.DMA_GetFlagStatus
                0x00000000       0x50 ..\obj\stm32f10x_dma.o
 .text.DMA_ClearFlag
                0x00000000       0x34 ..\obj\stm32f10x_dma.o
 .text.DMA_GetITStatus
                0x00000000       0x50 ..\obj\stm32f10x_dma.o
 .text          0x00000000        0x0 ..\obj\display_handler.o
 .text          0x00000000        0x0 ..\obj\misc.o
 .data          0x00000000        0x0 ..\obj\misc.o
 .bss           0x00000000        0x0 ..\obj\misc.o
 .text.NVIC_PriorityGroupConfig
                0x00000000       0x24 ..\obj\misc.o
 .text.NVIC_SetVectorTable
                0x00000000       0x2c ..\obj\misc.o
 .text.NVIC_SystemLPConfig
                0x00000000       0x40 ..\obj\misc.o
 .text.SysTick_CLKSourceConfig
                0x00000000       0x38 ..\obj\misc.o
 .text          0x00000000        0x0 ..\obj\parser.o
 .data          0x00000000        0x0 ..\obj\parser.o
 .text          0x00000000        0x0 ..\obj\stm32f10x_i2c.o
 .data          0x00000000        0x0 ..\obj\stm32f10x_i2c.o
 .bss           0x00000000        0x0 ..\obj\stm32f10x_i2c.o
 .text.I2C_DeInit
                0x00000000       0x48 ..\obj\stm32f10x_i2c.o
 .text.I2C_StructInit
                0x00000000       0x3c ..\obj\stm32f10x_i2c.o
 .text.I2C_DMACmd
                0x00000000       0x40 ..\obj\stm32f10x_i2c.o
 .text.I2C_DMALastTransferCmd
                0x00000000       0x40 ..\obj\stm32f10x_i2c.o
 .text.I2C_AcknowledgeConfig
                0x00000000       0x40 ..\obj\stm32f10x_i2c.o
 .text.I2C_OwnAddress2Config
                0x00000000       0x44 ..\obj\stm32f10x_i2c.o
 .text.I2C_DualAddressCmd
                0x00000000       0x40 ..\obj\stm32f10x_i2c.o
 .text.I2C_GeneralCallCmd
                0x00000000       0x40 ..\obj\stm32f10x_i2c.o
 .text.I2C_ITConfig
                0x00000000       0x48 ..\obj\stm32f10x_i2c.o
 .text.I2C_ReceiveData
                0x00000000       0x1c ..\obj\stm32f10x_i2c.o
 .text.I2C_ReadRegister
                0x00000000       0x2c ..\obj\stm32f10x_i2c.o
 .text.I2C_SoftwareResetCmd
                0x00000000       0x44 ..\obj\stm32f10x_i2c.o
 .text.I2C_NACKPositionConfig
                0x00000000       0x40 ..\obj\stm32f10x_i2c.o
 .text.I2C_SMBusAlertConfig
                0x00000000       0x40 ..\obj\stm32f10x_i2c.o
 .text.I2C_TransmitPEC
                0x00000000       0x40 ..\obj\stm32f10x_i2c.o
 .text.I2C_PECPositionConfig
                0x00000000       0x40 ..\obj\stm32f10x_i2c.o
 .text.I2C_CalculatePEC
                0x00000000       0x40 ..\obj\stm32f10x_i2c.o
 .text.I2C_GetPEC
                0x00000000       0x20 ..\obj\stm32f10x_i2c.o
 .text.I2C_ARPCmd
                0x00000000       0x40 ..\obj\stm32f10x_i2c.o
 .text.I2C_StretchClockCmd
                0x00000000       0x40 ..\obj\stm32f10x_i2c.o
 .text.I2C_FastModeDutyCycleConfig
                0x00000000       0x40 ..\obj\stm32f10x_i2c.o
 .text.I2C_GetLastEvent
                0x00000000       0x44 ..\obj\stm32f10x_i2c.o
 .text.I2C_GetFlagStatus
                0x00000000       0x64 ..\obj\stm32f10x_i2c.o
 .text.I2C_ClearFlag
                0x00000000       0x2c ..\obj\stm32f10x_i2c.o
 .text.I2C_GetITStatus
                0x00000000       0x58 ..\obj\stm32f10x_i2c.o
 .text.I2C_ClearITPendingBit
                0x00000000       0x2c ..\obj\stm32f10x_i2c.o

Memory Configuration

Name             Origin             Length             Attributes
rom              0x08000000         0x00010000         xr
ram              0x20000000         0x00005000         xrw
*default*        0x00000000         0xffffffff

Linker script and memory map

                0x20005000                _eram = 0x20005000

.text           0x08000000     0x396a
 *(.isr_vector)
 .isr_vector    0x08000000      0x10c ..\obj\startup_stm32f10x_md.o
                0x08000000                g_pfnVectors
 *(.text*)
 .text.TIM_TimeBaseInit
                0x0800010c       0xf8 ..\obj\stm32f10x_tim.o
                0x0800010c                TIM_TimeBaseInit
 .text.TIM_TimeBaseStructInit
                0x08000204       0x34 ..\obj\stm32f10x_tim.o
                0x08000204                TIM_TimeBaseStructInit
 .text.TIM_Cmd  0x08000238       0x40 ..\obj\stm32f10x_tim.o
                0x08000238                TIM_Cmd
 .text.TIM_ITConfig
                0x08000278       0x48 ..\obj\stm32f10x_tim.o
                0x08000278                TIM_ITConfig
 .text.TIM_GetITStatus
                0x080002c0       0x54 ..\obj\stm32f10x_tim.o
                0x080002c0                TIM_GetITStatus
 .text.TIM_ClearITPendingBit
                0x08000314       0x20 ..\obj\stm32f10x_tim.o
                0x08000314                TIM_ClearITPendingBit
 .text.SystemInit
                0x08000334       0x68 ..\obj\system_stm32f10x.o
                0x08000334                SystemInit
 .text.SetSysClock
                0x0800039c        0xc ..\obj\system_stm32f10x.o
 .text.SetSysClockTo72
                0x080003a8      0x100 ..\obj\system_stm32f10x.o
 .text.Default_Reset_Handler
                0x080004a8       0x60 ..\obj\startup_stm32f10x_md.o
                0x080004a8                Default_Reset_Handler
                0x080004a8                Reset_Handler
 .text.Default_Handler
                0x08000508        0x8 ..\obj\startup_stm32f10x_md.o
                0x08000508                EXTI2_IRQHandler
                0x08000508                DebugMon_Handler
                0x08000508                TIM1_CC_IRQHandler
                0x08000508                HardFault_Handler
                0x08000508                SysTick_Handler
                0x08000508                PVD_IRQHandler
                0x08000508                PendSV_Handler
                0x08000508                NMI_Handler
                0x08000508                EXTI3_IRQHandler
                0x08000508                EXTI0_IRQHandler
                0x08000508                I2C2_EV_IRQHandler
                0x08000508                UsageFault_Handler
                0x08000508                ADC1_2_IRQHandler
                0x08000508                SPI1_IRQHandler
                0x08000508                TAMPER_IRQHandler
                0x08000508                DMA1_Channel4_IRQHandler
                0x08000508                RTC_IRQHandler
                0x08000508                CAN1_RX1_IRQHandler
                0x08000508                TIM4_IRQHandler
                0x08000508                I2C1_EV_IRQHandler
                0x08000508                DMA1_Channel6_IRQHandler
                0x08000508                RCC_IRQHandler
                0x08000508                TIM1_TRG_COM_IRQHandler
                0x08000508                DMA1_Channel1_IRQHandler
                0x08000508                EXTI15_10_IRQHandler
                0x08000508                EXTI9_5_IRQHandler
                0x08000508                SPI2_IRQHandler
                0x08000508                MemManage_Handler
                0x08000508                SVC_Handler
                0x08000508                DMA1_Channel5_IRQHandler
                0x08000508                EXTI4_IRQHandler
                0x08000508                USB_LP_CAN1_RX0_IRQHandler
                0x08000508                USB_HP_CAN1_TX_IRQHandler
                0x08000508                DMA1_Channel3_IRQHandler
                0x08000508                TIM1_UP_IRQHandler
                0x08000508                WWDG_IRQHandler
                0x08000508                TIM1_BRK_IRQHandler
                0x08000508                EXTI1_IRQHandler
                0x08000508                RTCAlarm_IRQHandler
                0x08000508                I2C2_ER_IRQHandler
                0x08000508                CAN1_SCE_IRQHandler
                0x08000508                FLASH_IRQHandler
                0x08000508                BusFault_Handler
                0x08000508                I2C1_ER_IRQHandler
                0x08000508                USBWakeUp_IRQHandler
 .text.GPIO_DeInit
                0x08000510       0xe4 ..\obj\stm32f10x_gpio.o
                0x08000510                GPIO_DeInit
 .text.GPIO_Init
                0x080005f4      0x178 ..\obj\stm32f10x_gpio.o
                0x080005f4                GPIO_Init
 .text.GPIO_ReadOutputDataBit
                0x0800076c       0x34 ..\obj\stm32f10x_gpio.o
                0x0800076c                GPIO_ReadOutputDataBit
 .text.GPIO_SetBits
                0x080007a0       0x1c ..\obj\stm32f10x_gpio.o
                0x080007a0                GPIO_SetBits
 .text.GPIO_ResetBits
                0x080007bc       0x1c ..\obj\stm32f10x_gpio.o
                0x080007bc                GPIO_ResetBits
 .text.NVIC_EnableIRQ
                0x080007d8       0x30 ..\obj\main.o
 .text.SetupPeriph
                0x08000808      0x4dc ..\obj\main.o
                0x08000808                SetupPeriph
 .text.InitDisplay
                0x08000ce4       0x90 ..\obj\main.o
                0x08000ce4                InitDisplay
 .text.USART1_IRQHandler
                0x08000d74       0x3c ..\obj\main.o
                0x08000d74                USART1_IRQHandler
 .text.USART2_IRQHandler
                0x08000db0       0x80 ..\obj\main.o
                0x08000db0                USART2_IRQHandler
 .text.USART3_IRQHandler
                0x08000e30       0x5c ..\obj\main.o
                0x08000e30                USART3_IRQHandler
 .text.TIM2_IRQHandler
                0x08000e8c       0x4c ..\obj\main.o
                0x08000e8c                TIM2_IRQHandler
 .text.TIM3_IRQHandler
                0x08000ed8       0x4c ..\obj\main.o
                0x08000ed8                TIM3_IRQHandler
 .text.DMA1_Channel7_IRQHandler
                0x08000f24       0x1c ..\obj\main.o
                0x08000f24                DMA1_Channel7_IRQHandler
 .text.DMA1_Channel2_IRQHandler
                0x08000f40       0x1c ..\obj\main.o
                0x08000f40                DMA1_Channel2_IRQHandler
 .text.SetupClock
                0x08000f5c       0x70 ..\obj\main.o
                0x08000f5c                SetupClock
 .text.main     0x08000fcc       0x14 ..\obj\main.o
                0x08000fcc                main
 .text.bt_Play  0x08000fe0       0x14 ..\obj\iwrap.o
                0x08000fe0                bt_Play
 .text.bt_Pause
                0x08000ff4       0x14 ..\obj\iwrap.o
                0x08000ff4                bt_Pause
 .text.bt_Next  0x08001008       0x14 ..\obj\iwrap.o
                0x08001008                bt_Next
 .text.bt_Prev  0x0800101c       0x14 ..\obj\iwrap.o
                0x0800101c                bt_Prev
 .text.bt_TrackChangedEventSubscribe
                0x08001030       0x14 ..\obj\iwrap.o
                0x08001030                bt_TrackChangedEventSubscribe
 .text.bt_PlaybackStatusEventSubscribe
                0x08001044       0x14 ..\obj\iwrap.o
                0x08001044                bt_PlaybackStatusEventSubscribe
 .text.bt_GetAVRCP_metadata
                0x08001058       0x14 ..\obj\iwrap.o
                0x08001058                bt_GetAVRCP_metadata
 .text.RCC_DeInit
                0x0800106c       0x5c ..\obj\stm32f10x_rcc.o
                0x0800106c                RCC_DeInit
 .text.RCC_HSEConfig
                0x080010c8       0x5c ..\obj\stm32f10x_rcc.o
                0x080010c8                RCC_HSEConfig
 .text.RCC_PLLConfig
                0x08001124       0x3c ..\obj\stm32f10x_rcc.o
                0x08001124                RCC_PLLConfig
 .text.RCC_PLLCmd
                0x08001160       0x20 ..\obj\stm32f10x_rcc.o
                0x08001160                RCC_PLLCmd
 .text.RCC_SYSCLKConfig
                0x08001180       0x38 ..\obj\stm32f10x_rcc.o
                0x08001180                RCC_SYSCLKConfig
 .text.RCC_GetSYSCLKSource
                0x080011b8       0x1c ..\obj\stm32f10x_rcc.o
                0x080011b8                RCC_GetSYSCLKSource
 .text.RCC_HCLKConfig
                0x080011d4       0x38 ..\obj\stm32f10x_rcc.o
                0x080011d4                RCC_HCLKConfig
 .text.RCC_PCLK1Config
                0x0800120c       0x38 ..\obj\stm32f10x_rcc.o
                0x0800120c                RCC_PCLK1Config
 .text.RCC_PCLK2Config
                0x08001244       0x38 ..\obj\stm32f10x_rcc.o
                0x08001244                RCC_PCLK2Config
 .text.RCC_ADCCLKConfig
                0x0800127c       0x38 ..\obj\stm32f10x_rcc.o
                0x0800127c                RCC_ADCCLKConfig
 .text.RCC_GetClocksFreq
                0x080012b4      0x160 ..\obj\stm32f10x_rcc.o
                0x080012b4                RCC_GetClocksFreq
 .text.RCC_AHBPeriphClockCmd
                0x08001414       0x3c ..\obj\stm32f10x_rcc.o
                0x08001414                RCC_AHBPeriphClockCmd
 .text.RCC_APB2PeriphClockCmd
                0x08001450       0x3c ..\obj\stm32f10x_rcc.o
                0x08001450                RCC_APB2PeriphClockCmd
 .text.RCC_APB1PeriphClockCmd
                0x0800148c       0x3c ..\obj\stm32f10x_rcc.o
                0x0800148c                RCC_APB1PeriphClockCmd
 .text.RCC_APB2PeriphResetCmd
                0x080014c8       0x3c ..\obj\stm32f10x_rcc.o
                0x080014c8                RCC_APB2PeriphResetCmd
 .text.RCC_APB1PeriphResetCmd
                0x08001504       0x3c ..\obj\stm32f10x_rcc.o
                0x08001504                RCC_APB1PeriphResetCmd
 .text.RCC_GetFlagStatus
                0x08001540       0x74 ..\obj\stm32f10x_rcc.o
                0x08001540                RCC_GetFlagStatus
 .text.ADC_Init
                0x080015b4       0xa4 ..\obj\stm32f10x_adc.o
                0x080015b4                ADC_Init
 .text.ADC_Cmd  0x08001658       0x38 ..\obj\stm32f10x_adc.o
                0x08001658                ADC_Cmd
 .text.ADC_ResetCalibration
                0x08001690       0x20 ..\obj\stm32f10x_adc.o
                0x08001690                ADC_ResetCalibration
 .text.ADC_GetResetCalibrationStatus
                0x080016b0       0x30 ..\obj\stm32f10x_adc.o
                0x080016b0                ADC_GetResetCalibrationStatus
 .text.ADC_StartCalibration
                0x080016e0       0x20 ..\obj\stm32f10x_adc.o
                0x080016e0                ADC_StartCalibration
 .text.ADC_GetCalibrationStatus
                0x08001700       0x30 ..\obj\stm32f10x_adc.o
                0x08001700                ADC_GetCalibrationStatus
 .text.ADC_SoftwareStartConvCmd
                0x08001730       0x38 ..\obj\stm32f10x_adc.o
                0x08001730                ADC_SoftwareStartConvCmd
 .text.ADC_RegularChannelConfig
                0x08001768      0x194 ..\obj\stm32f10x_adc.o
                0x08001768                ADC_RegularChannelConfig
 .text.ADC_GetConversionValue
                0x080018fc       0x18 ..\obj\stm32f10x_adc.o
                0x080018fc                ADC_GetConversionValue
 .text.USART_DeInit
                0x08001914       0xb8 ..\obj\stm32f10x_usart.o
                0x08001914                USART_DeInit
 .text.USART_Init
                0x080019cc      0x174 ..\obj\stm32f10x_usart.o
                0x080019cc                USART_Init
 .text.USART_Cmd
                0x08001b40       0x40 ..\obj\stm32f10x_usart.o
                0x08001b40                USART_Cmd
 .text.USART_ITConfig
                0x08001b80       0x90 ..\obj\stm32f10x_usart.o
                0x08001b80                USART_ITConfig
 .text.USART_DMACmd
                0x08001c10       0x48 ..\obj\stm32f10x_usart.o
                0x08001c10                USART_DMACmd
 .text.USART_LINBreakDetectLengthConfig
                0x08001c58       0x38 ..\obj\stm32f10x_usart.o
                0x08001c58                USART_LINBreakDetectLengthConfig
 .text.USART_SendData
                0x08001c90       0x24 ..\obj\stm32f10x_usart.o
                0x08001c90                USART_SendData
 .text.USART_ReceiveData
                0x08001cb4       0x20 ..\obj\stm32f10x_usart.o
                0x08001cb4                USART_ReceiveData
 .text.USART_GetFlagStatus
                0x08001cd4       0x38 ..\obj\stm32f10x_usart.o
                0x08001cd4                USART_GetFlagStatus
 .text.USART_ClearFlag
                0x08001d0c       0x20 ..\obj\stm32f10x_usart.o
                0x08001d0c                USART_ClearFlag
 .text.tea6420_Bluetooth
                0x08001d2c       0x94 ..\obj\tea6420.o
                0x08001d2c                tea6420_Bluetooth
 .text.tea6420_AUX
                0x08001dc0       0x94 ..\obj\tea6420.o
                0x08001dc0                tea6420_AUX
 .text.USART1Send
                0x08001e54       0x40 ..\obj\usart_opts.o
                0x08001e54                USART1Send
 .text.USART2SendDMA
                0x08001e94       0x24 ..\obj\usart_opts.o
                0x08001e94                USART2SendDMA
 .text.USART3SendDMA
                0x08001eb8       0x24 ..\obj\usart_opts.o
                0x08001eb8                USART3SendDMA
 .text.CheckChksum
                0x08001edc       0x54 ..\obj\usart_opts.o
                0x08001edc                CheckChksum
 .text.ActivateAUX
                0x08001f30       0x28 ..\obj\command_handler.o
                0x08001f30                ActivateAUX
 .text.Bluetooth_on
                0x08001f58       0x28 ..\obj\command_handler.o
                0x08001f58                Bluetooth_on
 .text.Bluetooth_off
                0x08001f80       0x18 ..\obj\command_handler.o
                0x08001f80                Bluetooth_off
 .text.SendCommand
                0x08001f98       0x40 ..\obj\command_handler.o
                0x08001f98                SendCommand
 .text.HandleCommandData
                0x08001fd8      0x2f0 ..\obj\command_handler.o
                0x08001fd8                HandleCommandData
 .text.DMA_Init
                0x080022c8       0x7c ..\obj\stm32f10x_dma.o
                0x080022c8                DMA_Init
 .text.DMA_Cmd  0x08002344       0x38 ..\obj\stm32f10x_dma.o
                0x08002344                DMA_Cmd
 .text.DMA_ITConfig
                0x0800237c       0x3c ..\obj\stm32f10x_dma.o
                0x0800237c                DMA_ITConfig
 .text.DMA_ClearITPendingBit
                0x080023b8       0x34 ..\obj\stm32f10x_dma.o
                0x080023b8                DMA_ClearITPendingBit
 .text.GetMode  0x080023ec       0x94 ..\obj\display_handler.o
                0x080023ec                GetMode
 .text.resetDisplayState
                0x08002480       0x2c ..\obj\display_handler.o
                0x08002480                resetDisplayState
 .text.ClearDisplayString
                0x080024ac       0x20 ..\obj\display_handler.o
                0x080024ac                ClearDisplayString
 .text.HandleDisplayData
                0x080024cc      0x308 ..\obj\display_handler.o
                0x080024cc                HandleDisplayData
 .text.SendDisplayData
                0x080027d4       0x40 ..\obj\display_handler.o
                0x080027d4                SendDisplayData
 .text.NVIC_Init
                0x08002814       0xc4 ..\obj\misc.o
                0x08002814                NVIC_Init
 .text._atoi    0x080028d8       0x50 ..\obj\parser.o
                0x080028d8                _atoi
 .text.findIndexOfToken
                0x08002928       0x50 ..\obj\parser.o
                0x08002928                findIndexOfToken
 .text.getSongInfo
                0x08002978       0xec ..\obj\parser.o
                0x08002978                getSongInfo
 .text.unicodeToChar
                0x08002a64      0x494 ..\obj\parser.o
                0x08002a64                unicodeToChar
 .text.HandleParseData
                0x08002ef8      0x3d0 ..\obj\parser.o
                0x08002ef8                HandleParseData
 .text.Parse_init
                0x080032c8       0x44 ..\obj\parser.o
                0x080032c8                Parse_init
 .text.Parse    0x0800330c      0x1a8 ..\obj\parser.o
                0x0800330c                Parse
 .text.isStrEqual
                0x080034b4       0x6c ..\obj\parser.o
                0x080034b4                isStrEqual
 .text.I2C_Init
                0x08003520      0x184 ..\obj\stm32f10x_i2c.o
                0x08003520                I2C_Init
 .text.I2C_Cmd  0x080036a4       0x40 ..\obj\stm32f10x_i2c.o
                0x080036a4                I2C_Cmd
 .text.I2C_GenerateSTART
                0x080036e4       0x40 ..\obj\stm32f10x_i2c.o
                0x080036e4                I2C_GenerateSTART
 .text.I2C_GenerateSTOP
                0x08003724       0x40 ..\obj\stm32f10x_i2c.o
                0x08003724                I2C_GenerateSTOP
 .text.I2C_SendData
                0x08003764       0x20 ..\obj\stm32f10x_i2c.o
                0x08003764                I2C_SendData
 .text.I2C_Send7bitAddress
                0x08003784       0x3c ..\obj\stm32f10x_i2c.o
                0x08003784                I2C_Send7bitAddress
 .text.I2C_CheckEvent
                0x080037c0       0x60 ..\obj\stm32f10x_i2c.o
                0x080037c0                I2C_CheckEvent
 *(.init)
 *(.fini)
 *crtbegin.o(.ctors)
 *crtbegin?.o(.ctors)
 *(EXCLUDE_FILE(*crtend.o *crtend?.o) .ctors)
 *(SORT(.ctors.*))
 *(.ctors)
 *crtbegin.o(.dtors)
 *crtbegin?.o(.dtors)
 *(EXCLUDE_FILE(*crtend.o *crtend?.o) .dtors)
 *(SORT(.dtors.*))
 *(.dtors)
 *(.rodata*)
 .rodata        0x08003820       0x86 ..\obj\iwrap.o
 *fill*         0x080038a6        0x2 
 .rodata        0x080038a8       0xc2 ..\obj\parser.o
 *(.eh_fram e*)

.glue_7         0x0800396c        0x0
 .glue_7        0x0800396c        0x0 linker stubs

.glue_7t        0x0800396c        0x0
 .glue_7t       0x0800396c        0x0 linker stubs

.vfp11_veneer   0x0800396c        0x0
 .vfp11_veneer  0x0800396c        0x0 linker stubs

.v4_bx          0x0800396c        0x0
 .v4_bx         0x0800396c        0x0 linker stubs

.iplt           0x0800396c        0x0
 .iplt          0x0800396c        0x0 ..\obj\stm32f10x_tim.o

.rel.dyn        0x0800396c        0x0
 .rel.iplt      0x0800396c        0x0 ..\obj\stm32f10x_tim.o

.ARM.extab
 *(.ARM.extab* .gnu.linkonce.armextab.*)
                0x0800396c                __exidx_start = .

.ARM.exidx
 *(.ARM.exidx* .gnu.linkonce.armexidx.*)
                0x0800396c                __exidx_end = .
                0x0800396c                __etext = .
                0x0800396a                _sidata = __etext

.data           0x20000000       0x3c load address 0x0800396a
                0x20000000                __data_start__ = .
                0x20000000                _sdata = __data_start__
 *(vtable)
 *(.data*)
 .data          0x20000000       0x14 ..\obj\stm32f10x_rcc.o
 .data          0x20000014        0xc ..\obj\command_handler.o
                0x20000014                Mode_itterupt
                0x20000018                default_command
                0x2000001f                fm_button_released
 .data          0x20000020       0x19 ..\obj\display_handler.o
                0x20000020                defaultScreen
                0x20000037                DISPLAY_STRING_DELAY
                0x20000038                OFFSET_STEP_DELAY
                0x2000003c                . = ALIGN (0x4)
 *fill*         0x20000039        0x3 
                [!provide]                PROVIDE (__preinit_array_start, .)
 *(.preinit_array)
                [!provide]                PROVIDE (__preinit_array_end, .)
                0x2000003c                . = ALIGN (0x4)
                [!provide]                PROVIDE (__init_array_start, .)
 *(SORT(.init_array.*))
 *(.init_array)
                [!provide]                PROVIDE (__init_array_end, .)
                0x2000003c                . = ALIGN (0x4)
                [!provide]                PROVIDE (__fini_array_start, .)
 *(SORT(.fini_array.*))
 *(.fini_array)
                [!provide]                PROVIDE (__fini_array_end, .)
 *(.jcr*)
                0x2000003c                . = ALIGN (0x4)
                0x2000003c                __data_end__ = .
                0x2000003c                _edata = __data_end__

.igot.plt       0x2000003c        0x0 load address 0x080039a8
 .igot.plt      0x2000003c        0x0 ..\obj\stm32f10x_tim.o

.bss            0x2000003c      0x380 load address 0x080039a8
                0x2000003c                . = ALIGN (0x4)
                0x2000003c                __bss_start__ = .
                0x2000003c                _sbss = __bss_start__
 *(.bss*)
 .bss           0x2000003c        0x2 ..\obj\main.o
                0x2000003c                d_rcvcplt
                0x2000003d                c_rcvcplt
 .bss           0x2000003e        0x3 ..\obj\command_handler.o
                0x2000003e                press_cnt
                0x2000003f                act_aux
                0x20000040                avrcp_trig
 *fill*         0x20000041        0x3 
 .bss           0x20000044        0x5 ..\obj\display_handler.o
                0x20000044                greets_counter
                0x20000048                btLastState
 .bss           0x20000049        0x1 ..\obj\parser.o
                0x20000049                parsing
 *(COMMON)
 *fill*         0x2000004a        0x2 
 COMMON         0x2000004c       0x36 ..\obj\main.o
                0x2000004c                c_idx
                0x2000004d                mode
                0x20000050                dbgstr
                0x20000080                isAux
                0x20000081                d_idx
 COMMON         0x20000082        0x1 ..\obj\iwrap.o
                0x20000082                playbackState
 *fill*         0x20000083        0x1 
 COMMON         0x20000084        0x7 ..\obj\command_handler.o
                0x20000084                commandBuffer
 *fill*         0x2000008b        0x1 
 COMMON         0x2000008c      0x173 ..\obj\display_handler.o
                0x2000008c                offset_step
                0x2000008d                display_state
                0x20000090                displayStringBuffer
                0x2000009c                delay
                0x200000a0                displayDataBuffer
                0x200001cc                offset
                0x200001d0                displayBuffer
                0x200001e8                displayRxBuffer
 *fill*         0x200001ff        0x1 
 COMMON         0x20000200      0x1bc ..\obj\parser.o
                0x20000200                text_flag
                0x20000204                argv
                0x2000027c                token_lenght
                0x2000027e                argc
                0x20000280                str_idx
                0x20000284                buf
                0x200003b0                songInfo
                0x200003bc                . = ALIGN (0x4)
                0x200003bc                __bss_end__ = .
                0x200003bc                _ebss = __bss_end__

.heap           0x200003bc        0x0
                0x200003bc                __end__ = .
                0x200003bc                _end = __end__
                0x200003bc                end = __end__
 *(.heap*)
                0x200003bc                __HeapLimit = .

.co_stack       0x200003bc      0x404 load address 0x08003d28
                0x200003c0                . = ALIGN (0x8)
 *fill*         0x200003bc        0x4 
 *(.co_stack .co_stack.*)
 .co_stack      0x200003c0      0x400 ..\obj\startup_stm32f10x_md.o
                0x200003c0                pulStack
                0x20005000                __StackTop = (ORIGIN (ram) + LENGTH (ram))
                0x20004bfc                __StackLimit = (__StackTop - SIZEOF (.co_stack))
                [!provide]                PROVIDE (__stack, __StackTop)
                0x00000001                ASSERT ((__StackLimit >= __HeapLimit), region ram  overflowed with stack)
LOAD ..\obj\stm32f10x_tim.o
LOAD ..\obj\system_stm32f10x.o
LOAD ..\obj\startup_stm32f10x_md.o
LOAD ..\obj\stm32f10x_gpio.o
LOAD ..\obj\main.o
LOAD ..\obj\iwrap.o
LOAD ..\obj\stm32f10x_rcc.o
LOAD ..\obj\stm32f10x_adc.o
LOAD ..\obj\stm32f10x_usart.o
LOAD ..\obj\tea6420.o
LOAD ..\obj\usart_opts.o
LOAD ..\obj\command_handler.o
LOAD ..\obj\stm32f10x_dma.o
LOAD ..\obj\display_handler.o
LOAD ..\obj\misc.o
LOAD ..\obj\parser.o
LOAD ..\obj\stm32f10x_i2c.o
START GROUP
LOAD c:/program files (x86)/gnu tools arm embedded/5.4 2016q3/bin/../lib/gcc/arm-none-eabi/5.4.1/armv7-m\libgcc.a
LOAD c:/program files (x86)/gnu tools arm embedded/5.4 2016q3/bin/../lib/gcc/arm-none-eabi/5.4.1/../../../../arm-none-eabi/lib/armv7-m\libg.a
LOAD c:/program files (x86)/gnu tools arm embedded/5.4 2016q3/bin/../lib/gcc/arm-none-eabi/5.4.1/../../../../arm-none-eabi/lib/armv7-m\libc.a
END GROUP
OUTPUT(test.elf elf32-littlearm)

.debug_info     0x00000000     0x7f05
 .debug_info    0x00000000     0x1c60 ..\obj\stm32f10x_tim.o
 .debug_info    0x00001c60      0x49c ..\obj\system_stm32f10x.o
 .debug_info    0x000020fc       0xee ..\obj\startup_stm32f10x_md.o
 .debug_info    0x000021ea      0x6f6 ..\obj\stm32f10x_gpio.o
 .debug_info    0x000028e0      0xf0c ..\obj\main.o
 .debug_info    0x000037ec      0x18f ..\obj\iwrap.o
 .debug_info    0x0000397b      0x8a3 ..\obj\stm32f10x_rcc.o
 .debug_info    0x0000421e      0xb7c ..\obj\stm32f10x_adc.o
 .debug_info    0x00004d9a      0x9f0 ..\obj\stm32f10x_usart.o
 .debug_info    0x0000578a      0x229 ..\obj\tea6420.o
 .debug_info    0x000059b3      0x376 ..\obj\usart_opts.o
 .debug_info    0x00005d29      0x4a2 ..\obj\command_handler.o
 .debug_info    0x000061cb      0x47b ..\obj\stm32f10x_dma.o
 .debug_info    0x00006646      0x447 ..\obj\display_handler.o
 .debug_info    0x00006a8d      0x556 ..\obj\misc.o
 .debug_info    0x00006fe3      0x416 ..\obj\parser.o
 .debug_info    0x000073f9      0xb0c ..\obj\stm32f10x_i2c.o

.debug_abbrev   0x00000000     0x1859
 .debug_abbrev  0x00000000      0x1b2 ..\obj\stm32f10x_tim.o
 .debug_abbrev  0x000001b2      0x14e ..\obj\system_stm32f10x.o
 .debug_abbrev  0x00000300       0xa7 ..\obj\startup_stm32f10x_md.o
 .debug_abbrev  0x000003a7      0x1cc ..\obj\stm32f10x_gpio.o
 .debug_abbrev  0x00000573      0x24f ..\obj\main.o
 .debug_abbrev  0x000007c2       0x97 ..\obj\iwrap.o
 .debug_abbrev  0x00000859      0x1bc ..\obj\stm32f10x_rcc.o
 .debug_abbrev  0x00000a15      0x19a ..\obj\stm32f10x_adc.o
 .debug_abbrev  0x00000baf      0x164 ..\obj\stm32f10x_usart.o
 .debug_abbrev  0x00000d13       0xc9 ..\obj\tea6420.o
 .debug_abbrev  0x00000ddc      0x169 ..\obj\usart_opts.o
 .debug_abbrev  0x00000f45      0x186 ..\obj\command_handler.o
 .debug_abbrev  0x000010cb      0x157 ..\obj\stm32f10x_dma.o
 .debug_abbrev  0x00001222      0x166 ..\obj\display_handler.o
 .debug_abbrev  0x00001388      0x147 ..\obj\misc.o
 .debug_abbrev  0x000014cf      0x224 ..\obj\parser.o
 .debug_abbrev  0x000016f3      0x166 ..\obj\stm32f10x_i2c.o

.debug_aranges  0x00000000      0xb28
 .debug_aranges
                0x00000000      0x2f0 ..\obj\stm32f10x_tim.o
 .debug_aranges
                0x000002f0       0x38 ..\obj\system_stm32f10x.o
 .debug_aranges
                0x00000328       0x28 ..\obj\startup_stm32f10x_md.o
 .debug_aranges
                0x00000350       0xa8 ..\obj\stm32f10x_gpio.o
 .debug_aranges
                0x000003f8       0x78 ..\obj\main.o
 .debug_aranges
                0x00000470       0x50 ..\obj\iwrap.o
 .debug_aranges
                0x000004c0      0x118 ..\obj\stm32f10x_rcc.o
 .debug_aranges
                0x000005d8      0x138 ..\obj\stm32f10x_adc.o
 .debug_aranges
                0x00000710      0x100 ..\obj\stm32f10x_usart.o
 .debug_aranges
                0x00000810       0x30 ..\obj\tea6420.o
 .debug_aranges
                0x00000840       0x40 ..\obj\usart_opts.o
 .debug_aranges
                0x00000880       0x40 ..\obj\command_handler.o
 .debug_aranges
                0x000008c0       0x70 ..\obj\stm32f10x_dma.o
 .debug_aranges
                0x00000930       0x40 ..\obj\display_handler.o
 .debug_aranges
                0x00000970       0x40 ..\obj\misc.o
 .debug_aranges
                0x000009b0       0x58 ..\obj\parser.o
 .debug_aranges
                0x00000a08      0x120 ..\obj\stm32f10x_i2c.o

.debug_ranges   0x00000000      0xa18
 .debug_ranges  0x00000000      0x2e0 ..\obj\stm32f10x_tim.o
 .debug_ranges  0x000002e0       0x28 ..\obj\system_stm32f10x.o
 .debug_ranges  0x00000308       0x18 ..\obj\startup_stm32f10x_md.o
 .debug_ranges  0x00000320       0x98 ..\obj\stm32f10x_gpio.o
 .debug_ranges  0x000003b8       0x68 ..\obj\main.o
 .debug_ranges  0x00000420       0x40 ..\obj\iwrap.o
 .debug_ranges  0x00000460      0x108 ..\obj\stm32f10x_rcc.o
 .debug_ranges  0x00000568      0x128 ..\obj\stm32f10x_adc.o
 .debug_ranges  0x00000690       0xf0 ..\obj\stm32f10x_usart.o
 .debug_ranges  0x00000780       0x20 ..\obj\tea6420.o
 .debug_ranges  0x000007a0       0x30 ..\obj\usart_opts.o
 .debug_ranges  0x000007d0       0x30 ..\obj\command_handler.o
 .debug_ranges  0x00000800       0x60 ..\obj\stm32f10x_dma.o
 .debug_ranges  0x00000860       0x30 ..\obj\display_handler.o
 .debug_ranges  0x00000890       0x30 ..\obj\misc.o
 .debug_ranges  0x000008c0       0x48 ..\obj\parser.o
 .debug_ranges  0x00000908      0x110 ..\obj\stm32f10x_i2c.o

.debug_line     0x00000000     0x438f
 .debug_line    0x00000000      0xb98 ..\obj\stm32f10x_tim.o
 .debug_line    0x00000b98      0x246 ..\obj\system_stm32f10x.o
 .debug_line    0x00000dde       0xb3 ..\obj\startup_stm32f10x_md.o
 .debug_line    0x00000e91      0x418 ..\obj\stm32f10x_gpio.o
 .debug_line    0x000012a9      0x4d7 ..\obj\main.o
 .debug_line    0x00001780      0x203 ..\obj\iwrap.o
 .debug_line    0x00001983      0x513 ..\obj\stm32f10x_rcc.o
 .debug_line    0x00001e96      0x582 ..\obj\stm32f10x_adc.o
 .debug_line    0x00002418      0x4fa ..\obj\stm32f10x_usart.o
 .debug_line    0x00002912      0x24b ..\obj\tea6420.o
 .debug_line    0x00002b5d      0x27d ..\obj\usart_opts.o
 .debug_line    0x00002dda      0x344 ..\obj\command_handler.o
 .debug_line    0x0000311e      0x380 ..\obj\stm32f10x_dma.o
 .debug_line    0x0000349e      0x32c ..\obj\display_handler.o
 .debug_line    0x000037ca      0x28b ..\obj\misc.o
 .debug_line    0x00003a55      0x40d ..\obj\parser.o
 .debug_line    0x00003e62      0x52d ..\obj\stm32f10x_i2c.o

.debug_str      0x00000000     0x3241
 .debug_str     0x00000000      0xd33 ..\obj\stm32f10x_tim.o
                                0xdf6 (size before relaxing)
 .debug_str     0x00000d33      0x183 ..\obj\system_stm32f10x.o
                                0x308 (size before relaxing)
 .debug_str     0x00000eb6       0xc1 ..\obj\startup_stm32f10x_md.o
                                0x158 (size before relaxing)
 .debug_str     0x00000f77      0x38f ..\obj\stm32f10x_gpio.o
                                0x532 (size before relaxing)
 .debug_str     0x00001306      0x81f ..\obj\main.o
                                0xc61 (size before relaxing)
 .debug_str     0x00001b25       0xd9 ..\obj\iwrap.o
                                0x22a (size before relaxing)
 .debug_str     0x00001bfe      0x3f9 ..\obj\stm32f10x_rcc.o
                                0x633 (size before relaxing)
 .debug_str     0x00001ff7      0x47d ..\obj\stm32f10x_adc.o
                                0x714 (size before relaxing)
 .debug_str     0x00002474      0x3b3 ..\obj\stm32f10x_usart.o
                                0x6a9 (size before relaxing)
 .debug_str     0x00002827       0x6b ..\obj\tea6420.o
                                0x252 (size before relaxing)
 .debug_str     0x00002892       0xa8 ..\obj\usart_opts.o
                                0x2ca (size before relaxing)
 .debug_str     0x0000293a       0xe1 ..\obj\command_handler.o
                                0x345 (size before relaxing)
 .debug_str     0x00002a1b      0x141 ..\obj\stm32f10x_dma.o
                                0x3d0 (size before relaxing)
 .debug_str     0x00002b5c      0x14a ..\obj\display_handler.o
                                0x36b (size before relaxing)
 .debug_str     0x00002ca6      0x132 ..\obj\misc.o
                                0x3d7 (size before relaxing)
 .debug_str     0x00002dd8      0x119 ..\obj\parser.o
                                0x2dd (size before relaxing)
 .debug_str     0x00002ef1      0x350 ..\obj\stm32f10x_i2c.o
                                0x67f (size before relaxing)

.comment        0x00000000       0x6e
 .comment       0x00000000       0x6e ..\obj\stm32f10x_tim.o
                                 0x6f (size before relaxing)
 .comment       0x0000006e       0x6f ..\obj\system_stm32f10x.o
 .comment       0x0000006e       0x6f ..\obj\startup_stm32f10x_md.o
 .comment       0x0000006e       0x6f ..\obj\stm32f10x_gpio.o
 .comment       0x0000006e       0x6f ..\obj\main.o
 .comment       0x0000006e       0x6f ..\obj\iwrap.o
 .comment       0x0000006e       0x6f ..\obj\stm32f10x_rcc.o
 .comment       0x0000006e       0x6f ..\obj\stm32f10x_adc.o
 .comment       0x0000006e       0x6f ..\obj\stm32f10x_usart.o
 .comment       0x0000006e       0x6f ..\obj\tea6420.o
 .comment       0x0000006e       0x6f ..\obj\usart_opts.o
 .comment       0x0000006e       0x6f ..\obj\command_handler.o
 .comment       0x0000006e       0x6f ..\obj\stm32f10x_dma.o
 .comment       0x0000006e       0x6f ..\obj\display_handler.o
 .comment       0x0000006e       0x6f ..\obj\misc.o
 .comment       0x0000006e       0x6f ..\obj\parser.o
 .comment       0x0000006e       0x6f ..\obj\stm32f10x_i2c.o

.ARM.attributes
                0x00000000       0x33
 .ARM.attributes
                0x00000000       0x33 ..\obj\stm32f10x_tim.o
 .ARM.attributes
                0x00000033       0x33 ..\obj\system_stm32f10x.o
 .ARM.attributes
                0x00000066       0x33 ..\obj\startup_stm32f10x_md.o
 .ARM.attributes
                0x00000099       0x33 ..\obj\stm32f10x_gpio.o
 .ARM.attributes
                0x000000cc       0x33 ..\obj\main.o
 .ARM.attributes
                0x000000ff       0x33 ..\obj\iwrap.o
 .ARM.attributes
                0x00000132       0x33 ..\obj\stm32f10x_rcc.o
 .ARM.attributes
                0x00000165       0x33 ..\obj\stm32f10x_adc.o
 .ARM.attributes
                0x00000198       0x33 ..\obj\stm32f10x_usart.o
 .ARM.attributes
                0x000001cb       0x33 ..\obj\tea6420.o
 .ARM.attributes
                0x000001fe       0x33 ..\obj\usart_opts.o
 .ARM.attributes
                0x00000231       0x33 ..\obj\command_handler.o
 .ARM.attributes
                0x00000264       0x33 ..\obj\stm32f10x_dma.o
 .ARM.attributes
                0x00000297       0x33 ..\obj\display_handler.o
 .ARM.attributes
                0x000002ca       0x33 ..\obj\misc.o
 .ARM.attributes
                0x000002fd       0x33 ..\obj\parser.o
 .ARM.attributes
                0x00000330       0x33 ..\obj\stm32f10x_i2c.o

.debug_frame    0x00000000     0x2efc
 .debug_frame   0x00000000      0xe2c ..\obj\stm32f10x_tim.o
 .debug_frame   0x00000e2c       0x98 ..\obj\system_stm32f10x.o
 .debug_frame   0x00000ec4       0x4c ..\obj\startup_stm32f10x_md.o
 .debug_frame   0x00000f10      0x2d0 ..\obj\stm32f10x_gpio.o
 .debug_frame   0x000011e0      0x188 ..\obj\main.o
 .debug_frame   0x00001368       0xd4 ..\obj\iwrap.o
 .debug_frame   0x0000143c      0x4f4 ..\obj\stm32f10x_rcc.o
 .debug_frame   0x00001930      0x5a4 ..\obj\stm32f10x_adc.o
 .debug_frame   0x00001ed4      0x490 ..\obj\stm32f10x_usart.o
 .debug_frame   0x00002364       0x68 ..\obj\tea6420.o
 .debug_frame   0x000023cc       0xb8 ..\obj\usart_opts.o
 .debug_frame   0x00002484       0xb4 ..\obj\command_handler.o
 .debug_frame   0x00002538      0x1c8 ..\obj\stm32f10x_dma.o
 .debug_frame   0x00002700       0xb8 ..\obj\display_handler.o
 .debug_frame   0x000027b8       0xd8 ..\obj\misc.o
 .debug_frame   0x00002890      0x13c ..\obj\parser.o
 .debug_frame   0x000029cc      0x530 ..\obj\stm32f10x_i2c.o
