
Allocating common symbols
Common symbol       size              file

commandBuffer       0x7               ..\obj\command_handler.o
c_idx               0x1               ..\obj\main.o
mode                0x1               ..\obj\main.o
isAux               0x1               ..\obj\main.o
displayBuffer       0x17              ..\obj\display_handler.o
d_idx               0x1               ..\obj\main.o

Discarded input sections

 .text          0x00000000        0x0 ..\obj\stm32f10x_tim.o
 .data          0x00000000        0x0 ..\obj\stm32f10x_tim.o
 .bss           0x00000000        0x0 ..\obj\stm32f10x_tim.o
 .text.TIM_DeInit
                0x00000000      0x22c ..\obj\stm32f10x_tim.o
 .text.TIM_OC1Init
                0x00000000      0x118 ..\obj\stm32f10x_tim.o
 .text.TIM_OC2Init
                0x00000000      0x110 ..\obj\stm32f10x_tim.o
 .text.TIM_OC3Init
                0x00000000      0x10c ..\obj\stm32f10x_tim.o
 .text.TIM_OC4Init
                0x00000000       0xd0 ..\obj\stm32f10x_tim.o
 .text.TIM_ICInit
                0x00000000       0xa8 ..\obj\stm32f10x_tim.o
 .text.TIM_PWMIConfig
                0x00000000       0xb8 ..\obj\stm32f10x_tim.o
 .text.TIM_BDTRConfig
                0x00000000       0x50 ..\obj\stm32f10x_tim.o
 .text.TIM_OCStructInit
                0x00000000       0x44 ..\obj\stm32f10x_tim.o
 .text.TIM_ICStructInit
                0x00000000       0x30 ..\obj\stm32f10x_tim.o
 .text.TIM_BDTRStructInit
                0x00000000       0x3c ..\obj\stm32f10x_tim.o
 .text.TIM_CtrlPWMOutputs
                0x00000000       0x4c ..\obj\stm32f10x_tim.o
 .text.TIM_GenerateEvent
                0x00000000       0x1c ..\obj\stm32f10x_tim.o
 .text.TIM_DMAConfig
                0x00000000       0x28 ..\obj\stm32f10x_tim.o
 .text.TIM_DMACmd
                0x00000000       0x48 ..\obj\stm32f10x_tim.o
 .text.TIM_InternalClockConfig
                0x00000000       0x24 ..\obj\stm32f10x_tim.o
 .text.TIM_ITRxExternalClockConfig
                0x00000000       0x30 ..\obj\stm32f10x_tim.o
 .text.TIM_TIxExternalClockConfig
                0x00000000       0x5c ..\obj\stm32f10x_tim.o
 .text.TIM_ETRClockMode1Config
                0x00000000       0x60 ..\obj\stm32f10x_tim.o
 .text.TIM_ETRClockMode2Config
                0x00000000       0x40 ..\obj\stm32f10x_tim.o
 .text.TIM_ETRConfig
                0x00000000       0x54 ..\obj\stm32f10x_tim.o
 .text.TIM_PrescalerConfig
                0x00000000       0x28 ..\obj\stm32f10x_tim.o
 .text.TIM_CounterModeConfig
                0x00000000       0x38 ..\obj\stm32f10x_tim.o
 .text.TIM_SelectInputTrigger
                0x00000000       0x38 ..\obj\stm32f10x_tim.o
 .text.TIM_EncoderInterfaceConfig
                0x00000000       0x98 ..\obj\stm32f10x_tim.o
 .text.TIM_ForcedOC1Config
                0x00000000       0x38 ..\obj\stm32f10x_tim.o
 .text.TIM_ForcedOC2Config
                0x00000000       0x3c ..\obj\stm32f10x_tim.o
 .text.TIM_ForcedOC3Config
                0x00000000       0x38 ..\obj\stm32f10x_tim.o
 .text.TIM_ForcedOC4Config
                0x00000000       0x3c ..\obj\stm32f10x_tim.o
 .text.TIM_ARRPreloadConfig
                0x00000000       0x40 ..\obj\stm32f10x_tim.o
 .text.TIM_SelectCOM
                0x00000000       0x40 ..\obj\stm32f10x_tim.o
 .text.TIM_SelectCCDMA
                0x00000000       0x40 ..\obj\stm32f10x_tim.o
 .text.TIM_CCPreloadControl
                0x00000000       0x40 ..\obj\stm32f10x_tim.o
 .text.TIM_OC1PreloadConfig
                0x00000000       0x38 ..\obj\stm32f10x_tim.o
 .text.TIM_OC2PreloadConfig
                0x00000000       0x3c ..\obj\stm32f10x_tim.o
 .text.TIM_OC3PreloadConfig
                0x00000000       0x38 ..\obj\stm32f10x_tim.o
 .text.TIM_OC4PreloadConfig
                0x00000000       0x3c ..\obj\stm32f10x_tim.o
 .text.TIM_OC1FastConfig
                0x00000000       0x38 ..\obj\stm32f10x_tim.o
 .text.TIM_OC2FastConfig
                0x00000000       0x3c ..\obj\stm32f10x_tim.o
 .text.TIM_OC3FastConfig
                0x00000000       0x38 ..\obj\stm32f10x_tim.o
 .text.TIM_OC4FastConfig
                0x00000000       0x3c ..\obj\stm32f10x_tim.o
 .text.TIM_ClearOC1Ref
                0x00000000       0x38 ..\obj\stm32f10x_tim.o
 .text.TIM_ClearOC2Ref
                0x00000000       0x3c ..\obj\stm32f10x_tim.o
 .text.TIM_ClearOC3Ref
                0x00000000       0x38 ..\obj\stm32f10x_tim.o
 .text.TIM_ClearOC4Ref
                0x00000000       0x3c ..\obj\stm32f10x_tim.o
 .text.TIM_OC1PolarityConfig
                0x00000000       0x38 ..\obj\stm32f10x_tim.o
 .text.TIM_OC1NPolarityConfig
                0x00000000       0x38 ..\obj\stm32f10x_tim.o
 .text.TIM_OC2PolarityConfig
                0x00000000       0x3c ..\obj\stm32f10x_tim.o
 .text.TIM_OC2NPolarityConfig
                0x00000000       0x3c ..\obj\stm32f10x_tim.o
 .text.TIM_OC3PolarityConfig
                0x00000000       0x3c ..\obj\stm32f10x_tim.o
 .text.TIM_OC3NPolarityConfig
                0x00000000       0x3c ..\obj\stm32f10x_tim.o
 .text.TIM_OC4PolarityConfig
                0x00000000       0x3c ..\obj\stm32f10x_tim.o
 .text.TIM_CCxCmd
                0x00000000       0x54 ..\obj\stm32f10x_tim.o
 .text.TIM_CCxNCmd
                0x00000000       0x54 ..\obj\stm32f10x_tim.o
 .text.TIM_SelectOCxM
                0x00000000       0xac ..\obj\stm32f10x_tim.o
 .text.TIM_UpdateDisableConfig
                0x00000000       0x40 ..\obj\stm32f10x_tim.o
 .text.TIM_UpdateRequestConfig
                0x00000000       0x40 ..\obj\stm32f10x_tim.o
 .text.TIM_SelectHallSensor
                0x00000000       0x40 ..\obj\stm32f10x_tim.o
 .text.TIM_SelectOnePulseMode
                0x00000000       0x38 ..\obj\stm32f10x_tim.o
 .text.TIM_SelectOutputTrigger
                0x00000000       0x38 ..\obj\stm32f10x_tim.o
 .text.TIM_SelectSlaveMode
                0x00000000       0x38 ..\obj\stm32f10x_tim.o
 .text.TIM_SelectMasterSlaveMode
                0x00000000       0x38 ..\obj\stm32f10x_tim.o
 .text.TIM_SetCounter
                0x00000000       0x1c ..\obj\stm32f10x_tim.o
 .text.TIM_SetAutoreload
                0x00000000       0x1c ..\obj\stm32f10x_tim.o
 .text.TIM_SetCompare1
                0x00000000       0x1c ..\obj\stm32f10x_tim.o
 .text.TIM_SetCompare2
                0x00000000       0x1c ..\obj\stm32f10x_tim.o
 .text.TIM_SetCompare3
                0x00000000       0x1c ..\obj\stm32f10x_tim.o
 .text.TIM_SetCompare4
                0x00000000       0x20 ..\obj\stm32f10x_tim.o
 .text.TIM_SetIC1Prescaler
                0x00000000       0x38 ..\obj\stm32f10x_tim.o
 .text.TIM_SetIC2Prescaler
                0x00000000       0x3c ..\obj\stm32f10x_tim.o
 .text.TIM_SetIC3Prescaler
                0x00000000       0x38 ..\obj\stm32f10x_tim.o
 .text.TIM_SetIC4Prescaler
                0x00000000       0x3c ..\obj\stm32f10x_tim.o
 .text.TIM_SetClockDivision
                0x00000000       0x38 ..\obj\stm32f10x_tim.o
 .text.TIM_GetCapture1
                0x00000000       0x18 ..\obj\stm32f10x_tim.o
 .text.TIM_GetCapture2
                0x00000000       0x18 ..\obj\stm32f10x_tim.o
 .text.TIM_GetCapture3
                0x00000000       0x18 ..\obj\stm32f10x_tim.o
 .text.TIM_GetCapture4
                0x00000000       0x1c ..\obj\stm32f10x_tim.o
 .text.TIM_GetCounter
                0x00000000       0x18 ..\obj\stm32f10x_tim.o
 .text.TIM_GetPrescaler
                0x00000000       0x18 ..\obj\stm32f10x_tim.o
 .text.TIM_GetFlagStatus
                0x00000000       0x38 ..\obj\stm32f10x_tim.o
 .text.TIM_ClearFlag
                0x00000000       0x20 ..\obj\stm32f10x_tim.o
 .text.TI1_Config
                0x00000000       0xe0 ..\obj\stm32f10x_tim.o
 .text.TI2_Config
                0x00000000       0xf4 ..\obj\stm32f10x_tim.o
 .text.TI3_Config
                0x00000000       0xec ..\obj\stm32f10x_tim.o
 .text.TI4_Config
                0x00000000       0xf8 ..\obj\stm32f10x_tim.o
 .text          0x00000000        0x0 ..\obj\system_stm32f10x.o
 .data          0x00000000       0x14 ..\obj\system_stm32f10x.o
 .bss           0x00000000        0x0 ..\obj\system_stm32f10x.o
 .text.SystemCoreClockUpdate
                0x00000000       0xd8 ..\obj\system_stm32f10x.o
 .text          0x00000000        0x0 ..\obj\startup_stm32f10x_md.o
 .data          0x00000000        0x0 ..\obj\startup_stm32f10x_md.o
 .bss           0x00000000        0x0 ..\obj\startup_stm32f10x_md.o
 .text          0x00000000        0x0 ..\obj\stm32f10x_gpio.o
 .data          0x00000000        0x0 ..\obj\stm32f10x_gpio.o
 .bss           0x00000000        0x0 ..\obj\stm32f10x_gpio.o
 .text.GPIO_DeInit
                0x00000000       0xe4 ..\obj\stm32f10x_gpio.o
 .text.GPIO_AFIODeInit
                0x00000000       0x18 ..\obj\stm32f10x_gpio.o
 .text.GPIO_StructInit
                0x00000000       0x28 ..\obj\stm32f10x_gpio.o
 .text.GPIO_ReadInputDataBit
                0x00000000       0x34 ..\obj\stm32f10x_gpio.o
 .text.GPIO_ReadInputData
                0x00000000       0x18 ..\obj\stm32f10x_gpio.o
 .text.GPIO_ReadOutputDataBit
                0x00000000       0x34 ..\obj\stm32f10x_gpio.o
 .text.GPIO_ReadOutputData
                0x00000000       0x18 ..\obj\stm32f10x_gpio.o
 .text.GPIO_WriteBit
                0x00000000       0x30 ..\obj\stm32f10x_gpio.o
 .text.GPIO_Write
                0x00000000       0x1c ..\obj\stm32f10x_gpio.o
 .text.GPIO_PinLockConfig
                0x00000000       0x44 ..\obj\stm32f10x_gpio.o
 .text.GPIO_EventOutputConfig
                0x00000000       0x4c ..\obj\stm32f10x_gpio.o
 .text.GPIO_EventOutputCmd
                0x00000000       0x20 ..\obj\stm32f10x_gpio.o
 .text.GPIO_PinRemapConfig
                0x00000000       0xe0 ..\obj\stm32f10x_gpio.o
 .text.GPIO_EXTILineConfig
                0x00000000       0x84 ..\obj\stm32f10x_gpio.o
 .text.GPIO_ETH_MediaInterfaceConfig
                0x00000000       0x1c ..\obj\stm32f10x_gpio.o
 .text          0x00000000        0x0 ..\obj\main.o
 .data          0x00000000        0x0 ..\obj\main.o
 .text          0x00000000        0x0 ..\obj\stm32f10x_rcc.o
 .bss           0x00000000        0x0 ..\obj\stm32f10x_rcc.o
 .text.RCC_WaitForHSEStartUp
                0x00000000       0x50 ..\obj\stm32f10x_rcc.o
 .text.RCC_AdjustHSICalibrationValue
                0x00000000       0x3c ..\obj\stm32f10x_rcc.o
 .text.RCC_HSICmd
                0x00000000       0x20 ..\obj\stm32f10x_rcc.o
 .text.RCC_ITConfig
                0x00000000       0x4c ..\obj\stm32f10x_rcc.o
 .text.RCC_USBCLKConfig
                0x00000000       0x1c ..\obj\stm32f10x_rcc.o
 .text.RCC_LSEConfig
                0x00000000       0x40 ..\obj\stm32f10x_rcc.o
 .text.RCC_LSICmd
                0x00000000       0x20 ..\obj\stm32f10x_rcc.o
 .text.RCC_RTCCLKConfig
                0x00000000       0x24 ..\obj\stm32f10x_rcc.o
 .text.RCC_RTCCLKCmd
                0x00000000       0x20 ..\obj\stm32f10x_rcc.o
 .text.RCC_APB2PeriphResetCmd
                0x00000000       0x3c ..\obj\stm32f10x_rcc.o
 .text.RCC_APB1PeriphResetCmd
                0x00000000       0x3c ..\obj\stm32f10x_rcc.o
 .text.RCC_BackupResetCmd
                0x00000000       0x20 ..\obj\stm32f10x_rcc.o
 .text.RCC_ClockSecuritySystemCmd
                0x00000000       0x20 ..\obj\stm32f10x_rcc.o
 .text.RCC_MCOConfig
                0x00000000       0x20 ..\obj\stm32f10x_rcc.o
 .text.RCC_ClearFlag
                0x00000000       0x1c ..\obj\stm32f10x_rcc.o
 .text.RCC_GetITStatus
                0x00000000       0x34 ..\obj\stm32f10x_rcc.o
 .text.RCC_ClearITPendingBit
                0x00000000       0x20 ..\obj\stm32f10x_rcc.o
 .text          0x00000000        0x0 ..\obj\stm32f10x_usart.o
 .data          0x00000000        0x0 ..\obj\stm32f10x_usart.o
 .bss           0x00000000        0x0 ..\obj\stm32f10x_usart.o
 .text.USART_DeInit
                0x00000000       0xb8 ..\obj\stm32f10x_usart.o
 .text.USART_StructInit
                0x00000000       0x38 ..\obj\stm32f10x_usart.o
 .text.USART_ClockInit
                0x00000000       0x58 ..\obj\stm32f10x_usart.o
 .text.USART_ClockStructInit
                0x00000000       0x2c ..\obj\stm32f10x_usart.o
 .text.USART_SetAddress
                0x00000000       0x38 ..\obj\stm32f10x_usart.o
 .text.USART_WakeUpConfig
                0x00000000       0x38 ..\obj\stm32f10x_usart.o
 .text.USART_ReceiverWakeUpCmd
                0x00000000       0x40 ..\obj\stm32f10x_usart.o
 .text.USART_LINBreakDetectLengthConfig
                0x00000000       0x38 ..\obj\stm32f10x_usart.o
 .text.USART_LINCmd
                0x00000000       0x40 ..\obj\stm32f10x_usart.o
 .text.USART_SendData
                0x00000000       0x24 ..\obj\stm32f10x_usart.o
 .text.USART_SendBreak
                0x00000000       0x24 ..\obj\stm32f10x_usart.o
 .text.USART_SetGuardTime
                0x00000000       0x3c ..\obj\stm32f10x_usart.o
 .text.USART_SetPrescaler
                0x00000000       0x38 ..\obj\stm32f10x_usart.o
 .text.USART_SmartCardCmd
                0x00000000       0x40 ..\obj\stm32f10x_usart.o
 .text.USART_SmartCardNACKCmd
                0x00000000       0x40 ..\obj\stm32f10x_usart.o
 .text.USART_HalfDuplexCmd
                0x00000000       0x40 ..\obj\stm32f10x_usart.o
 .text.USART_OverSampling8Cmd
                0x00000000       0x44 ..\obj\stm32f10x_usart.o
 .text.USART_OneBitMethodCmd
                0x00000000       0x40 ..\obj\stm32f10x_usart.o
 .text.USART_IrDAConfig
                0x00000000       0x38 ..\obj\stm32f10x_usart.o
 .text.USART_IrDACmd
                0x00000000       0x40 ..\obj\stm32f10x_usart.o
 .text.USART_GetFlagStatus
                0x00000000       0x38 ..\obj\stm32f10x_usart.o
 .text.USART_ClearFlag
                0x00000000       0x20 ..\obj\stm32f10x_usart.o
 .text.USART_GetITStatus
                0x00000000       0xb4 ..\obj\stm32f10x_usart.o
 .text.USART_ClearITPendingBit
                0x00000000       0x38 ..\obj\stm32f10x_usart.o
 .text          0x00000000        0x0 ..\obj\tea6420.o
 .data          0x00000000        0x0 ..\obj\tea6420.o
 .bss           0x00000000        0x0 ..\obj\tea6420.o
 .text.tea6420_init
                0x00000000        0xc ..\obj\tea6420.o
 .text          0x00000000        0x0 ..\obj\usart_opts.o
 .data          0x00000000        0x0 ..\obj\usart_opts.o
 .bss           0x00000000        0x0 ..\obj\usart_opts.o
 .text.UARTSend
                0x00000000       0x44 ..\obj\usart_opts.o
 .text          0x00000000        0x0 ..\obj\command_handler.o
 .text          0x00000000        0x0 ..\obj\stm32f10x_dma.o
 .data          0x00000000        0x0 ..\obj\stm32f10x_dma.o
 .bss           0x00000000        0x0 ..\obj\stm32f10x_dma.o
 .text.DMA_DeInit
                0x00000000      0x178 ..\obj\stm32f10x_dma.o
 .text.DMA_StructInit
                0x00000000       0x54 ..\obj\stm32f10x_dma.o
 .text.DMA_SetCurrDataCounter
                0x00000000       0x1c ..\obj\stm32f10x_dma.o
 .text.DMA_GetCurrDataCounter
                0x00000000       0x18 ..\obj\stm32f10x_dma.o
 .text.DMA_GetFlagStatus
                0x00000000       0x50 ..\obj\stm32f10x_dma.o
 .text.DMA_ClearFlag
                0x00000000       0x34 ..\obj\stm32f10x_dma.o
 .text.DMA_GetITStatus
                0x00000000       0x50 ..\obj\stm32f10x_dma.o
 .text          0x00000000        0x0 ..\obj\display_handler.o
 .text.Translit
                0x00000000      0x2c4 ..\obj\display_handler.o
 .text          0x00000000        0x0 ..\obj\misc.o
 .data          0x00000000        0x0 ..\obj\misc.o
 .bss           0x00000000        0x0 ..\obj\misc.o
 .text.NVIC_PriorityGroupConfig
                0x00000000       0x24 ..\obj\misc.o
 .text.NVIC_SetVectorTable
                0x00000000       0x2c ..\obj\misc.o
 .text.NVIC_SystemLPConfig
                0x00000000       0x40 ..\obj\misc.o
 .text.SysTick_CLKSourceConfig
                0x00000000       0x38 ..\obj\misc.o
 .text          0x00000000        0x0 ..\obj\stm32f10x_i2c.o
 .data          0x00000000        0x0 ..\obj\stm32f10x_i2c.o
 .bss           0x00000000        0x0 ..\obj\stm32f10x_i2c.o
 .text.I2C_DeInit
                0x00000000       0x48 ..\obj\stm32f10x_i2c.o
 .text.I2C_StructInit
                0x00000000       0x3c ..\obj\stm32f10x_i2c.o
 .text.I2C_DMACmd
                0x00000000       0x40 ..\obj\stm32f10x_i2c.o
 .text.I2C_DMALastTransferCmd
                0x00000000       0x40 ..\obj\stm32f10x_i2c.o
 .text.I2C_AcknowledgeConfig
                0x00000000       0x40 ..\obj\stm32f10x_i2c.o
 .text.I2C_OwnAddress2Config
                0x00000000       0x44 ..\obj\stm32f10x_i2c.o
 .text.I2C_DualAddressCmd
                0x00000000       0x40 ..\obj\stm32f10x_i2c.o
 .text.I2C_GeneralCallCmd
                0x00000000       0x40 ..\obj\stm32f10x_i2c.o
 .text.I2C_ITConfig
                0x00000000       0x48 ..\obj\stm32f10x_i2c.o
 .text.I2C_ReceiveData
                0x00000000       0x1c ..\obj\stm32f10x_i2c.o
 .text.I2C_ReadRegister
                0x00000000       0x2c ..\obj\stm32f10x_i2c.o
 .text.I2C_SoftwareResetCmd
                0x00000000       0x44 ..\obj\stm32f10x_i2c.o
 .text.I2C_NACKPositionConfig
                0x00000000       0x40 ..\obj\stm32f10x_i2c.o
 .text.I2C_SMBusAlertConfig
                0x00000000       0x40 ..\obj\stm32f10x_i2c.o
 .text.I2C_TransmitPEC
                0x00000000       0x40 ..\obj\stm32f10x_i2c.o
 .text.I2C_PECPositionConfig
                0x00000000       0x40 ..\obj\stm32f10x_i2c.o
 .text.I2C_CalculatePEC
                0x00000000       0x40 ..\obj\stm32f10x_i2c.o
 .text.I2C_GetPEC
                0x00000000       0x20 ..\obj\stm32f10x_i2c.o
 .text.I2C_ARPCmd
                0x00000000       0x40 ..\obj\stm32f10x_i2c.o
 .text.I2C_StretchClockCmd
                0x00000000       0x40 ..\obj\stm32f10x_i2c.o
 .text.I2C_FastModeDutyCycleConfig
                0x00000000       0x40 ..\obj\stm32f10x_i2c.o
 .text.I2C_GetLastEvent
                0x00000000       0x44 ..\obj\stm32f10x_i2c.o
 .text.I2C_GetFlagStatus
                0x00000000       0x64 ..\obj\stm32f10x_i2c.o
 .text.I2C_ClearFlag
                0x00000000       0x2c ..\obj\stm32f10x_i2c.o
 .text.I2C_GetITStatus
                0x00000000       0x58 ..\obj\stm32f10x_i2c.o
 .text.I2C_ClearITPendingBit
                0x00000000       0x2c ..\obj\stm32f10x_i2c.o

Memory Configuration

Name             Origin             Length             Attributes
rom              0x08000000         0x00010000         xr
ram              0x20000000         0x00005000         xrw
*default*        0x00000000         0xffffffff

Linker script and memory map

                0x20005000                _eram = 0x20005000

.text           0x08000000     0x1eb0
 *(.isr_vector)
 .isr_vector    0x08000000      0x10c ..\obj\startup_stm32f10x_md.o
                0x08000000                g_pfnVectors
 *(.text*)
 .text.TIM_TimeBaseInit
                0x0800010c       0xf8 ..\obj\stm32f10x_tim.o
                0x0800010c                TIM_TimeBaseInit
 .text.TIM_TimeBaseStructInit
                0x08000204       0x34 ..\obj\stm32f10x_tim.o
                0x08000204                TIM_TimeBaseStructInit
 .text.TIM_Cmd  0x08000238       0x40 ..\obj\stm32f10x_tim.o
                0x08000238                TIM_Cmd
 .text.TIM_ITConfig
                0x08000278       0x48 ..\obj\stm32f10x_tim.o
                0x08000278                TIM_ITConfig
 .text.TIM_GetITStatus
                0x080002c0       0x54 ..\obj\stm32f10x_tim.o
                0x080002c0                TIM_GetITStatus
 .text.TIM_ClearITPendingBit
                0x08000314       0x20 ..\obj\stm32f10x_tim.o
                0x08000314                TIM_ClearITPendingBit
 .text.SystemInit
                0x08000334       0x68 ..\obj\system_stm32f10x.o
                0x08000334                SystemInit
 .text.SetSysClock
                0x0800039c        0xc ..\obj\system_stm32f10x.o
 .text.SetSysClockTo72
                0x080003a8      0x100 ..\obj\system_stm32f10x.o
 .text.Default_Reset_Handler
                0x080004a8       0x60 ..\obj\startup_stm32f10x_md.o
                0x080004a8                Default_Reset_Handler
                0x080004a8                Reset_Handler
 .text.Default_Handler
                0x08000508        0x8 ..\obj\startup_stm32f10x_md.o
                0x08000508                EXTI2_IRQHandler
                0x08000508                DebugMon_Handler
                0x08000508                TIM1_CC_IRQHandler
                0x08000508                HardFault_Handler
                0x08000508                SysTick_Handler
                0x08000508                PVD_IRQHandler
                0x08000508                PendSV_Handler
                0x08000508                NMI_Handler
                0x08000508                EXTI3_IRQHandler
                0x08000508                EXTI0_IRQHandler
                0x08000508                I2C2_EV_IRQHandler
                0x08000508                UsageFault_Handler
                0x08000508                ADC1_2_IRQHandler
                0x08000508                SPI1_IRQHandler
                0x08000508                TAMPER_IRQHandler
                0x08000508                DMA1_Channel4_IRQHandler
                0x08000508                RTC_IRQHandler
                0x08000508                CAN1_RX1_IRQHandler
                0x08000508                TIM4_IRQHandler
                0x08000508                I2C1_EV_IRQHandler
                0x08000508                DMA1_Channel6_IRQHandler
                0x08000508                RCC_IRQHandler
                0x08000508                TIM1_TRG_COM_IRQHandler
                0x08000508                DMA1_Channel1_IRQHandler
                0x08000508                EXTI15_10_IRQHandler
                0x08000508                EXTI9_5_IRQHandler
                0x08000508                SPI2_IRQHandler
                0x08000508                MemManage_Handler
                0x08000508                SVC_Handler
                0x08000508                DMA1_Channel5_IRQHandler
                0x08000508                EXTI4_IRQHandler
                0x08000508                USB_LP_CAN1_RX0_IRQHandler
                0x08000508                USB_HP_CAN1_TX_IRQHandler
                0x08000508                DMA1_Channel3_IRQHandler
                0x08000508                TIM1_UP_IRQHandler
                0x08000508                WWDG_IRQHandler
                0x08000508                TIM1_BRK_IRQHandler
                0x08000508                EXTI1_IRQHandler
                0x08000508                RTCAlarm_IRQHandler
                0x08000508                I2C2_ER_IRQHandler
                0x08000508                CAN1_SCE_IRQHandler
                0x08000508                FLASH_IRQHandler
                0x08000508                BusFault_Handler
                0x08000508                USART1_IRQHandler
                0x08000508                I2C1_ER_IRQHandler
                0x08000508                USBWakeUp_IRQHandler
 .text.GPIO_Init
                0x08000510      0x178 ..\obj\stm32f10x_gpio.o
                0x08000510                GPIO_Init
 .text.GPIO_SetBits
                0x08000688       0x1c ..\obj\stm32f10x_gpio.o
                0x08000688                GPIO_SetBits
 .text.GPIO_ResetBits
                0x080006a4       0x1c ..\obj\stm32f10x_gpio.o
                0x080006a4                GPIO_ResetBits
 .text.NVIC_EnableIRQ
                0x080006c0       0x30 ..\obj\main.o
 .text.SetupPeriph
                0x080006f0      0x37c ..\obj\main.o
                0x080006f0                SetupPeriph
 .text.InitDisplay
                0x08000a6c       0x6c ..\obj\main.o
                0x08000a6c                InitDisplay
 .text.USART2_IRQHandler
                0x08000ad8       0x78 ..\obj\main.o
                0x08000ad8                USART2_IRQHandler
 .text.USART3_IRQHandler
                0x08000b50       0x5c ..\obj\main.o
                0x08000b50                USART3_IRQHandler
 .text.TIM2_IRQHandler
                0x08000bac       0x4c ..\obj\main.o
                0x08000bac                TIM2_IRQHandler
 .text.TIM3_IRQHandler
                0x08000bf8       0x4c ..\obj\main.o
                0x08000bf8                TIM3_IRQHandler
 .text.DMA1_Channel7_IRQHandler
                0x08000c44       0x1c ..\obj\main.o
                0x08000c44                DMA1_Channel7_IRQHandler
 .text.DMA1_Channel2_IRQHandler
                0x08000c60       0x1c ..\obj\main.o
                0x08000c60                DMA1_Channel2_IRQHandler
 .text.SetupClock
                0x08000c7c       0x70 ..\obj\main.o
                0x08000c7c                SetupClock
 .text.main     0x08000cec       0x14 ..\obj\main.o
                0x08000cec                main
 .text.RCC_DeInit
                0x08000d00       0x5c ..\obj\stm32f10x_rcc.o
                0x08000d00                RCC_DeInit
 .text.RCC_HSEConfig
                0x08000d5c       0x5c ..\obj\stm32f10x_rcc.o
                0x08000d5c                RCC_HSEConfig
 .text.RCC_PLLConfig
                0x08000db8       0x3c ..\obj\stm32f10x_rcc.o
                0x08000db8                RCC_PLLConfig
 .text.RCC_PLLCmd
                0x08000df4       0x20 ..\obj\stm32f10x_rcc.o
                0x08000df4                RCC_PLLCmd
 .text.RCC_SYSCLKConfig
                0x08000e14       0x38 ..\obj\stm32f10x_rcc.o
                0x08000e14                RCC_SYSCLKConfig
 .text.RCC_GetSYSCLKSource
                0x08000e4c       0x1c ..\obj\stm32f10x_rcc.o
                0x08000e4c                RCC_GetSYSCLKSource
 .text.RCC_HCLKConfig
                0x08000e68       0x38 ..\obj\stm32f10x_rcc.o
                0x08000e68                RCC_HCLKConfig
 .text.RCC_PCLK1Config
                0x08000ea0       0x38 ..\obj\stm32f10x_rcc.o
                0x08000ea0                RCC_PCLK1Config
 .text.RCC_PCLK2Config
                0x08000ed8       0x38 ..\obj\stm32f10x_rcc.o
                0x08000ed8                RCC_PCLK2Config
 .text.RCC_ADCCLKConfig
                0x08000f10       0x38 ..\obj\stm32f10x_rcc.o
                0x08000f10                RCC_ADCCLKConfig
 .text.RCC_GetClocksFreq
                0x08000f48      0x160 ..\obj\stm32f10x_rcc.o
                0x08000f48                RCC_GetClocksFreq
 .text.RCC_AHBPeriphClockCmd
                0x080010a8       0x3c ..\obj\stm32f10x_rcc.o
                0x080010a8                RCC_AHBPeriphClockCmd
 .text.RCC_APB2PeriphClockCmd
                0x080010e4       0x3c ..\obj\stm32f10x_rcc.o
                0x080010e4                RCC_APB2PeriphClockCmd
 .text.RCC_APB1PeriphClockCmd
                0x08001120       0x3c ..\obj\stm32f10x_rcc.o
                0x08001120                RCC_APB1PeriphClockCmd
 .text.RCC_GetFlagStatus
                0x0800115c       0x74 ..\obj\stm32f10x_rcc.o
                0x0800115c                RCC_GetFlagStatus
 .text.USART_Init
                0x080011d0      0x174 ..\obj\stm32f10x_usart.o
                0x080011d0                USART_Init
 .text.USART_Cmd
                0x08001344       0x40 ..\obj\stm32f10x_usart.o
                0x08001344                USART_Cmd
 .text.USART_ITConfig
                0x08001384       0x90 ..\obj\stm32f10x_usart.o
                0x08001384                USART_ITConfig
 .text.USART_DMACmd
                0x08001414       0x48 ..\obj\stm32f10x_usart.o
                0x08001414                USART_DMACmd
 .text.USART_ReceiveData
                0x0800145c       0x20 ..\obj\stm32f10x_usart.o
                0x0800145c                USART_ReceiveData
 .text.tea6420_Bluetooth
                0x0800147c       0x94 ..\obj\tea6420.o
                0x0800147c                tea6420_Bluetooth
 .text.tea6420_AUX
                0x08001510       0x94 ..\obj\tea6420.o
                0x08001510                tea6420_AUX
 .text.USART2SendDMA
                0x080015a4       0x24 ..\obj\usart_opts.o
                0x080015a4                USART2SendDMA
 .text.USART3SendDMA
                0x080015c8       0x24 ..\obj\usart_opts.o
                0x080015c8                USART3SendDMA
 .text.CheckChksum
                0x080015ec       0x54 ..\obj\usart_opts.o
                0x080015ec                CheckChksum
 .text.ActivateAUX
                0x08001640       0x28 ..\obj\command_handler.o
                0x08001640                ActivateAUX
 .text.Bluetooth_on
                0x08001668       0x18 ..\obj\command_handler.o
                0x08001668                Bluetooth_on
 .text.Bluetooth_off
                0x08001680       0x18 ..\obj\command_handler.o
                0x08001680                Bluetooth_off
 .text.HandleCommandData
                0x08001698      0x1a8 ..\obj\command_handler.o
                0x08001698                HandleCommandData
 .text.SendCommand
                0x08001840       0x40 ..\obj\command_handler.o
                0x08001840                SendCommand
 .text.DMA_Init
                0x08001880       0x7c ..\obj\stm32f10x_dma.o
                0x08001880                DMA_Init
 .text.DMA_Cmd  0x080018fc       0x38 ..\obj\stm32f10x_dma.o
                0x080018fc                DMA_Cmd
 .text.DMA_ITConfig
                0x08001934       0x3c ..\obj\stm32f10x_dma.o
                0x08001934                DMA_ITConfig
 .text.DMA_ClearITPendingBit
                0x08001970       0x34 ..\obj\stm32f10x_dma.o
                0x08001970                DMA_ClearITPendingBit
 .text.HandleDisplayData
                0x080019a4      0x108 ..\obj\display_handler.o
                0x080019a4                HandleDisplayData
 .text.SendDisplayData
                0x08001aac       0x40 ..\obj\display_handler.o
                0x08001aac                SendDisplayData
 .text.NVIC_Init
                0x08001aec       0xc4 ..\obj\misc.o
                0x08001aec                NVIC_Init
 .text.I2C_Init
                0x08001bb0      0x184 ..\obj\stm32f10x_i2c.o
                0x08001bb0                I2C_Init
 .text.I2C_Cmd  0x08001d34       0x40 ..\obj\stm32f10x_i2c.o
                0x08001d34                I2C_Cmd
 .text.I2C_GenerateSTART
                0x08001d74       0x40 ..\obj\stm32f10x_i2c.o
                0x08001d74                I2C_GenerateSTART
 .text.I2C_GenerateSTOP
                0x08001db4       0x40 ..\obj\stm32f10x_i2c.o
                0x08001db4                I2C_GenerateSTOP
 .text.I2C_SendData
                0x08001df4       0x20 ..\obj\stm32f10x_i2c.o
                0x08001df4                I2C_SendData
 .text.I2C_Send7bitAddress
                0x08001e14       0x3c ..\obj\stm32f10x_i2c.o
                0x08001e14                I2C_Send7bitAddress
 .text.I2C_CheckEvent
                0x08001e50       0x60 ..\obj\stm32f10x_i2c.o
                0x08001e50                I2C_CheckEvent
 *(.init)
 *(.fini)
 *crtbegin.o(.ctors)
 *crtbegin?.o(.ctors)
 *(EXCLUDE_FILE(*crtend.o *crtend?.o) .ctors)
 *(SORT(.ctors.*))
 *(.ctors)
 *crtbegin.o(.dtors)
 *crtbegin?.o(.dtors)
 *(EXCLUDE_FILE(*crtend.o *crtend?.o) .dtors)
 *(SORT(.dtors.*))
 *(.dtors)
 *(.rodata*)
 *(.eh_fram e*)

.glue_7         0x08001eb0        0x0
 .glue_7        0x08001eb0        0x0 linker stubs

.glue_7t        0x08001eb0        0x0
 .glue_7t       0x08001eb0        0x0 linker stubs

.vfp11_veneer   0x08001eb0        0x0
 .vfp11_veneer  0x08001eb0        0x0 linker stubs

.v4_bx          0x08001eb0        0x0
 .v4_bx         0x08001eb0        0x0 linker stubs

.iplt           0x08001eb0        0x0
 .iplt          0x08001eb0        0x0 ..\obj\stm32f10x_tim.o

.rel.dyn        0x08001eb0        0x0
 .rel.iplt      0x08001eb0        0x0 ..\obj\stm32f10x_tim.o

.ARM.extab
 *(.ARM.extab* .gnu.linkonce.armextab.*)
                0x08001eb0                __exidx_start = .

.ARM.exidx
 *(.ARM.exidx* .gnu.linkonce.armexidx.*)
                0x08001eb0                __exidx_end = .
                0x08001eb0                __etext = .
                0x08001eb0                _sidata = __etext

.data           0x20000000       0x38 load address 0x08001eb0
                0x20000000                __data_start__ = .
                0x20000000                _sdata = __data_start__
 *(vtable)
 *(.data*)
 .data          0x20000000       0x14 ..\obj\stm32f10x_rcc.o
 .data          0x20000014        0x7 ..\obj\command_handler.o
                0x20000014                default_command
 *fill*         0x2000001b        0x1 
 .data          0x2000001c       0x1c ..\obj\display_handler.o
                0x2000001c                defaultScreen
                0x20000034                cnt
                0x20000038                . = ALIGN (0x4)
                [!provide]                PROVIDE (__preinit_array_start, .)
 *(.preinit_array)
                [!provide]                PROVIDE (__preinit_array_end, .)
                0x20000038                . = ALIGN (0x4)
                [!provide]                PROVIDE (__init_array_start, .)
 *(SORT(.init_array.*))
 *(.init_array)
                [!provide]                PROVIDE (__init_array_end, .)
                0x20000038                . = ALIGN (0x4)
                [!provide]                PROVIDE (__fini_array_start, .)
 *(SORT(.fini_array.*))
 *(.fini_array)
                [!provide]                PROVIDE (__fini_array_end, .)
 *(.jcr*)
                0x20000038                . = ALIGN (0x4)
                0x20000038                __data_end__ = .
                0x20000038                _edata = __data_end__

.igot.plt       0x20000038        0x0 load address 0x08001ee8
 .igot.plt      0x20000038        0x0 ..\obj\stm32f10x_tim.o

.bss            0x20000038       0x30 load address 0x08001ee8
                0x20000038                . = ALIGN (0x4)
                0x20000038                __bss_start__ = .
                0x20000038                _sbss = __bss_start__
 *(.bss*)
 .bss           0x20000038        0x2 ..\obj\main.o
                0x20000038                d_rcvcplt
                0x20000039                c_rcvcplt
 .bss           0x2000003a        0x2 ..\obj\command_handler.o
                0x2000003a                press_cnt
                0x2000003b                act_aux
 .bss           0x2000003c        0x8 ..\obj\display_handler.o
                0x2000003c                greets_counter
                0x20000040                cnt2
 *(COMMON)
 COMMON         0x20000044        0x4 ..\obj\main.o
                0x20000044                c_idx
                0x20000045                mode
                0x20000046                isAux
                0x20000047                d_idx
 COMMON         0x20000048        0x7 ..\obj\command_handler.o
                0x20000048                commandBuffer
 *fill*         0x2000004f        0x1 
 COMMON         0x20000050       0x17 ..\obj\display_handler.o
                0x20000050                displayBuffer
                0x20000068                . = ALIGN (0x4)
 *fill*         0x20000067        0x1 
                0x20000068                __bss_end__ = .
                0x20000068                _ebss = __bss_end__

.heap           0x20000068        0x0
                0x20000068                __end__ = .
                0x20000068                _end = __end__
                0x20000068                end = __end__
 *(.heap*)
                0x20000068                __HeapLimit = .

.co_stack       0x20000068      0x400 load address 0x08001f18
                0x20000068                . = ALIGN (0x8)
 *(.co_stack .co_stack.*)
 .co_stack      0x20000068      0x400 ..\obj\startup_stm32f10x_md.o
                0x20000068                pulStack
                0x20005000                __StackTop = (ORIGIN (ram) + LENGTH (ram))
                0x20004c00                __StackLimit = (__StackTop - SIZEOF (.co_stack))
                [!provide]                PROVIDE (__stack, __StackTop)
                0x00000001                ASSERT ((__StackLimit >= __HeapLimit), region ram  overflowed with stack)
LOAD ..\obj\stm32f10x_tim.o
LOAD ..\obj\system_stm32f10x.o
LOAD ..\obj\startup_stm32f10x_md.o
LOAD ..\obj\stm32f10x_gpio.o
LOAD ..\obj\main.o
LOAD ..\obj\stm32f10x_rcc.o
LOAD ..\obj\stm32f10x_usart.o
LOAD ..\obj\tea6420.o
LOAD ..\obj\usart_opts.o
LOAD ..\obj\command_handler.o
LOAD ..\obj\stm32f10x_dma.o
LOAD ..\obj\display_handler.o
LOAD ..\obj\misc.o
LOAD ..\obj\stm32f10x_i2c.o
START GROUP
LOAD c:/program files (x86)/gnu tools arm embedded/5.4 2016q3/bin/../lib/gcc/arm-none-eabi/5.4.1/armv7-m\libgcc.a
LOAD c:/program files (x86)/gnu tools arm embedded/5.4 2016q3/bin/../lib/gcc/arm-none-eabi/5.4.1/../../../../arm-none-eabi/lib/armv7-m\libg.a
LOAD c:/program files (x86)/gnu tools arm embedded/5.4 2016q3/bin/../lib/gcc/arm-none-eabi/5.4.1/../../../../arm-none-eabi/lib/armv7-m\libc.a
END GROUP
OUTPUT(test.elf elf32-littlearm)

.debug_info     0x00000000     0x6781
 .debug_info    0x00000000     0x1c60 ..\obj\stm32f10x_tim.o
 .debug_info    0x00001c60      0x49c ..\obj\system_stm32f10x.o
 .debug_info    0x000020fc       0xee ..\obj\startup_stm32f10x_md.o
 .debug_info    0x000021ea      0x6f6 ..\obj\stm32f10x_gpio.o
 .debug_info    0x000028e0      0xcff ..\obj\main.o
 .debug_info    0x000035df      0x8a3 ..\obj\stm32f10x_rcc.o
 .debug_info    0x00003e82      0x9f0 ..\obj\stm32f10x_usart.o
 .debug_info    0x00004872      0x229 ..\obj\tea6420.o
 .debug_info    0x00004a9b      0x356 ..\obj\usart_opts.o
 .debug_info    0x00004df1      0x2ae ..\obj\command_handler.o
 .debug_info    0x0000509f      0x47b ..\obj\stm32f10x_dma.o
 .debug_info    0x0000551a      0x205 ..\obj\display_handler.o
 .debug_info    0x0000571f      0x556 ..\obj\misc.o
 .debug_info    0x00005c75      0xb0c ..\obj\stm32f10x_i2c.o

.debug_abbrev   0x00000000     0x133f
 .debug_abbrev  0x00000000      0x1b2 ..\obj\stm32f10x_tim.o
 .debug_abbrev  0x000001b2      0x14e ..\obj\system_stm32f10x.o
 .debug_abbrev  0x00000300       0xa7 ..\obj\startup_stm32f10x_md.o
 .debug_abbrev  0x000003a7      0x1cc ..\obj\stm32f10x_gpio.o
 .debug_abbrev  0x00000573      0x226 ..\obj\main.o
 .debug_abbrev  0x00000799      0x1bc ..\obj\stm32f10x_rcc.o
 .debug_abbrev  0x00000955      0x164 ..\obj\stm32f10x_usart.o
 .debug_abbrev  0x00000ab9       0xc9 ..\obj\tea6420.o
 .debug_abbrev  0x00000b82      0x15a ..\obj\usart_opts.o
 .debug_abbrev  0x00000cdc      0x149 ..\obj\command_handler.o
 .debug_abbrev  0x00000e25      0x157 ..\obj\stm32f10x_dma.o
 .debug_abbrev  0x00000f7c      0x116 ..\obj\display_handler.o
 .debug_abbrev  0x00001092      0x147 ..\obj\misc.o
 .debug_abbrev  0x000011d9      0x166 ..\obj\stm32f10x_i2c.o

.debug_aranges  0x00000000      0x928
 .debug_aranges
                0x00000000      0x2f0 ..\obj\stm32f10x_tim.o
 .debug_aranges
                0x000002f0       0x38 ..\obj\system_stm32f10x.o
 .debug_aranges
                0x00000328       0x28 ..\obj\startup_stm32f10x_md.o
 .debug_aranges
                0x00000350       0xa8 ..\obj\stm32f10x_gpio.o
 .debug_aranges
                0x000003f8       0x70 ..\obj\main.o
 .debug_aranges
                0x00000468      0x118 ..\obj\stm32f10x_rcc.o
 .debug_aranges
                0x00000580      0x100 ..\obj\stm32f10x_usart.o
 .debug_aranges
                0x00000680       0x30 ..\obj\tea6420.o
 .debug_aranges
                0x000006b0       0x38 ..\obj\usart_opts.o
 .debug_aranges
                0x000006e8       0x40 ..\obj\command_handler.o
 .debug_aranges
                0x00000728       0x70 ..\obj\stm32f10x_dma.o
 .debug_aranges
                0x00000798       0x30 ..\obj\display_handler.o
 .debug_aranges
                0x000007c8       0x40 ..\obj\misc.o
 .debug_aranges
                0x00000808      0x120 ..\obj\stm32f10x_i2c.o

.debug_ranges   0x00000000      0x848
 .debug_ranges  0x00000000      0x2e0 ..\obj\stm32f10x_tim.o
 .debug_ranges  0x000002e0       0x28 ..\obj\system_stm32f10x.o
 .debug_ranges  0x00000308       0x18 ..\obj\startup_stm32f10x_md.o
 .debug_ranges  0x00000320       0x98 ..\obj\stm32f10x_gpio.o
 .debug_ranges  0x000003b8       0x60 ..\obj\main.o
 .debug_ranges  0x00000418      0x108 ..\obj\stm32f10x_rcc.o
 .debug_ranges  0x00000520       0xf0 ..\obj\stm32f10x_usart.o
 .debug_ranges  0x00000610       0x20 ..\obj\tea6420.o
 .debug_ranges  0x00000630       0x28 ..\obj\usart_opts.o
 .debug_ranges  0x00000658       0x30 ..\obj\command_handler.o
 .debug_ranges  0x00000688       0x60 ..\obj\stm32f10x_dma.o
 .debug_ranges  0x000006e8       0x20 ..\obj\display_handler.o
 .debug_ranges  0x00000708       0x30 ..\obj\misc.o
 .debug_ranges  0x00000738      0x110 ..\obj\stm32f10x_i2c.o

.debug_line     0x00000000     0x369c
 .debug_line    0x00000000      0xb98 ..\obj\stm32f10x_tim.o
 .debug_line    0x00000b98      0x246 ..\obj\system_stm32f10x.o
 .debug_line    0x00000dde       0xb3 ..\obj\startup_stm32f10x_md.o
 .debug_line    0x00000e91      0x418 ..\obj\stm32f10x_gpio.o
 .debug_line    0x000012a9      0x443 ..\obj\main.o
 .debug_line    0x000016ec      0x513 ..\obj\stm32f10x_rcc.o
 .debug_line    0x00001bff      0x4fa ..\obj\stm32f10x_usart.o
 .debug_line    0x000020f9      0x24b ..\obj\tea6420.o
 .debug_line    0x00002344      0x252 ..\obj\usart_opts.o
 .debug_line    0x00002596      0x2c4 ..\obj\command_handler.o
 .debug_line    0x0000285a      0x380 ..\obj\stm32f10x_dma.o
 .debug_line    0x00002bda      0x30a ..\obj\display_handler.o
 .debug_line    0x00002ee4      0x28b ..\obj\misc.o
 .debug_line    0x0000316f      0x52d ..\obj\stm32f10x_i2c.o

.debug_str      0x00000000     0x29d4
 .debug_str     0x00000000      0xd33 ..\obj\stm32f10x_tim.o
                                0xdf6 (size before relaxing)
 .debug_str     0x00000d33      0x183 ..\obj\system_stm32f10x.o
                                0x308 (size before relaxing)
 .debug_str     0x00000eb6       0xc1 ..\obj\startup_stm32f10x_md.o
                                0x158 (size before relaxing)
 .debug_str     0x00000f77      0x38f ..\obj\stm32f10x_gpio.o
                                0x532 (size before relaxing)
 .debug_str     0x00001306      0x6f8 ..\obj\main.o
                                0xb35 (size before relaxing)
 .debug_str     0x000019fe      0x3f9 ..\obj\stm32f10x_rcc.o
                                0x633 (size before relaxing)
 .debug_str     0x00001df7      0x3ba ..\obj\stm32f10x_usart.o
                                0x6a9 (size before relaxing)
 .debug_str     0x000021b1       0x6b ..\obj\tea6420.o
                                0x252 (size before relaxing)
 .debug_str     0x0000221c       0x9d ..\obj\usart_opts.o
                                0x2c0 (size before relaxing)
 .debug_str     0x000022b9       0xaf ..\obj\command_handler.o
                                0x26c (size before relaxing)
 .debug_str     0x00002368      0x141 ..\obj\stm32f10x_dma.o
                                0x3d0 (size before relaxing)
 .debug_str     0x000024a9       0x95 ..\obj\display_handler.o
                                0x213 (size before relaxing)
 .debug_str     0x0000253e      0x139 ..\obj\misc.o
                                0x3d7 (size before relaxing)
 .debug_str     0x00002677      0x35d ..\obj\stm32f10x_i2c.o
                                0x67f (size before relaxing)

.comment        0x00000000       0x6e
 .comment       0x00000000       0x6e ..\obj\stm32f10x_tim.o
                                 0x6f (size before relaxing)
 .comment       0x0000006e       0x6f ..\obj\system_stm32f10x.o
 .comment       0x0000006e       0x6f ..\obj\startup_stm32f10x_md.o
 .comment       0x0000006e       0x6f ..\obj\stm32f10x_gpio.o
 .comment       0x0000006e       0x6f ..\obj\main.o
 .comment       0x0000006e       0x6f ..\obj\stm32f10x_rcc.o
 .comment       0x0000006e       0x6f ..\obj\stm32f10x_usart.o
 .comment       0x0000006e       0x6f ..\obj\tea6420.o
 .comment       0x0000006e       0x6f ..\obj\usart_opts.o
 .comment       0x0000006e       0x6f ..\obj\command_handler.o
 .comment       0x0000006e       0x6f ..\obj\stm32f10x_dma.o
 .comment       0x0000006e       0x6f ..\obj\display_handler.o
 .comment       0x0000006e       0x6f ..\obj\misc.o
 .comment       0x0000006e       0x6f ..\obj\stm32f10x_i2c.o

.ARM.attributes
                0x00000000       0x33
 .ARM.attributes
                0x00000000       0x33 ..\obj\stm32f10x_tim.o
 .ARM.attributes
                0x00000033       0x33 ..\obj\system_stm32f10x.o
 .ARM.attributes
                0x00000066       0x33 ..\obj\startup_stm32f10x_md.o
 .ARM.attributes
                0x00000099       0x33 ..\obj\stm32f10x_gpio.o
 .ARM.attributes
                0x000000cc       0x33 ..\obj\main.o
 .ARM.attributes
                0x000000ff       0x33 ..\obj\stm32f10x_rcc.o
 .ARM.attributes
                0x00000132       0x33 ..\obj\stm32f10x_usart.o
 .ARM.attributes
                0x00000165       0x33 ..\obj\tea6420.o
 .ARM.attributes
                0x00000198       0x33 ..\obj\usart_opts.o
 .ARM.attributes
                0x000001cb       0x33 ..\obj\command_handler.o
 .ARM.attributes
                0x000001fe       0x33 ..\obj\stm32f10x_dma.o
 .ARM.attributes
                0x00000231       0x33 ..\obj\display_handler.o
 .ARM.attributes
                0x00000264       0x33 ..\obj\misc.o
 .ARM.attributes
                0x00000297       0x33 ..\obj\stm32f10x_i2c.o

.debug_frame    0x00000000     0x26cc
 .debug_frame   0x00000000      0xe2c ..\obj\stm32f10x_tim.o
 .debug_frame   0x00000e2c       0x98 ..\obj\system_stm32f10x.o
 .debug_frame   0x00000ec4       0x4c ..\obj\startup_stm32f10x_md.o
 .debug_frame   0x00000f10      0x2d0 ..\obj\stm32f10x_gpio.o
 .debug_frame   0x000011e0      0x16c ..\obj\main.o
 .debug_frame   0x0000134c      0x4f4 ..\obj\stm32f10x_rcc.o
 .debug_frame   0x00001840      0x490 ..\obj\stm32f10x_usart.o
 .debug_frame   0x00001cd0       0x68 ..\obj\tea6420.o
 .debug_frame   0x00001d38       0x94 ..\obj\usart_opts.o
 .debug_frame   0x00001dcc       0xb0 ..\obj\command_handler.o
 .debug_frame   0x00001e7c      0x1c8 ..\obj\stm32f10x_dma.o
 .debug_frame   0x00002044       0x80 ..\obj\display_handler.o
 .debug_frame   0x000020c4       0xd8 ..\obj\misc.o
 .debug_frame   0x0000219c      0x530 ..\obj\stm32f10x_i2c.o
