Archive member included to satisfy reference by file (symbol)

c:/program files (x86)/gnu tools arm embedded/7 2018-q2-update/bin/../lib/gcc/arm-none-eabi/7.3.1/../../../../arm-none-eabi/lib/thumb/v7-m\libg.a(lib_a-memcmp.o)
                              ..\obj\display_handler.o (memcmp)
c:/program files (x86)/gnu tools arm embedded/7 2018-q2-update/bin/../lib/gcc/arm-none-eabi/7.3.1/../../../../arm-none-eabi/lib/thumb/v7-m\libg.a(lib_a-memcpy.o)
                              ..\obj\display_handler.o (memcpy)
c:/program files (x86)/gnu tools arm embedded/7 2018-q2-update/bin/../lib/gcc/arm-none-eabi/7.3.1/../../../../arm-none-eabi/lib/thumb/v7-m\libg.a(lib_a-memset.o)
                              ..\obj\parser.o (memset)

Allocating common symbols
Common symbol       size              file

text_flag           0x1               ..\obj\parser.o
offset_step         0x1               ..\obj\display_handler.o
argv                0x78              ..\obj\parser.o
commandBuffer       0x7               ..\obj\command_handler.o
c_idx               0x1               ..\obj\main.o
token_lenght        0x2               ..\obj\parser.o
argc                0x1               ..\obj\parser.o
str_idx             0x2               ..\obj\parser.o
mode                0x1               ..\obj\main.o
display_state       0x1               ..\obj\display_handler.o
displayStringBuffer
                    0xc               ..\obj\display_handler.o
delay               0x1               ..\obj\display_handler.o
displayDataBuffer   0x12c             ..\obj\display_handler.o
isAux               0x1               ..\obj\main.o
buf                 0x12c             ..\obj\parser.o
playbackState       0x1               ..\obj\iwrap.o
offset              0x4               ..\obj\display_handler.o
displayBuffer       0x17              ..\obj\display_handler.o
displayRxBuffer     0x17              ..\obj\display_handler.o
songInfo            0xc               ..\obj\parser.o
d_idx               0x1               ..\obj\main.o

Discarded input sections

 .text          0x00000000        0x0 ..\obj\stm32f10x_tim.o
 .data          0x00000000        0x0 ..\obj\stm32f10x_tim.o
 .bss           0x00000000        0x0 ..\obj\stm32f10x_tim.o
 .text.TIM_DeInit
                0x00000000      0x22c ..\obj\stm32f10x_tim.o
 .text.TIM_OC1Init
                0x00000000      0x118 ..\obj\stm32f10x_tim.o
 .text.TIM_OC2Init
                0x00000000      0x110 ..\obj\stm32f10x_tim.o
 .text.TIM_OC3Init
                0x00000000      0x10c ..\obj\stm32f10x_tim.o
 .text.TIM_OC4Init
                0x00000000       0xd0 ..\obj\stm32f10x_tim.o
 .text.TIM_ICInit
                0x00000000       0xa8 ..\obj\stm32f10x_tim.o
 .text.TIM_PWMIConfig
                0x00000000       0xb8 ..\obj\stm32f10x_tim.o
 .text.TIM_BDTRConfig
                0x00000000       0x4e ..\obj\stm32f10x_tim.o
 .text.TIM_OCStructInit
                0x00000000       0x42 ..\obj\stm32f10x_tim.o
 .text.TIM_ICStructInit
                0x00000000       0x30 ..\obj\stm32f10x_tim.o
 .text.TIM_BDTRStructInit
                0x00000000       0x3c ..\obj\stm32f10x_tim.o
 .text.TIM_CtrlPWMOutputs
                0x00000000       0x4a ..\obj\stm32f10x_tim.o
 .text.TIM_GenerateEvent
                0x00000000       0x1c ..\obj\stm32f10x_tim.o
 .text.TIM_DMAConfig
                0x00000000       0x28 ..\obj\stm32f10x_tim.o
 .text.TIM_DMACmd
                0x00000000       0x46 ..\obj\stm32f10x_tim.o
 .text.TIM_InternalClockConfig
                0x00000000       0x22 ..\obj\stm32f10x_tim.o
 .text.TIM_ITRxExternalClockConfig
                0x00000000       0x2e ..\obj\stm32f10x_tim.o
 .text.TIM_TIxExternalClockConfig
                0x00000000       0x5c ..\obj\stm32f10x_tim.o
 .text.TIM_ETRClockMode1Config
                0x00000000       0x5e ..\obj\stm32f10x_tim.o
 .text.TIM_ETRClockMode2Config
                0x00000000       0x3e ..\obj\stm32f10x_tim.o
 .text.TIM_ETRConfig
                0x00000000       0x52 ..\obj\stm32f10x_tim.o
 .text.TIM_PrescalerConfig
                0x00000000       0x26 ..\obj\stm32f10x_tim.o
 .text.TIM_CounterModeConfig
                0x00000000       0x36 ..\obj\stm32f10x_tim.o
 .text.TIM_SelectInputTrigger
                0x00000000       0x36 ..\obj\stm32f10x_tim.o
 .text.TIM_EncoderInterfaceConfig
                0x00000000       0x96 ..\obj\stm32f10x_tim.o
 .text.TIM_ForcedOC1Config
                0x00000000       0x36 ..\obj\stm32f10x_tim.o
 .text.TIM_ForcedOC2Config
                0x00000000       0x3a ..\obj\stm32f10x_tim.o
 .text.TIM_ForcedOC3Config
                0x00000000       0x36 ..\obj\stm32f10x_tim.o
 .text.TIM_ForcedOC4Config
                0x00000000       0x3a ..\obj\stm32f10x_tim.o
 .text.TIM_ARRPreloadConfig
                0x00000000       0x3e ..\obj\stm32f10x_tim.o
 .text.TIM_SelectCOM
                0x00000000       0x3e ..\obj\stm32f10x_tim.o
 .text.TIM_SelectCCDMA
                0x00000000       0x3e ..\obj\stm32f10x_tim.o
 .text.TIM_CCPreloadControl
                0x00000000       0x3e ..\obj\stm32f10x_tim.o
 .text.TIM_OC1PreloadConfig
                0x00000000       0x36 ..\obj\stm32f10x_tim.o
 .text.TIM_OC2PreloadConfig
                0x00000000       0x3a ..\obj\stm32f10x_tim.o
 .text.TIM_OC3PreloadConfig
                0x00000000       0x36 ..\obj\stm32f10x_tim.o
 .text.TIM_OC4PreloadConfig
                0x00000000       0x3a ..\obj\stm32f10x_tim.o
 .text.TIM_OC1FastConfig
                0x00000000       0x36 ..\obj\stm32f10x_tim.o
 .text.TIM_OC2FastConfig
                0x00000000       0x3a ..\obj\stm32f10x_tim.o
 .text.TIM_OC3FastConfig
                0x00000000       0x36 ..\obj\stm32f10x_tim.o
 .text.TIM_OC4FastConfig
                0x00000000       0x3a ..\obj\stm32f10x_tim.o
 .text.TIM_ClearOC1Ref
                0x00000000       0x36 ..\obj\stm32f10x_tim.o
 .text.TIM_ClearOC2Ref
                0x00000000       0x3a ..\obj\stm32f10x_tim.o
 .text.TIM_ClearOC3Ref
                0x00000000       0x36 ..\obj\stm32f10x_tim.o
 .text.TIM_ClearOC4Ref
                0x00000000       0x3a ..\obj\stm32f10x_tim.o
 .text.TIM_OC1PolarityConfig
                0x00000000       0x36 ..\obj\stm32f10x_tim.o
 .text.TIM_OC1NPolarityConfig
                0x00000000       0x36 ..\obj\stm32f10x_tim.o
 .text.TIM_OC2PolarityConfig
                0x00000000       0x3a ..\obj\stm32f10x_tim.o
 .text.TIM_OC2NPolarityConfig
                0x00000000       0x3a ..\obj\stm32f10x_tim.o
 .text.TIM_OC3PolarityConfig
                0x00000000       0x3a ..\obj\stm32f10x_tim.o
 .text.TIM_OC3NPolarityConfig
                0x00000000       0x3a ..\obj\stm32f10x_tim.o
 .text.TIM_OC4PolarityConfig
                0x00000000       0x3a ..\obj\stm32f10x_tim.o
 .text.TIM_CCxCmd
                0x00000000       0x54 ..\obj\stm32f10x_tim.o
 .text.TIM_CCxNCmd
                0x00000000       0x54 ..\obj\stm32f10x_tim.o
 .text.TIM_SelectOCxM
                0x00000000       0xae ..\obj\stm32f10x_tim.o
 .text.TIM_UpdateDisableConfig
                0x00000000       0x3e ..\obj\stm32f10x_tim.o
 .text.TIM_UpdateRequestConfig
                0x00000000       0x3e ..\obj\stm32f10x_tim.o
 .text.TIM_SelectHallSensor
                0x00000000       0x3e ..\obj\stm32f10x_tim.o
 .text.TIM_SelectOnePulseMode
                0x00000000       0x36 ..\obj\stm32f10x_tim.o
 .text.TIM_SelectOutputTrigger
                0x00000000       0x36 ..\obj\stm32f10x_tim.o
 .text.TIM_SelectSlaveMode
                0x00000000       0x36 ..\obj\stm32f10x_tim.o
 .text.TIM_SelectMasterSlaveMode
                0x00000000       0x36 ..\obj\stm32f10x_tim.o
 .text.TIM_SetCounter
                0x00000000       0x1c ..\obj\stm32f10x_tim.o
 .text.TIM_SetAutoreload
                0x00000000       0x1c ..\obj\stm32f10x_tim.o
 .text.TIM_SetCompare1
                0x00000000       0x1c ..\obj\stm32f10x_tim.o
 .text.TIM_SetCompare2
                0x00000000       0x1c ..\obj\stm32f10x_tim.o
 .text.TIM_SetCompare3
                0x00000000       0x1c ..\obj\stm32f10x_tim.o
 .text.TIM_SetCompare4
                0x00000000       0x1e ..\obj\stm32f10x_tim.o
 .text.TIM_SetIC1Prescaler
                0x00000000       0x36 ..\obj\stm32f10x_tim.o
 .text.TIM_SetIC2Prescaler
                0x00000000       0x3a ..\obj\stm32f10x_tim.o
 .text.TIM_SetIC3Prescaler
                0x00000000       0x36 ..\obj\stm32f10x_tim.o
 .text.TIM_SetIC4Prescaler
                0x00000000       0x3a ..\obj\stm32f10x_tim.o
 .text.TIM_SetClockDivision
                0x00000000       0x36 ..\obj\stm32f10x_tim.o
 .text.TIM_GetCapture1
                0x00000000       0x18 ..\obj\stm32f10x_tim.o
 .text.TIM_GetCapture2
                0x00000000       0x18 ..\obj\stm32f10x_tim.o
 .text.TIM_GetCapture3
                0x00000000       0x18 ..\obj\stm32f10x_tim.o
 .text.TIM_GetCapture4
                0x00000000       0x1a ..\obj\stm32f10x_tim.o
 .text.TIM_GetCounter
                0x00000000       0x18 ..\obj\stm32f10x_tim.o
 .text.TIM_GetPrescaler
                0x00000000       0x18 ..\obj\stm32f10x_tim.o
 .text.TIM_GetFlagStatus
                0x00000000       0x36 ..\obj\stm32f10x_tim.o
 .text.TIM_ClearFlag
                0x00000000       0x20 ..\obj\stm32f10x_tim.o
 .text.TI1_Config
                0x00000000       0xe0 ..\obj\stm32f10x_tim.o
 .text.TI2_Config
                0x00000000       0xf4 ..\obj\stm32f10x_tim.o
 .text.TI3_Config
                0x00000000       0xec ..\obj\stm32f10x_tim.o
 .text.TI4_Config
                0x00000000       0xf8 ..\obj\stm32f10x_tim.o
 .text          0x00000000        0x0 ..\obj\system_stm32f10x.o
 .data          0x00000000       0x14 ..\obj\system_stm32f10x.o
 .bss           0x00000000        0x0 ..\obj\system_stm32f10x.o
 .text.SystemCoreClockUpdate
                0x00000000       0xd8 ..\obj\system_stm32f10x.o
 .text          0x00000000        0x0 ..\obj\startup_stm32f10x_md.o
 .data          0x00000000        0x0 ..\obj\startup_stm32f10x_md.o
 .bss           0x00000000        0x0 ..\obj\startup_stm32f10x_md.o
 .text          0x00000000        0x0 ..\obj\stm32f10x_can.o
 .data          0x00000000        0x0 ..\obj\stm32f10x_can.o
 .bss           0x00000000        0x0 ..\obj\stm32f10x_can.o
 .text.CAN_DeInit
                0x00000000       0x48 ..\obj\stm32f10x_can.o
 .text.CAN_Init
                0x00000000      0x1a0 ..\obj\stm32f10x_can.o
 .text.CAN_FilterInit
                0x00000000      0x184 ..\obj\stm32f10x_can.o
 .text.CAN_StructInit
                0x00000000       0x54 ..\obj\stm32f10x_can.o
 .text.CAN_SlaveStartBank
                0x00000000       0x60 ..\obj\stm32f10x_can.o
 .text.CAN_DBGFreeze
                0x00000000       0x36 ..\obj\stm32f10x_can.o
 .text.CAN_TTComModeCmd
                0x00000000       0x96 ..\obj\stm32f10x_can.o
 .text.CAN_Transmit
                0x00000000      0x1a0 ..\obj\stm32f10x_can.o
 .text.CAN_TransmitStatus
                0x00000000       0xd4 ..\obj\stm32f10x_can.o
 .text.CAN_CancelTransmit
                0x00000000       0x50 ..\obj\stm32f10x_can.o
 .text.CAN_Receive
                0x00000000      0x17a ..\obj\stm32f10x_can.o
 .text.CAN_FIFORelease
                0x00000000       0x36 ..\obj\stm32f10x_can.o
 .text.CAN_MessagePending
                0x00000000       0x48 ..\obj\stm32f10x_can.o
 .text.CAN_OperatingModeRequest
                0x00000000       0xfa ..\obj\stm32f10x_can.o
 .text.CAN_Sleep
                0x00000000       0x38 ..\obj\stm32f10x_can.o
 .text.CAN_WakeUp
                0x00000000       0x54 ..\obj\stm32f10x_can.o
 .text.CAN_GetLastErrorCode
                0x00000000       0x24 ..\obj\stm32f10x_can.o
 .text.CAN_GetReceiveErrorCounter
                0x00000000       0x20 ..\obj\stm32f10x_can.o
 .text.CAN_GetLSBTransmitErrorCounter
                0x00000000       0x20 ..\obj\stm32f10x_can.o
 .text.CAN_ITConfig
                0x00000000       0x3a ..\obj\stm32f10x_can.o
 .text.CAN_GetFlagStatus
                0x00000000       0xcc ..\obj\stm32f10x_can.o
 .text.CAN_ClearFlag
                0x00000000       0x70 ..\obj\stm32f10x_can.o
 .text.CAN_GetITStatus
                0x00000000      0x194 ..\obj\stm32f10x_can.o
 .text.CAN_ClearITPendingBit
                0x00000000       0xdc ..\obj\stm32f10x_can.o
 .text.CheckITStatus
                0x00000000       0x2e ..\obj\stm32f10x_can.o
 .debug_info    0x00000000      0xbaa ..\obj\stm32f10x_can.o
 .debug_abbrev  0x00000000      0x208 ..\obj\stm32f10x_can.o
 .debug_aranges
                0x00000000       0xe0 ..\obj\stm32f10x_can.o
 .debug_ranges  0x00000000       0xd0 ..\obj\stm32f10x_can.o
 .debug_line    0x00000000      0x5de ..\obj\stm32f10x_can.o
 .debug_str     0x00000000      0x797 ..\obj\stm32f10x_can.o
 .comment       0x00000000       0x80 ..\obj\stm32f10x_can.o
 .debug_frame   0x00000000      0x3f4 ..\obj\stm32f10x_can.o
 .ARM.attributes
                0x00000000       0x33 ..\obj\stm32f10x_can.o
 .text          0x00000000        0x0 ..\obj\stm32f10x_gpio.o
 .data          0x00000000        0x0 ..\obj\stm32f10x_gpio.o
 .bss           0x00000000        0x0 ..\obj\stm32f10x_gpio.o
 .text.GPIO_AFIODeInit
                0x00000000       0x18 ..\obj\stm32f10x_gpio.o
 .text.GPIO_StructInit
                0x00000000       0x26 ..\obj\stm32f10x_gpio.o
 .text.GPIO_ReadInputDataBit
                0x00000000       0x32 ..\obj\stm32f10x_gpio.o
 .text.GPIO_ReadInputData
                0x00000000       0x18 ..\obj\stm32f10x_gpio.o
 .text.GPIO_ReadOutputData
                0x00000000       0x18 ..\obj\stm32f10x_gpio.o
 .text.GPIO_WriteBit
                0x00000000       0x2e ..\obj\stm32f10x_gpio.o
 .text.GPIO_Write
                0x00000000       0x1c ..\obj\stm32f10x_gpio.o
 .text.GPIO_PinLockConfig
                0x00000000       0x42 ..\obj\stm32f10x_gpio.o
 .text.GPIO_EventOutputConfig
                0x00000000       0x4c ..\obj\stm32f10x_gpio.o
 .text.GPIO_EventOutputCmd
                0x00000000       0x20 ..\obj\stm32f10x_gpio.o
 .text.GPIO_PinRemapConfig
                0x00000000       0xe0 ..\obj\stm32f10x_gpio.o
 .text.GPIO_EXTILineConfig
                0x00000000       0x80 ..\obj\stm32f10x_gpio.o
 .text.GPIO_ETH_MediaInterfaceConfig
                0x00000000       0x1c ..\obj\stm32f10x_gpio.o
 .text          0x00000000        0x0 ..\obj\main.o
 .data          0x00000000        0x0 ..\obj\main.o
 .text          0x00000000        0x0 ..\obj\iwrap.o
 .data          0x00000000        0x0 ..\obj\iwrap.o
 .bss           0x00000000        0x0 ..\obj\iwrap.o
 .text          0x00000000        0x0 ..\obj\stm32f10x_rcc.o
 .bss           0x00000000        0x0 ..\obj\stm32f10x_rcc.o
 .text.RCC_WaitForHSEStartUp
                0x00000000       0x50 ..\obj\stm32f10x_rcc.o
 .text.RCC_AdjustHSICalibrationValue
                0x00000000       0x3c ..\obj\stm32f10x_rcc.o
 .text.RCC_HSICmd
                0x00000000       0x20 ..\obj\stm32f10x_rcc.o
 .text.RCC_ITConfig
                0x00000000       0x4c ..\obj\stm32f10x_rcc.o
 .text.RCC_USBCLKConfig
                0x00000000       0x1c ..\obj\stm32f10x_rcc.o
 .text.RCC_LSEConfig
                0x00000000       0x40 ..\obj\stm32f10x_rcc.o
 .text.RCC_LSICmd
                0x00000000       0x20 ..\obj\stm32f10x_rcc.o
 .text.RCC_RTCCLKConfig
                0x00000000       0x24 ..\obj\stm32f10x_rcc.o
 .text.RCC_RTCCLKCmd
                0x00000000       0x20 ..\obj\stm32f10x_rcc.o
 .text.RCC_BackupResetCmd
                0x00000000       0x20 ..\obj\stm32f10x_rcc.o
 .text.RCC_ClockSecuritySystemCmd
                0x00000000       0x20 ..\obj\stm32f10x_rcc.o
 .text.RCC_MCOConfig
                0x00000000       0x20 ..\obj\stm32f10x_rcc.o
 .text.RCC_ClearFlag
                0x00000000       0x1c ..\obj\stm32f10x_rcc.o
 .text.RCC_GetITStatus
                0x00000000       0x34 ..\obj\stm32f10x_rcc.o
 .text.RCC_ClearITPendingBit
                0x00000000       0x20 ..\obj\stm32f10x_rcc.o
 .text          0x00000000        0x0 ..\obj\stm32f10x_adc.o
 .data          0x00000000        0x0 ..\obj\stm32f10x_adc.o
 .bss           0x00000000        0x0 ..\obj\stm32f10x_adc.o
 .text.ADC_DeInit
                0x00000000       0x74 ..\obj\stm32f10x_adc.o
 .text.ADC_StructInit
                0x00000000       0x36 ..\obj\stm32f10x_adc.o
 .text.ADC_DMACmd
                0x00000000       0x36 ..\obj\stm32f10x_adc.o
 .text.ADC_ITConfig
                0x00000000       0x44 ..\obj\stm32f10x_adc.o
 .text.ADC_GetSoftwareStartConvStatus
                0x00000000       0x2e ..\obj\stm32f10x_adc.o
 .text.ADC_DiscModeChannelCountConfig
                0x00000000       0x42 ..\obj\stm32f10x_adc.o
 .text.ADC_DiscModeCmd
                0x00000000       0x36 ..\obj\stm32f10x_adc.o
 .text.ADC_ExternalTrigConvCmd
                0x00000000       0x36 ..\obj\stm32f10x_adc.o
 .text.ADC_GetDualModeConversionValue
                0x00000000       0x14 ..\obj\stm32f10x_adc.o
 .text.ADC_AutoInjectedConvCmd
                0x00000000       0x36 ..\obj\stm32f10x_adc.o
 .text.ADC_InjectedDiscModeCmd
                0x00000000       0x36 ..\obj\stm32f10x_adc.o
 .text.ADC_ExternalTrigInjectedConvConfig
                0x00000000       0x34 ..\obj\stm32f10x_adc.o
 .text.ADC_ExternalTrigInjectedConvCmd
                0x00000000       0x36 ..\obj\stm32f10x_adc.o
 .text.ADC_SoftwareStartInjectedConvCmd
                0x00000000       0x36 ..\obj\stm32f10x_adc.o
 .text.ADC_GetSoftwareStartInjectedConvCmdStatus
                0x00000000       0x2e ..\obj\stm32f10x_adc.o
 .text.ADC_InjectedChannelConfig
                0x00000000      0x120 ..\obj\stm32f10x_adc.o
 .text.ADC_InjectedSequencerLengthConfig
                0x00000000       0x42 ..\obj\stm32f10x_adc.o
 .text.ADC_SetInjectedOffset
                0x00000000       0x32 ..\obj\stm32f10x_adc.o
 .text.ADC_GetInjectedConversionValue
                0x00000000       0x2e ..\obj\stm32f10x_adc.o
 .text.ADC_AnalogWatchdogCmd
                0x00000000       0x38 ..\obj\stm32f10x_adc.o
 .text.ADC_AnalogWatchdogThresholdsConfig
                0x00000000       0x26 ..\obj\stm32f10x_adc.o
 .text.ADC_AnalogWatchdogSingleChannelConfig
                0x00000000       0x36 ..\obj\stm32f10x_adc.o
 .text.ADC_TempSensorVrefintCmd
                0x00000000       0x38 ..\obj\stm32f10x_adc.o
 .text.ADC_GetFlagStatus
                0x00000000       0x32 ..\obj\stm32f10x_adc.o
 .text.ADC_ClearFlag
                0x00000000       0x1e ..\obj\stm32f10x_adc.o
 .text.ADC_GetITStatus
                0x00000000       0x54 ..\obj\stm32f10x_adc.o
 .text.ADC_ClearITPendingBit
                0x00000000       0x2a ..\obj\stm32f10x_adc.o
 .text          0x00000000        0x0 ..\obj\stm32f10x_usart.o
 .data          0x00000000        0x0 ..\obj\stm32f10x_usart.o
 .bss           0x00000000        0x0 ..\obj\stm32f10x_usart.o
 .text.USART_StructInit
                0x00000000       0x38 ..\obj\stm32f10x_usart.o
 .text.USART_ClockInit
                0x00000000       0x56 ..\obj\stm32f10x_usart.o
 .text.USART_ClockStructInit
                0x00000000       0x2a ..\obj\stm32f10x_usart.o
 .text.USART_SetAddress
                0x00000000       0x38 ..\obj\stm32f10x_usart.o
 .text.USART_WakeUpConfig
                0x00000000       0x36 ..\obj\stm32f10x_usart.o
 .text.USART_ReceiverWakeUpCmd
                0x00000000       0x3e ..\obj\stm32f10x_usart.o
 .text.USART_LINCmd
                0x00000000       0x3e ..\obj\stm32f10x_usart.o
 .text.USART_SendBreak
                0x00000000       0x22 ..\obj\stm32f10x_usart.o
 .text.USART_SetGuardTime
                0x00000000       0x3a ..\obj\stm32f10x_usart.o
 .text.USART_SetPrescaler
                0x00000000       0x38 ..\obj\stm32f10x_usart.o
 .text.USART_SmartCardCmd
                0x00000000       0x3e ..\obj\stm32f10x_usart.o
 .text.USART_SmartCardNACKCmd
                0x00000000       0x3e ..\obj\stm32f10x_usart.o
 .text.USART_HalfDuplexCmd
                0x00000000       0x3e ..\obj\stm32f10x_usart.o
 .text.USART_OverSampling8Cmd
                0x00000000       0x42 ..\obj\stm32f10x_usart.o
 .text.USART_OneBitMethodCmd
                0x00000000       0x3e ..\obj\stm32f10x_usart.o
 .text.USART_IrDAConfig
                0x00000000       0x36 ..\obj\stm32f10x_usart.o
 .text.USART_IrDACmd
                0x00000000       0x3e ..\obj\stm32f10x_usart.o
 .text.USART_GetITStatus
                0x00000000       0xb4 ..\obj\stm32f10x_usart.o
 .text.USART_ClearITPendingBit
                0x00000000       0x38 ..\obj\stm32f10x_usart.o
 .text          0x00000000        0x0 ..\obj\tea6420.o
 .data          0x00000000        0x0 ..\obj\tea6420.o
 .bss           0x00000000        0x0 ..\obj\tea6420.o
 .text.tea6420_init
                0x00000000        0xc ..\obj\tea6420.o
 .text          0x00000000        0x0 ..\obj\usart_opts.o
 .data          0x00000000        0x0 ..\obj\usart_opts.o
 .bss           0x00000000        0x0 ..\obj\usart_opts.o
 .text.UARTSend
                0x00000000       0x42 ..\obj\usart_opts.o
 .text          0x00000000        0x0 ..\obj\command_handler.o
 .text          0x00000000        0x0 ..\obj\stm32f10x_dma.o
 .data          0x00000000        0x0 ..\obj\stm32f10x_dma.o
 .bss           0x00000000        0x0 ..\obj\stm32f10x_dma.o
 .text.DMA_DeInit
                0x00000000      0x178 ..\obj\stm32f10x_dma.o
 .text.DMA_StructInit
                0x00000000       0x54 ..\obj\stm32f10x_dma.o
 .text.DMA_SetCurrDataCounter
                0x00000000       0x1c ..\obj\stm32f10x_dma.o
 .text.DMA_GetCurrDataCounter
                0x00000000       0x18 ..\obj\stm32f10x_dma.o
 .text.DMA_GetFlagStatus
                0x00000000       0x50 ..\obj\stm32f10x_dma.o
 .text.DMA_ClearFlag
                0x00000000       0x34 ..\obj\stm32f10x_dma.o
 .text.DMA_GetITStatus
                0x00000000       0x50 ..\obj\stm32f10x_dma.o
 .text          0x00000000        0x0 ..\obj\display_handler.o
 .text          0x00000000        0x0 ..\obj\misc.o
 .data          0x00000000        0x0 ..\obj\misc.o
 .bss           0x00000000        0x0 ..\obj\misc.o
 .text.NVIC_PriorityGroupConfig
                0x00000000       0x24 ..\obj\misc.o
 .text.NVIC_SetVectorTable
                0x00000000       0x2c ..\obj\misc.o
 .text.NVIC_SystemLPConfig
                0x00000000       0x40 ..\obj\misc.o
 .text.SysTick_CLKSourceConfig
                0x00000000       0x38 ..\obj\misc.o
 .text          0x00000000        0x0 ..\obj\parser.o
 .data          0x00000000        0x0 ..\obj\parser.o
 .text          0x00000000        0x0 ..\obj\stm32f10x_i2c.o
 .data          0x00000000        0x0 ..\obj\stm32f10x_i2c.o
 .bss           0x00000000        0x0 ..\obj\stm32f10x_i2c.o
 .text.I2C_DeInit
                0x00000000       0x48 ..\obj\stm32f10x_i2c.o
 .text.I2C_StructInit
                0x00000000       0x3c ..\obj\stm32f10x_i2c.o
 .text.I2C_DMACmd
                0x00000000       0x3e ..\obj\stm32f10x_i2c.o
 .text.I2C_DMALastTransferCmd
                0x00000000       0x3e ..\obj\stm32f10x_i2c.o
 .text.I2C_AcknowledgeConfig
                0x00000000       0x3e ..\obj\stm32f10x_i2c.o
 .text.I2C_OwnAddress2Config
                0x00000000       0x42 ..\obj\stm32f10x_i2c.o
 .text.I2C_DualAddressCmd
                0x00000000       0x3e ..\obj\stm32f10x_i2c.o
 .text.I2C_GeneralCallCmd
                0x00000000       0x3e ..\obj\stm32f10x_i2c.o
 .text.I2C_ITConfig
                0x00000000       0x46 ..\obj\stm32f10x_i2c.o
 .text.I2C_ReceiveData
                0x00000000       0x1a ..\obj\stm32f10x_i2c.o
 .text.I2C_ReadRegister
                0x00000000       0x2c ..\obj\stm32f10x_i2c.o
 .text.I2C_SoftwareResetCmd
                0x00000000       0x42 ..\obj\stm32f10x_i2c.o
 .text.I2C_NACKPositionConfig
                0x00000000       0x40 ..\obj\stm32f10x_i2c.o
 .text.I2C_SMBusAlertConfig
                0x00000000       0x40 ..\obj\stm32f10x_i2c.o
 .text.I2C_TransmitPEC
                0x00000000       0x3e ..\obj\stm32f10x_i2c.o
 .text.I2C_PECPositionConfig
                0x00000000       0x40 ..\obj\stm32f10x_i2c.o
 .text.I2C_CalculatePEC
                0x00000000       0x3e ..\obj\stm32f10x_i2c.o
 .text.I2C_GetPEC
                0x00000000       0x1e ..\obj\stm32f10x_i2c.o
 .text.I2C_ARPCmd
                0x00000000       0x3e ..\obj\stm32f10x_i2c.o
 .text.I2C_StretchClockCmd
                0x00000000       0x3e ..\obj\stm32f10x_i2c.o
 .text.I2C_FastModeDutyCycleConfig
                0x00000000       0x40 ..\obj\stm32f10x_i2c.o
 .text.I2C_GetLastEvent
                0x00000000       0x42 ..\obj\stm32f10x_i2c.o
 .text.I2C_GetFlagStatus
                0x00000000       0x64 ..\obj\stm32f10x_i2c.o
 .text.I2C_ClearFlag
                0x00000000       0x2c ..\obj\stm32f10x_i2c.o
 .text.I2C_GetITStatus
                0x00000000       0x58 ..\obj\stm32f10x_i2c.o
 .text.I2C_ClearITPendingBit
                0x00000000       0x2c ..\obj\stm32f10x_i2c.o
 .text          0x00000000        0x0 c:/program files (x86)/gnu tools arm embedded/7 2018-q2-update/bin/../lib/gcc/arm-none-eabi/7.3.1/../../../../arm-none-eabi/lib/thumb/v7-m\libg.a(lib_a-memcmp.o)
 .data          0x00000000        0x0 c:/program files (x86)/gnu tools arm embedded/7 2018-q2-update/bin/../lib/gcc/arm-none-eabi/7.3.1/../../../../arm-none-eabi/lib/thumb/v7-m\libg.a(lib_a-memcmp.o)
 .bss           0x00000000        0x0 c:/program files (x86)/gnu tools arm embedded/7 2018-q2-update/bin/../lib/gcc/arm-none-eabi/7.3.1/../../../../arm-none-eabi/lib/thumb/v7-m\libg.a(lib_a-memcmp.o)
 .data          0x00000000        0x0 c:/program files (x86)/gnu tools arm embedded/7 2018-q2-update/bin/../lib/gcc/arm-none-eabi/7.3.1/../../../../arm-none-eabi/lib/thumb/v7-m\libg.a(lib_a-memcpy.o)
 .bss           0x00000000        0x0 c:/program files (x86)/gnu tools arm embedded/7 2018-q2-update/bin/../lib/gcc/arm-none-eabi/7.3.1/../../../../arm-none-eabi/lib/thumb/v7-m\libg.a(lib_a-memcpy.o)
 .text          0x00000000        0x0 c:/program files (x86)/gnu tools arm embedded/7 2018-q2-update/bin/../lib/gcc/arm-none-eabi/7.3.1/../../../../arm-none-eabi/lib/thumb/v7-m\libg.a(lib_a-memset.o)
 .data          0x00000000        0x0 c:/program files (x86)/gnu tools arm embedded/7 2018-q2-update/bin/../lib/gcc/arm-none-eabi/7.3.1/../../../../arm-none-eabi/lib/thumb/v7-m\libg.a(lib_a-memset.o)
 .bss           0x00000000        0x0 c:/program files (x86)/gnu tools arm embedded/7 2018-q2-update/bin/../lib/gcc/arm-none-eabi/7.3.1/../../../../arm-none-eabi/lib/thumb/v7-m\libg.a(lib_a-memset.o)

Memory Configuration

Name             Origin             Length             Attributes
rom              0x08000000         0x00010000         xr
ram              0x20000000         0x00005000         xrw
*default*        0x00000000         0xffffffff

Linker script and memory map

                0x20005000                _eram = 0x20005000

.text           0x08000000     0x3bde
 *(.isr_vector)
 .isr_vector    0x08000000      0x10c ..\obj\startup_stm32f10x_md.o
                0x08000000                g_pfnVectors
 *(.text*)
 .text.TIM_TimeBaseInit
                0x0800010c       0xf8 ..\obj\stm32f10x_tim.o
                0x0800010c                TIM_TimeBaseInit
 .text.TIM_TimeBaseStructInit
                0x08000204       0x32 ..\obj\stm32f10x_tim.o
                0x08000204                TIM_TimeBaseStructInit
 .text.TIM_Cmd  0x08000236       0x3e ..\obj\stm32f10x_tim.o
                0x08000236                TIM_Cmd
 .text.TIM_ITConfig
                0x08000274       0x46 ..\obj\stm32f10x_tim.o
                0x08000274                TIM_ITConfig
 .text.TIM_GetITStatus
                0x080002ba       0x52 ..\obj\stm32f10x_tim.o
                0x080002ba                TIM_GetITStatus
 .text.TIM_ClearITPendingBit
                0x0800030c       0x20 ..\obj\stm32f10x_tim.o
                0x0800030c                TIM_ClearITPendingBit
 .text.SystemInit
                0x0800032c       0x68 ..\obj\system_stm32f10x.o
                0x0800032c                SystemInit
 .text.SetSysClock
                0x08000394        0xc ..\obj\system_stm32f10x.o
 .text.SetSysClockTo72
                0x080003a0      0x100 ..\obj\system_stm32f10x.o
 .text.Default_Reset_Handler
                0x080004a0       0x60 ..\obj\startup_stm32f10x_md.o
                0x080004a0                Default_Reset_Handler
                0x080004a0                Reset_Handler
 .text.Default_Handler
                0x08000500        0x6 ..\obj\startup_stm32f10x_md.o
                0x08000500                EXTI2_IRQHandler
                0x08000500                DebugMon_Handler
                0x08000500                TIM1_CC_IRQHandler
                0x08000500                HardFault_Handler
                0x08000500                SysTick_Handler
                0x08000500                PVD_IRQHandler
                0x08000500                PendSV_Handler
                0x08000500                NMI_Handler
                0x08000500                EXTI3_IRQHandler
                0x08000500                EXTI0_IRQHandler
                0x08000500                I2C2_EV_IRQHandler
                0x08000500                UsageFault_Handler
                0x08000500                ADC1_2_IRQHandler
                0x08000500                SPI1_IRQHandler
                0x08000500                TAMPER_IRQHandler
                0x08000500                DMA1_Channel4_IRQHandler
                0x08000500                RTC_IRQHandler
                0x08000500                CAN1_RX1_IRQHandler
                0x08000500                TIM4_IRQHandler
                0x08000500                I2C1_EV_IRQHandler
                0x08000500                DMA1_Channel6_IRQHandler
                0x08000500                RCC_IRQHandler
                0x08000500                TIM1_TRG_COM_IRQHandler
                0x08000500                DMA1_Channel1_IRQHandler
                0x08000500                EXTI15_10_IRQHandler
                0x08000500                EXTI9_5_IRQHandler
                0x08000500                SPI2_IRQHandler
                0x08000500                MemManage_Handler
                0x08000500                SVC_Handler
                0x08000500                DMA1_Channel5_IRQHandler
                0x08000500                EXTI4_IRQHandler
                0x08000500                USB_LP_CAN1_RX0_IRQHandler
                0x08000500                USB_HP_CAN1_TX_IRQHandler
                0x08000500                DMA1_Channel3_IRQHandler
                0x08000500                TIM1_UP_IRQHandler
                0x08000500                WWDG_IRQHandler
                0x08000500                TIM1_BRK_IRQHandler
                0x08000500                EXTI1_IRQHandler
                0x08000500                RTCAlarm_IRQHandler
                0x08000500                I2C2_ER_IRQHandler
                0x08000500                CAN1_SCE_IRQHandler
                0x08000500                FLASH_IRQHandler
                0x08000500                BusFault_Handler
                0x08000500                I2C1_ER_IRQHandler
                0x08000500                USBWakeUp_IRQHandler
 *fill*         0x08000506        0x2 
 .text.GPIO_DeInit
                0x08000508       0xe4 ..\obj\stm32f10x_gpio.o
                0x08000508                GPIO_DeInit
 .text.GPIO_Init
                0x080005ec      0x178 ..\obj\stm32f10x_gpio.o
                0x080005ec                GPIO_Init
 .text.GPIO_ReadOutputDataBit
                0x08000764       0x32 ..\obj\stm32f10x_gpio.o
                0x08000764                GPIO_ReadOutputDataBit
 .text.GPIO_SetBits
                0x08000796       0x1c ..\obj\stm32f10x_gpio.o
                0x08000796                GPIO_SetBits
 .text.GPIO_ResetBits
                0x080007b2       0x1c ..\obj\stm32f10x_gpio.o
                0x080007b2                GPIO_ResetBits
 *fill*         0x080007ce        0x2 
 .text.NVIC_EnableIRQ
                0x080007d0       0x30 ..\obj\main.o
 .text.SetupPeriph
                0x08000800      0x4dc ..\obj\main.o
                0x08000800                SetupPeriph
 .text.InitDisplay
                0x08000cdc       0x90 ..\obj\main.o
                0x08000cdc                InitDisplay
 .text.USART1_IRQHandler
                0x08000d6c       0x3c ..\obj\main.o
                0x08000d6c                USART1_IRQHandler
 .text.USART2_IRQHandler
                0x08000da8       0x84 ..\obj\main.o
                0x08000da8                USART2_IRQHandler
 .text.USART3_IRQHandler
                0x08000e2c       0x5c ..\obj\main.o
                0x08000e2c                USART3_IRQHandler
 .text.TIM2_IRQHandler
                0x08000e88       0x4c ..\obj\main.o
                0x08000e88                TIM2_IRQHandler
 .text.TIM3_IRQHandler
                0x08000ed4       0x4c ..\obj\main.o
                0x08000ed4                TIM3_IRQHandler
 .text.DMA1_Channel7_IRQHandler
                0x08000f20       0x1c ..\obj\main.o
                0x08000f20                DMA1_Channel7_IRQHandler
 .text.DMA1_Channel2_IRQHandler
                0x08000f3c       0x1c ..\obj\main.o
                0x08000f3c                DMA1_Channel2_IRQHandler
 .text.SetupClock
                0x08000f58       0x70 ..\obj\main.o
                0x08000f58                SetupClock
 .text.main     0x08000fc8       0x12 ..\obj\main.o
                0x08000fc8                main
 *fill*         0x08000fda        0x2 
 .text.bt_Play  0x08000fdc       0x14 ..\obj\iwrap.o
                0x08000fdc                bt_Play
 .text.bt_Pause
                0x08000ff0       0x14 ..\obj\iwrap.o
                0x08000ff0                bt_Pause
 .text.bt_Next  0x08001004       0x14 ..\obj\iwrap.o
                0x08001004                bt_Next
 .text.bt_Prev  0x08001018       0x14 ..\obj\iwrap.o
                0x08001018                bt_Prev
 .text.bt_TrackChangedEventSubscribe
                0x0800102c       0x14 ..\obj\iwrap.o
                0x0800102c                bt_TrackChangedEventSubscribe
 .text.bt_PlaybackStatusEventSubscribe
                0x08001040       0x14 ..\obj\iwrap.o
                0x08001040                bt_PlaybackStatusEventSubscribe
 .text.bt_GetAVRCP_metadata
                0x08001054       0x14 ..\obj\iwrap.o
                0x08001054                bt_GetAVRCP_metadata
 .text.RCC_DeInit
                0x08001068       0x5c ..\obj\stm32f10x_rcc.o
                0x08001068                RCC_DeInit
 .text.RCC_HSEConfig
                0x080010c4       0x5c ..\obj\stm32f10x_rcc.o
                0x080010c4                RCC_HSEConfig
 .text.RCC_PLLConfig
                0x08001120       0x3c ..\obj\stm32f10x_rcc.o
                0x08001120                RCC_PLLConfig
 .text.RCC_PLLCmd
                0x0800115c       0x20 ..\obj\stm32f10x_rcc.o
                0x0800115c                RCC_PLLCmd
 .text.RCC_SYSCLKConfig
                0x0800117c       0x38 ..\obj\stm32f10x_rcc.o
                0x0800117c                RCC_SYSCLKConfig
 .text.RCC_GetSYSCLKSource
                0x080011b4       0x1c ..\obj\stm32f10x_rcc.o
                0x080011b4                RCC_GetSYSCLKSource
 .text.RCC_HCLKConfig
                0x080011d0       0x38 ..\obj\stm32f10x_rcc.o
                0x080011d0                RCC_HCLKConfig
 .text.RCC_PCLK1Config
                0x08001208       0x38 ..\obj\stm32f10x_rcc.o
                0x08001208                RCC_PCLK1Config
 .text.RCC_PCLK2Config
                0x08001240       0x38 ..\obj\stm32f10x_rcc.o
                0x08001240                RCC_PCLK2Config
 .text.RCC_ADCCLKConfig
                0x08001278       0x38 ..\obj\stm32f10x_rcc.o
                0x08001278                RCC_ADCCLKConfig
 .text.RCC_GetClocksFreq
                0x080012b0      0x160 ..\obj\stm32f10x_rcc.o
                0x080012b0                RCC_GetClocksFreq
 .text.RCC_AHBPeriphClockCmd
                0x08001410       0x3c ..\obj\stm32f10x_rcc.o
                0x08001410                RCC_AHBPeriphClockCmd
 .text.RCC_APB2PeriphClockCmd
                0x0800144c       0x3c ..\obj\stm32f10x_rcc.o
                0x0800144c                RCC_APB2PeriphClockCmd
 .text.RCC_APB1PeriphClockCmd
                0x08001488       0x3c ..\obj\stm32f10x_rcc.o
                0x08001488                RCC_APB1PeriphClockCmd
 .text.RCC_APB2PeriphResetCmd
                0x080014c4       0x3c ..\obj\stm32f10x_rcc.o
                0x080014c4                RCC_APB2PeriphResetCmd
 .text.RCC_APB1PeriphResetCmd
                0x08001500       0x3c ..\obj\stm32f10x_rcc.o
                0x08001500                RCC_APB1PeriphResetCmd
 .text.RCC_GetFlagStatus
                0x0800153c       0x74 ..\obj\stm32f10x_rcc.o
                0x0800153c                RCC_GetFlagStatus
 .text.ADC_Init
                0x080015b0       0xa4 ..\obj\stm32f10x_adc.o
                0x080015b0                ADC_Init
 .text.ADC_Cmd  0x08001654       0x36 ..\obj\stm32f10x_adc.o
                0x08001654                ADC_Cmd
 .text.ADC_ResetCalibration
                0x0800168a       0x1e ..\obj\stm32f10x_adc.o
                0x0800168a                ADC_ResetCalibration
 .text.ADC_GetResetCalibrationStatus
                0x080016a8       0x2e ..\obj\stm32f10x_adc.o
                0x080016a8                ADC_GetResetCalibrationStatus
 .text.ADC_StartCalibration
                0x080016d6       0x1e ..\obj\stm32f10x_adc.o
                0x080016d6                ADC_StartCalibration
 .text.ADC_GetCalibrationStatus
                0x080016f4       0x2e ..\obj\stm32f10x_adc.o
                0x080016f4                ADC_GetCalibrationStatus
 .text.ADC_SoftwareStartConvCmd
                0x08001722       0x36 ..\obj\stm32f10x_adc.o
                0x08001722                ADC_SoftwareStartConvCmd
 .text.ADC_RegularChannelConfig
                0x08001758      0x192 ..\obj\stm32f10x_adc.o
                0x08001758                ADC_RegularChannelConfig
 .text.ADC_GetConversionValue
                0x080018ea       0x18 ..\obj\stm32f10x_adc.o
                0x080018ea                ADC_GetConversionValue
 *fill*         0x08001902        0x2 
 .text.USART_DeInit
                0x08001904       0xb8 ..\obj\stm32f10x_usart.o
                0x08001904                USART_DeInit
 .text.USART_Init
                0x080019bc      0x174 ..\obj\stm32f10x_usart.o
                0x080019bc                USART_Init
 .text.USART_Cmd
                0x08001b30       0x3e ..\obj\stm32f10x_usart.o
                0x08001b30                USART_Cmd
 .text.USART_ITConfig
                0x08001b6e       0x8e ..\obj\stm32f10x_usart.o
                0x08001b6e                USART_ITConfig
 .text.USART_DMACmd
                0x08001bfc       0x46 ..\obj\stm32f10x_usart.o
                0x08001bfc                USART_DMACmd
 .text.USART_LINBreakDetectLengthConfig
                0x08001c42       0x36 ..\obj\stm32f10x_usart.o
                0x08001c42                USART_LINBreakDetectLengthConfig
 .text.USART_SendData
                0x08001c78       0x22 ..\obj\stm32f10x_usart.o
                0x08001c78                USART_SendData
 .text.USART_ReceiveData
                0x08001c9a       0x1e ..\obj\stm32f10x_usart.o
                0x08001c9a                USART_ReceiveData
 .text.USART_GetFlagStatus
                0x08001cb8       0x36 ..\obj\stm32f10x_usart.o
                0x08001cb8                USART_GetFlagStatus
 .text.USART_ClearFlag
                0x08001cee       0x20 ..\obj\stm32f10x_usart.o
                0x08001cee                USART_ClearFlag
 *fill*         0x08001d0e        0x2 
 .text.tea6420_Bluetooth
                0x08001d10       0x94 ..\obj\tea6420.o
                0x08001d10                tea6420_Bluetooth
 .text.tea6420_AUX
                0x08001da4       0x94 ..\obj\tea6420.o
                0x08001da4                tea6420_AUX
 .text.USART1Send
                0x08001e38       0x40 ..\obj\usart_opts.o
                0x08001e38                USART1Send
 .text.USART2SendDMA
                0x08001e78       0x24 ..\obj\usart_opts.o
                0x08001e78                USART2SendDMA
 .text.USART3SendDMA
                0x08001e9c       0x24 ..\obj\usart_opts.o
                0x08001e9c                USART3SendDMA
 .text.CheckChksum
                0x08001ec0       0x54 ..\obj\usart_opts.o
                0x08001ec0                CheckChksum
 .text.ActivateAUX
                0x08001f14       0x24 ..\obj\command_handler.o
                0x08001f14                ActivateAUX
 .text.Bluetooth_on
                0x08001f38       0x28 ..\obj\command_handler.o
                0x08001f38                Bluetooth_on
 .text.Bluetooth_off
                0x08001f60       0x2c ..\obj\command_handler.o
                0x08001f60                Bluetooth_off
 .text.SendCommand
                0x08001f8c       0x40 ..\obj\command_handler.o
                0x08001f8c                SendCommand
 .text.HandleCommandData
                0x08001fcc      0x3dc ..\obj\command_handler.o
                0x08001fcc                HandleCommandData
 .text.DMA_Init
                0x080023a8       0x7c ..\obj\stm32f10x_dma.o
                0x080023a8                DMA_Init
 .text.DMA_Cmd  0x08002424       0x38 ..\obj\stm32f10x_dma.o
                0x08002424                DMA_Cmd
 .text.DMA_ITConfig
                0x0800245c       0x3a ..\obj\stm32f10x_dma.o
                0x0800245c                DMA_ITConfig
 *fill*         0x08002496        0x2 
 .text.DMA_ClearITPendingBit
                0x08002498       0x34 ..\obj\stm32f10x_dma.o
                0x08002498                DMA_ClearITPendingBit
 .text.GetMode  0x080024cc       0xb4 ..\obj\display_handler.o
                0x080024cc                GetMode
 .text.resetDisplayState
                0x08002580       0x2c ..\obj\display_handler.o
                0x08002580                resetDisplayState
 .text.ClearDisplayString
                0x080025ac       0x20 ..\obj\display_handler.o
                0x080025ac                ClearDisplayString
 .text.HandleDisplayData
                0x080025cc      0x298 ..\obj\display_handler.o
                0x080025cc                HandleDisplayData
 .text.SendDisplayData
                0x08002864       0x40 ..\obj\display_handler.o
                0x08002864                SendDisplayData
 .text.NVIC_Init
                0x080028a4       0xc4 ..\obj\misc.o
                0x080028a4                NVIC_Init
 .text._atoi    0x08002968       0x4e ..\obj\parser.o
                0x08002968                _atoi
 *fill*         0x080029b6        0x2 
 .text.findIndexOfToken
                0x080029b8       0x50 ..\obj\parser.o
                0x080029b8                findIndexOfToken
 .text.getSongInfo
                0x08002a08      0x104 ..\obj\parser.o
                0x08002a08                getSongInfo
 .text.HandleParseData
                0x08002b0c      0x3c8 ..\obj\parser.o
                0x08002b0c                HandleParseData
 .text.Parse_init
                0x08002ed4       0x58 ..\obj\parser.o
                0x08002ed4                Parse_init
 .text.Parse    0x08002f2c      0x16c ..\obj\parser.o
                0x08002f2c                Parse
 .text.isStrEqual
                0x08003098       0x6a ..\obj\parser.o
                0x08003098                isStrEqual
 .text.unicodeToChar
                0x08003102      0x49c ..\obj\parser.o
                0x08003102                unicodeToChar
 *fill*         0x0800359e        0x2 
 .text.I2C_Init
                0x080035a0      0x184 ..\obj\stm32f10x_i2c.o
                0x080035a0                I2C_Init
 .text.I2C_Cmd  0x08003724       0x3e ..\obj\stm32f10x_i2c.o
                0x08003724                I2C_Cmd
 .text.I2C_GenerateSTART
                0x08003762       0x3e ..\obj\stm32f10x_i2c.o
                0x08003762                I2C_GenerateSTART
 .text.I2C_GenerateSTOP
                0x080037a0       0x3e ..\obj\stm32f10x_i2c.o
                0x080037a0                I2C_GenerateSTOP
 .text.I2C_SendData
                0x080037de       0x1e ..\obj\stm32f10x_i2c.o
                0x080037de                I2C_SendData
 .text.I2C_Send7bitAddress
                0x080037fc       0x3a ..\obj\stm32f10x_i2c.o
                0x080037fc                I2C_Send7bitAddress
 .text.I2C_CheckEvent
                0x08003836       0x5e ..\obj\stm32f10x_i2c.o
                0x08003836                I2C_CheckEvent
 .text.memcmp   0x08003894       0x64 c:/program files (x86)/gnu tools arm embedded/7 2018-q2-update/bin/../lib/gcc/arm-none-eabi/7.3.1/../../../../arm-none-eabi/lib/thumb/v7-m\libg.a(lib_a-memcmp.o)
                0x08003894                memcmp
 .text          0x080038f8       0xec c:/program files (x86)/gnu tools arm embedded/7 2018-q2-update/bin/../lib/gcc/arm-none-eabi/7.3.1/../../../../arm-none-eabi/lib/thumb/v7-m\libg.a(lib_a-memcpy.o)
                0x080038f8                memcpy
 .text.memset   0x080039e4       0x94 c:/program files (x86)/gnu tools arm embedded/7 2018-q2-update/bin/../lib/gcc/arm-none-eabi/7.3.1/../../../../arm-none-eabi/lib/thumb/v7-m\libg.a(lib_a-memset.o)
                0x080039e4                memset
 *(.init)
 *(.fini)
 *crtbegin.o(.ctors)
 *crtbegin?.o(.ctors)
 *(EXCLUDE_FILE(*crtend.o *crtend?.o) .ctors)
 *(SORT_BY_NAME(.ctors.*))
 *(.ctors)
 *crtbegin.o(.dtors)
 *crtbegin?.o(.dtors)
 *(EXCLUDE_FILE(*crtend.o *crtend?.o) .dtors)
 *(SORT_BY_NAME(.dtors.*))
 *(.dtors)
 *(.rodata*)
 .rodata        0x08003a78       0x86 ..\obj\iwrap.o
 *fill*         0x08003afe        0x2 
 .rodata        0x08003b00       0x1c ..\obj\display_handler.o
 .rodata        0x08003b1c       0xc2 ..\obj\parser.o
 *(.eh_fram e*)

.glue_7         0x08003be0        0x0
 .glue_7        0x08003be0        0x0 linker stubs

.glue_7t        0x08003be0        0x0
 .glue_7t       0x08003be0        0x0 linker stubs

.vfp11_veneer   0x08003be0        0x0
 .vfp11_veneer  0x08003be0        0x0 linker stubs

.v4_bx          0x08003be0        0x0
 .v4_bx         0x08003be0        0x0 linker stubs

.iplt           0x08003be0        0x0
 .iplt          0x08003be0        0x0 ..\obj\stm32f10x_tim.o

.rel.dyn        0x08003be0        0x0
 .rel.iplt      0x08003be0        0x0 ..\obj\stm32f10x_tim.o

.ARM.extab
 *(.ARM.extab* .gnu.linkonce.armextab.*)
                0x08003be0                __exidx_start = .

.ARM.exidx
 *(.ARM.exidx* .gnu.linkonce.armexidx.*)
                0x08003be0                __exidx_end = .
                0x08003be0                __etext = .
                0x08003bde                _sidata = __etext

.data           0x20000000       0x3c load address 0x08003bde
                0x20000000                __data_start__ = .
                0x20000000                _sdata = __data_start__
 *(vtable)
 *(.data*)
 .data          0x20000000       0x14 ..\obj\stm32f10x_rcc.o
 .data          0x20000014        0xc ..\obj\command_handler.o
                0x20000014                Mode_itterupt
                0x20000018                default_command
                0x2000001f                fm_button_released
 .data          0x20000020       0x19 ..\obj\display_handler.o
                0x20000020                defaultScreen
                0x20000037                DISPLAY_STRING_DELAY
                0x20000038                OFFSET_STEP_DELAY
                0x2000003c                . = ALIGN (0x4)
 *fill*         0x20000039        0x3 
                [!provide]                PROVIDE (__preinit_array_start = .)
 *(.preinit_array)
                [!provide]                PROVIDE (__preinit_array_end = .)
                0x2000003c                . = ALIGN (0x4)
                [!provide]                PROVIDE (__init_array_start = .)
 *(SORT_BY_NAME(.init_array.*))
 *(.init_array)
                [!provide]                PROVIDE (__init_array_end = .)
                0x2000003c                . = ALIGN (0x4)
                [!provide]                PROVIDE (__fini_array_start = .)
 *(SORT_BY_NAME(.fini_array.*))
 *(.fini_array)
                [!provide]                PROVIDE (__fini_array_end = .)
 *(.jcr*)
                0x2000003c                . = ALIGN (0x4)
                0x2000003c                __data_end__ = .
                0x2000003c                _edata = __data_end__

.igot.plt       0x2000003c        0x0 load address 0x08003c1c
 .igot.plt      0x2000003c        0x0 ..\obj\stm32f10x_tim.o

.bss            0x2000003c      0x350 load address 0x08003c1c
                0x2000003c                . = ALIGN (0x4)
                0x2000003c                __bss_start__ = .
                0x2000003c                _sbss = __bss_start__
 *(.bss*)
 .bss           0x2000003c        0x2 ..\obj\main.o
                0x2000003c                d_rcvcplt
                0x2000003d                c_rcvcplt
 .bss           0x2000003e        0x7 ..\obj\command_handler.o
                0x2000003e                press_delay
                0x2000003f                block_input_delay
                0x20000040                act_aux
                0x20000041                fm_button_state
                0x20000042                cd_button_state
                0x20000043                main_fsm
                0x20000044                avrcp_trig
 *fill*         0x20000045        0x3 
 .bss           0x20000048        0x5 ..\obj\display_handler.o
                0x20000048                greets_counter
                0x2000004c                btLastState
 .bss           0x2000004d        0x1 ..\obj\parser.o
                0x2000004d                parsing
 *(COMMON)
 COMMON         0x2000004e        0x4 ..\obj\main.o
                0x2000004e                c_idx
                0x2000004f                mode
                0x20000050                isAux
                0x20000051                d_idx
 COMMON         0x20000052        0x1 ..\obj\iwrap.o
                0x20000052                playbackState
 *fill*         0x20000053        0x1 
 COMMON         0x20000054        0x7 ..\obj\command_handler.o
                0x20000054                commandBuffer
 *fill*         0x2000005b        0x1 
 COMMON         0x2000005c      0x173 ..\obj\display_handler.o
                0x2000005c                offset_step
                0x2000005d                display_state
                0x20000060                displayStringBuffer
                0x2000006c                delay
                0x20000070                displayDataBuffer
                0x2000019c                offset
                0x200001a0                displayBuffer
                0x200001b8                displayRxBuffer
 *fill*         0x200001cf        0x1 
 COMMON         0x200001d0      0x1bc ..\obj\parser.o
                0x200001d0                text_flag
                0x200001d4                argv
                0x2000024c                token_lenght
                0x2000024e                argc
                0x20000250                str_idx
                0x20000254                buf
                0x20000380                songInfo
                0x2000038c                . = ALIGN (0x4)
                0x2000038c                __bss_end__ = .
                0x2000038c                _ebss = __bss_end__

.heap           0x2000038c        0x0
                0x2000038c                __end__ = .
                0x2000038c                _end = __end__
                0x2000038c                end = __end__
 *(.heap*)
                0x2000038c                __HeapLimit = .

.co_stack       0x2000038c      0x404 load address 0x08003f6c
                0x20000390                . = ALIGN (0x8)
 *fill*         0x2000038c        0x4 
 *(.co_stack .co_stack.*)
 .co_stack      0x20000390      0x400 ..\obj\startup_stm32f10x_md.o
                0x20000390                pulStack
                0x20005000                __StackTop = (ORIGIN (ram) + LENGTH (ram))
                0x20004bfc                __StackLimit = (__StackTop - SIZEOF (.co_stack))
                [!provide]                PROVIDE (__stack = __StackTop)
                0x00000001                ASSERT ((__StackLimit >= __HeapLimit), region ram  overflowed with stack)
LOAD ..\obj\stm32f10x_tim.o
LOAD ..\obj\system_stm32f10x.o
LOAD ..\obj\startup_stm32f10x_md.o
LOAD ..\obj\stm32f10x_can.o
LOAD ..\obj\stm32f10x_gpio.o
LOAD ..\obj\main.o
LOAD ..\obj\iwrap.o
LOAD ..\obj\stm32f10x_rcc.o
LOAD ..\obj\stm32f10x_adc.o
LOAD ..\obj\stm32f10x_usart.o
LOAD ..\obj\tea6420.o
LOAD ..\obj\usart_opts.o
LOAD ..\obj\command_handler.o
LOAD ..\obj\stm32f10x_dma.o
LOAD ..\obj\display_handler.o
LOAD ..\obj\misc.o
LOAD ..\obj\parser.o
LOAD ..\obj\stm32f10x_i2c.o
START GROUP
LOAD c:/program files (x86)/gnu tools arm embedded/7 2018-q2-update/bin/../lib/gcc/arm-none-eabi/7.3.1/thumb/v7-m\libgcc.a
LOAD c:/program files (x86)/gnu tools arm embedded/7 2018-q2-update/bin/../lib/gcc/arm-none-eabi/7.3.1/../../../../arm-none-eabi/lib/thumb/v7-m\libg.a
LOAD c:/program files (x86)/gnu tools arm embedded/7 2018-q2-update/bin/../lib/gcc/arm-none-eabi/7.3.1/../../../../arm-none-eabi/lib/thumb/v7-m\libc.a
END GROUP
OUTPUT(test.elf elf32-littlearm)

.debug_info     0x00000000     0x981b
 .debug_info    0x00000000     0x1c66 ..\obj\stm32f10x_tim.o
 .debug_info    0x00001c66      0x4a1 ..\obj\system_stm32f10x.o
 .debug_info    0x00002107      0x10f ..\obj\startup_stm32f10x_md.o
 .debug_info    0x00002216      0x6fe ..\obj\stm32f10x_gpio.o
 .debug_info    0x00002914      0xece ..\obj\main.o
 .debug_info    0x000037e2      0x1a9 ..\obj\iwrap.o
 .debug_info    0x0000398b      0x8ae ..\obj\stm32f10x_rcc.o
 .debug_info    0x00004239      0xb82 ..\obj\stm32f10x_adc.o
 .debug_info    0x00004dbb      0x9f6 ..\obj\stm32f10x_usart.o
 .debug_info    0x000057b1      0x232 ..\obj\tea6420.o
 .debug_info    0x000059e3      0x3ad ..\obj\usart_opts.o
 .debug_info    0x00005d90      0xd13 ..\obj\command_handler.o
 .debug_info    0x00006aa3      0x481 ..\obj\stm32f10x_dma.o
 .debug_info    0x00006f24      0xc46 ..\obj\display_handler.o
 .debug_info    0x00007b6a      0x547 ..\obj\misc.o
 .debug_info    0x000080b1      0xc57 ..\obj\parser.o
 .debug_info    0x00008d08      0xb13 ..\obj\stm32f10x_i2c.o

.debug_abbrev   0x00000000     0x1ca7
 .debug_abbrev  0x00000000      0x1c5 ..\obj\stm32f10x_tim.o
 .debug_abbrev  0x000001c5      0x170 ..\obj\system_stm32f10x.o
 .debug_abbrev  0x00000335       0xb8 ..\obj\startup_stm32f10x_md.o
 .debug_abbrev  0x000003ed      0x1e1 ..\obj\stm32f10x_gpio.o
 .debug_abbrev  0x000005ce      0x24c ..\obj\main.o
 .debug_abbrev  0x0000081a       0xac ..\obj\iwrap.o
 .debug_abbrev  0x000008c6      0x1d1 ..\obj\stm32f10x_rcc.o
 .debug_abbrev  0x00000a97      0x1ad ..\obj\stm32f10x_adc.o
 .debug_abbrev  0x00000c44      0x191 ..\obj\stm32f10x_usart.o
 .debug_abbrev  0x00000dd5       0xde ..\obj\tea6420.o
 .debug_abbrev  0x00000eb3      0x180 ..\obj\usart_opts.o
 .debug_abbrev  0x00001033      0x282 ..\obj\command_handler.o
 .debug_abbrev  0x000012b5      0x184 ..\obj\stm32f10x_dma.o
 .debug_abbrev  0x00001439      0x264 ..\obj\display_handler.o
 .debug_abbrev  0x0000169d      0x174 ..\obj\misc.o
 .debug_abbrev  0x00001811      0x303 ..\obj\parser.o
 .debug_abbrev  0x00001b14      0x193 ..\obj\stm32f10x_i2c.o

.debug_aranges  0x00000000      0xb28
 .debug_aranges
                0x00000000      0x2f0 ..\obj\stm32f10x_tim.o
 .debug_aranges
                0x000002f0       0x38 ..\obj\system_stm32f10x.o
 .debug_aranges
                0x00000328       0x28 ..\obj\startup_stm32f10x_md.o
 .debug_aranges
                0x00000350       0xa8 ..\obj\stm32f10x_gpio.o
 .debug_aranges
                0x000003f8       0x78 ..\obj\main.o
 .debug_aranges
                0x00000470       0x50 ..\obj\iwrap.o
 .debug_aranges
                0x000004c0      0x118 ..\obj\stm32f10x_rcc.o
 .debug_aranges
                0x000005d8      0x138 ..\obj\stm32f10x_adc.o
 .debug_aranges
                0x00000710      0x100 ..\obj\stm32f10x_usart.o
 .debug_aranges
                0x00000810       0x30 ..\obj\tea6420.o
 .debug_aranges
                0x00000840       0x40 ..\obj\usart_opts.o
 .debug_aranges
                0x00000880       0x40 ..\obj\command_handler.o
 .debug_aranges
                0x000008c0       0x70 ..\obj\stm32f10x_dma.o
 .debug_aranges
                0x00000930       0x40 ..\obj\display_handler.o
 .debug_aranges
                0x00000970       0x40 ..\obj\misc.o
 .debug_aranges
                0x000009b0       0x58 ..\obj\parser.o
 .debug_aranges
                0x00000a08      0x120 ..\obj\stm32f10x_i2c.o

.debug_ranges   0x00000000      0xa18
 .debug_ranges  0x00000000      0x2e0 ..\obj\stm32f10x_tim.o
 .debug_ranges  0x000002e0       0x28 ..\obj\system_stm32f10x.o
 .debug_ranges  0x00000308       0x18 ..\obj\startup_stm32f10x_md.o
 .debug_ranges  0x00000320       0x98 ..\obj\stm32f10x_gpio.o
 .debug_ranges  0x000003b8       0x68 ..\obj\main.o
 .debug_ranges  0x00000420       0x40 ..\obj\iwrap.o
 .debug_ranges  0x00000460      0x108 ..\obj\stm32f10x_rcc.o
 .debug_ranges  0x00000568      0x128 ..\obj\stm32f10x_adc.o
 .debug_ranges  0x00000690       0xf0 ..\obj\stm32f10x_usart.o
 .debug_ranges  0x00000780       0x20 ..\obj\tea6420.o
 .debug_ranges  0x000007a0       0x30 ..\obj\usart_opts.o
 .debug_ranges  0x000007d0       0x30 ..\obj\command_handler.o
 .debug_ranges  0x00000800       0x60 ..\obj\stm32f10x_dma.o
 .debug_ranges  0x00000860       0x30 ..\obj\display_handler.o
 .debug_ranges  0x00000890       0x30 ..\obj\misc.o
 .debug_ranges  0x000008c0       0x48 ..\obj\parser.o
 .debug_ranges  0x00000908      0x110 ..\obj\stm32f10x_i2c.o

.debug_line     0x00000000     0x4792
 .debug_line    0x00000000      0xbc2 ..\obj\stm32f10x_tim.o
 .debug_line    0x00000bc2      0x26c ..\obj\system_stm32f10x.o
 .debug_line    0x00000e2e       0xb5 ..\obj\startup_stm32f10x_md.o
 .debug_line    0x00000ee3      0x442 ..\obj\stm32f10x_gpio.o
 .debug_line    0x00001325      0x4c9 ..\obj\main.o
 .debug_line    0x000017ee      0x26c ..\obj\iwrap.o
 .debug_line    0x00001a5a      0x53d ..\obj\stm32f10x_rcc.o
 .debug_line    0x00001f97      0x5ac ..\obj\stm32f10x_adc.o
 .debug_line    0x00002543      0x524 ..\obj\stm32f10x_usart.o
 .debug_line    0x00002a67      0x273 ..\obj\tea6420.o
 .debug_line    0x00002cda      0x296 ..\obj\usart_opts.o
 .debug_line    0x00002f70      0x3de ..\obj\command_handler.o
 .debug_line    0x0000334e      0x3aa ..\obj\stm32f10x_dma.o
 .debug_line    0x000036f8      0x3c0 ..\obj\display_handler.o
 .debug_line    0x00003ab8      0x2b7 ..\obj\misc.o
 .debug_line    0x00003d6f      0x4cc ..\obj\parser.o
 .debug_line    0x0000423b      0x557 ..\obj\stm32f10x_i2c.o

.debug_str      0x00000000     0x3751
 .debug_str     0x00000000      0xd83 ..\obj\stm32f10x_tim.o
                                0xe46 (size before relaxing)
 .debug_str     0x00000d83      0x175 ..\obj\system_stm32f10x.o
                                0x348 (size before relaxing)
 .debug_str     0x00000ef8       0xd5 ..\obj\startup_stm32f10x_md.o
                                0x1b7 (size before relaxing)
 .debug_str     0x00000fcd      0x391 ..\obj\stm32f10x_gpio.o
                                0x582 (size before relaxing)
 .debug_str     0x0000135e      0x813 ..\obj\main.o
                                0xc9e (size before relaxing)
 .debug_str     0x00001b71       0xdb ..\obj\iwrap.o
                                0x287 (size before relaxing)
 .debug_str     0x00001c4c      0x3fb ..\obj\stm32f10x_rcc.o
                                0x683 (size before relaxing)
 .debug_str     0x00002047      0x47f ..\obj\stm32f10x_adc.o
                                0x764 (size before relaxing)
 .debug_str     0x000024c6      0x3b5 ..\obj\stm32f10x_usart.o
                                0x6f9 (size before relaxing)
 .debug_str     0x0000287b       0x6d ..\obj\tea6420.o
                                0x2a2 (size before relaxing)
 .debug_str     0x000028e8       0xa5 ..\obj\usart_opts.o
                                0x322 (size before relaxing)
 .debug_str     0x0000298d      0x565 ..\obj\command_handler.o
                                0x83d (size before relaxing)
 .debug_str     0x00002ef2      0x143 ..\obj\stm32f10x_dma.o
                                0x420 (size before relaxing)
 .debug_str     0x00003035      0x13f ..\obj\display_handler.o
                                0x807 (size before relaxing)
 .debug_str     0x00003174      0x134 ..\obj\misc.o
                                0x427 (size before relaxing)
 .debug_str     0x000032a8      0x15e ..\obj\parser.o
                                0x76b (size before relaxing)
 .debug_str     0x00003406      0x34b ..\obj\stm32f10x_i2c.o
                                0x6cf (size before relaxing)

.comment        0x00000000       0x7f
 .comment       0x00000000       0x7f ..\obj\stm32f10x_tim.o
                                 0x80 (size before relaxing)
 .comment       0x0000007f       0x80 ..\obj\system_stm32f10x.o
 .comment       0x0000007f       0x80 ..\obj\startup_stm32f10x_md.o
 .comment       0x0000007f       0x80 ..\obj\stm32f10x_gpio.o
 .comment       0x0000007f       0x80 ..\obj\main.o
 .comment       0x0000007f       0x80 ..\obj\iwrap.o
 .comment       0x0000007f       0x80 ..\obj\stm32f10x_rcc.o
 .comment       0x0000007f       0x80 ..\obj\stm32f10x_adc.o
 .comment       0x0000007f       0x80 ..\obj\stm32f10x_usart.o
 .comment       0x0000007f       0x80 ..\obj\tea6420.o
 .comment       0x0000007f       0x80 ..\obj\usart_opts.o
 .comment       0x0000007f       0x80 ..\obj\command_handler.o
 .comment       0x0000007f       0x80 ..\obj\stm32f10x_dma.o
 .comment       0x0000007f       0x80 ..\obj\display_handler.o
 .comment       0x0000007f       0x80 ..\obj\misc.o
 .comment       0x0000007f       0x80 ..\obj\parser.o
 .comment       0x0000007f       0x80 ..\obj\stm32f10x_i2c.o

.ARM.attributes
                0x00000000       0x31
 .ARM.attributes
                0x00000000       0x33 ..\obj\stm32f10x_tim.o
 .ARM.attributes
                0x00000033       0x33 ..\obj\system_stm32f10x.o
 .ARM.attributes
                0x00000066       0x33 ..\obj\startup_stm32f10x_md.o
 .ARM.attributes
                0x00000099       0x33 ..\obj\stm32f10x_gpio.o
 .ARM.attributes
                0x000000cc       0x33 ..\obj\main.o
 .ARM.attributes
                0x000000ff       0x33 ..\obj\iwrap.o
 .ARM.attributes
                0x00000132       0x33 ..\obj\stm32f10x_rcc.o
 .ARM.attributes
                0x00000165       0x33 ..\obj\stm32f10x_adc.o
 .ARM.attributes
                0x00000198       0x33 ..\obj\stm32f10x_usart.o
 .ARM.attributes
                0x000001cb       0x33 ..\obj\tea6420.o
 .ARM.attributes
                0x000001fe       0x33 ..\obj\usart_opts.o
 .ARM.attributes
                0x00000231       0x33 ..\obj\command_handler.o
 .ARM.attributes
                0x00000264       0x33 ..\obj\stm32f10x_dma.o
 .ARM.attributes
                0x00000297       0x33 ..\obj\display_handler.o
 .ARM.attributes
                0x000002ca       0x33 ..\obj\misc.o
 .ARM.attributes
                0x000002fd       0x33 ..\obj\parser.o
 .ARM.attributes
                0x00000330       0x33 ..\obj\stm32f10x_i2c.o
 .ARM.attributes
                0x00000363       0x2d c:/program files (x86)/gnu tools arm embedded/7 2018-q2-update/bin/../lib/gcc/arm-none-eabi/7.3.1/../../../../arm-none-eabi/lib/thumb/v7-m\libg.a(lib_a-memcmp.o)
 .ARM.attributes
                0x00000390       0x1b c:/program files (x86)/gnu tools arm embedded/7 2018-q2-update/bin/../lib/gcc/arm-none-eabi/7.3.1/../../../../arm-none-eabi/lib/thumb/v7-m\libg.a(lib_a-memcpy.o)
 .ARM.attributes
                0x000003ab       0x2d c:/program files (x86)/gnu tools arm embedded/7 2018-q2-update/bin/../lib/gcc/arm-none-eabi/7.3.1/../../../../arm-none-eabi/lib/thumb/v7-m\libg.a(lib_a-memset.o)

.debug_frame    0x00000000     0x2f64
 .debug_frame   0x00000000      0xe2c ..\obj\stm32f10x_tim.o
 .debug_frame   0x00000e2c       0x98 ..\obj\system_stm32f10x.o
 .debug_frame   0x00000ec4       0x4c ..\obj\startup_stm32f10x_md.o
 .debug_frame   0x00000f10      0x2d0 ..\obj\stm32f10x_gpio.o
 .debug_frame   0x000011e0      0x180 ..\obj\main.o
 .debug_frame   0x00001360       0xd4 ..\obj\iwrap.o
 .debug_frame   0x00001434      0x4f4 ..\obj\stm32f10x_rcc.o
 .debug_frame   0x00001928      0x5a4 ..\obj\stm32f10x_adc.o
 .debug_frame   0x00001ecc      0x490 ..\obj\stm32f10x_usart.o
 .debug_frame   0x0000235c       0x68 ..\obj\tea6420.o
 .debug_frame   0x000023c4       0xb8 ..\obj\usart_opts.o
 .debug_frame   0x0000247c       0xb4 ..\obj\command_handler.o
 .debug_frame   0x00002530      0x1c8 ..\obj\stm32f10x_dma.o
 .debug_frame   0x000026f8       0xbc ..\obj\display_handler.o
 .debug_frame   0x000027b4       0xd8 ..\obj\misc.o
 .debug_frame   0x0000288c      0x138 ..\obj\parser.o
 .debug_frame   0x000029c4      0x530 ..\obj\stm32f10x_i2c.o
 .debug_frame   0x00002ef4       0x38 c:/program files (x86)/gnu tools arm embedded/7 2018-q2-update/bin/../lib/gcc/arm-none-eabi/7.3.1/../../../../arm-none-eabi/lib/thumb/v7-m\libg.a(lib_a-memcmp.o)
 .debug_frame   0x00002f2c       0x38 c:/program files (x86)/gnu tools arm embedded/7 2018-q2-update/bin/../lib/gcc/arm-none-eabi/7.3.1/../../../../arm-none-eabi/lib/thumb/v7-m\libg.a(lib_a-memset.o)
