
Allocating common symbols
Common symbol       size              file

c_idx               0x1               ..\obj\main.o
mode                0x1               ..\obj\main.o
commandTxBuffer     0x7               ..\obj\command_handler.o
commandRxBuffer     0x7               ..\obj\command_handler.o
displayRxBuffer     0x17              ..\obj\display_handler.o
displayTxBuffer     0x17              ..\obj\display_handler.o
d_idx               0x1               ..\obj\main.o

Discarded input sections

 .text          0x00000000        0x0 ..\obj\stm32f10x_tim.o
 .data          0x00000000        0x0 ..\obj\stm32f10x_tim.o
 .bss           0x00000000        0x0 ..\obj\stm32f10x_tim.o
 .text.TIM_DeInit
                0x00000000      0x22c ..\obj\stm32f10x_tim.o
 .text.TIM_OC1Init
                0x00000000      0x118 ..\obj\stm32f10x_tim.o
 .text.TIM_OC2Init
                0x00000000      0x110 ..\obj\stm32f10x_tim.o
 .text.TIM_OC3Init
                0x00000000      0x10c ..\obj\stm32f10x_tim.o
 .text.TIM_OC4Init
                0x00000000       0xd0 ..\obj\stm32f10x_tim.o
 .text.TIM_ICInit
                0x00000000       0xa8 ..\obj\stm32f10x_tim.o
 .text.TIM_PWMIConfig
                0x00000000       0xb8 ..\obj\stm32f10x_tim.o
 .text.TIM_BDTRConfig
                0x00000000       0x50 ..\obj\stm32f10x_tim.o
 .text.TIM_OCStructInit
                0x00000000       0x44 ..\obj\stm32f10x_tim.o
 .text.TIM_ICStructInit
                0x00000000       0x30 ..\obj\stm32f10x_tim.o
 .text.TIM_BDTRStructInit
                0x00000000       0x3c ..\obj\stm32f10x_tim.o
 .text.TIM_CtrlPWMOutputs
                0x00000000       0x4c ..\obj\stm32f10x_tim.o
 .text.TIM_GenerateEvent
                0x00000000       0x1c ..\obj\stm32f10x_tim.o
 .text.TIM_DMAConfig
                0x00000000       0x28 ..\obj\stm32f10x_tim.o
 .text.TIM_DMACmd
                0x00000000       0x48 ..\obj\stm32f10x_tim.o
 .text.TIM_InternalClockConfig
                0x00000000       0x24 ..\obj\stm32f10x_tim.o
 .text.TIM_ITRxExternalClockConfig
                0x00000000       0x30 ..\obj\stm32f10x_tim.o
 .text.TIM_TIxExternalClockConfig
                0x00000000       0x5c ..\obj\stm32f10x_tim.o
 .text.TIM_ETRClockMode1Config
                0x00000000       0x60 ..\obj\stm32f10x_tim.o
 .text.TIM_ETRClockMode2Config
                0x00000000       0x40 ..\obj\stm32f10x_tim.o
 .text.TIM_ETRConfig
                0x00000000       0x54 ..\obj\stm32f10x_tim.o
 .text.TIM_PrescalerConfig
                0x00000000       0x28 ..\obj\stm32f10x_tim.o
 .text.TIM_CounterModeConfig
                0x00000000       0x38 ..\obj\stm32f10x_tim.o
 .text.TIM_SelectInputTrigger
                0x00000000       0x38 ..\obj\stm32f10x_tim.o
 .text.TIM_EncoderInterfaceConfig
                0x00000000       0x98 ..\obj\stm32f10x_tim.o
 .text.TIM_ForcedOC1Config
                0x00000000       0x38 ..\obj\stm32f10x_tim.o
 .text.TIM_ForcedOC2Config
                0x00000000       0x3c ..\obj\stm32f10x_tim.o
 .text.TIM_ForcedOC3Config
                0x00000000       0x38 ..\obj\stm32f10x_tim.o
 .text.TIM_ForcedOC4Config
                0x00000000       0x3c ..\obj\stm32f10x_tim.o
 .text.TIM_ARRPreloadConfig
                0x00000000       0x40 ..\obj\stm32f10x_tim.o
 .text.TIM_SelectCOM
                0x00000000       0x40 ..\obj\stm32f10x_tim.o
 .text.TIM_SelectCCDMA
                0x00000000       0x40 ..\obj\stm32f10x_tim.o
 .text.TIM_CCPreloadControl
                0x00000000       0x40 ..\obj\stm32f10x_tim.o
 .text.TIM_OC1PreloadConfig
                0x00000000       0x38 ..\obj\stm32f10x_tim.o
 .text.TIM_OC2PreloadConfig
                0x00000000       0x3c ..\obj\stm32f10x_tim.o
 .text.TIM_OC3PreloadConfig
                0x00000000       0x38 ..\obj\stm32f10x_tim.o
 .text.TIM_OC4PreloadConfig
                0x00000000       0x3c ..\obj\stm32f10x_tim.o
 .text.TIM_OC1FastConfig
                0x00000000       0x38 ..\obj\stm32f10x_tim.o
 .text.TIM_OC2FastConfig
                0x00000000       0x3c ..\obj\stm32f10x_tim.o
 .text.TIM_OC3FastConfig
                0x00000000       0x38 ..\obj\stm32f10x_tim.o
 .text.TIM_OC4FastConfig
                0x00000000       0x3c ..\obj\stm32f10x_tim.o
 .text.TIM_ClearOC1Ref
                0x00000000       0x38 ..\obj\stm32f10x_tim.o
 .text.TIM_ClearOC2Ref
                0x00000000       0x3c ..\obj\stm32f10x_tim.o
 .text.TIM_ClearOC3Ref
                0x00000000       0x38 ..\obj\stm32f10x_tim.o
 .text.TIM_ClearOC4Ref
                0x00000000       0x3c ..\obj\stm32f10x_tim.o
 .text.TIM_OC1PolarityConfig
                0x00000000       0x38 ..\obj\stm32f10x_tim.o
 .text.TIM_OC1NPolarityConfig
                0x00000000       0x38 ..\obj\stm32f10x_tim.o
 .text.TIM_OC2PolarityConfig
                0x00000000       0x3c ..\obj\stm32f10x_tim.o
 .text.TIM_OC2NPolarityConfig
                0x00000000       0x3c ..\obj\stm32f10x_tim.o
 .text.TIM_OC3PolarityConfig
                0x00000000       0x3c ..\obj\stm32f10x_tim.o
 .text.TIM_OC3NPolarityConfig
                0x00000000       0x3c ..\obj\stm32f10x_tim.o
 .text.TIM_OC4PolarityConfig
                0x00000000       0x3c ..\obj\stm32f10x_tim.o
 .text.TIM_CCxCmd
                0x00000000       0x54 ..\obj\stm32f10x_tim.o
 .text.TIM_CCxNCmd
                0x00000000       0x54 ..\obj\stm32f10x_tim.o
 .text.TIM_SelectOCxM
                0x00000000       0xac ..\obj\stm32f10x_tim.o
 .text.TIM_UpdateDisableConfig
                0x00000000       0x40 ..\obj\stm32f10x_tim.o
 .text.TIM_UpdateRequestConfig
                0x00000000       0x40 ..\obj\stm32f10x_tim.o
 .text.TIM_SelectHallSensor
                0x00000000       0x40 ..\obj\stm32f10x_tim.o
 .text.TIM_SelectOnePulseMode
                0x00000000       0x38 ..\obj\stm32f10x_tim.o
 .text.TIM_SelectOutputTrigger
                0x00000000       0x38 ..\obj\stm32f10x_tim.o
 .text.TIM_SelectSlaveMode
                0x00000000       0x38 ..\obj\stm32f10x_tim.o
 .text.TIM_SelectMasterSlaveMode
                0x00000000       0x38 ..\obj\stm32f10x_tim.o
 .text.TIM_SetCounter
                0x00000000       0x1c ..\obj\stm32f10x_tim.o
 .text.TIM_SetAutoreload
                0x00000000       0x1c ..\obj\stm32f10x_tim.o
 .text.TIM_SetCompare1
                0x00000000       0x1c ..\obj\stm32f10x_tim.o
 .text.TIM_SetCompare2
                0x00000000       0x1c ..\obj\stm32f10x_tim.o
 .text.TIM_SetCompare3
                0x00000000       0x1c ..\obj\stm32f10x_tim.o
 .text.TIM_SetCompare4
                0x00000000       0x20 ..\obj\stm32f10x_tim.o
 .text.TIM_SetIC1Prescaler
                0x00000000       0x38 ..\obj\stm32f10x_tim.o
 .text.TIM_SetIC2Prescaler
                0x00000000       0x3c ..\obj\stm32f10x_tim.o
 .text.TIM_SetIC3Prescaler
                0x00000000       0x38 ..\obj\stm32f10x_tim.o
 .text.TIM_SetIC4Prescaler
                0x00000000       0x3c ..\obj\stm32f10x_tim.o
 .text.TIM_SetClockDivision
                0x00000000       0x38 ..\obj\stm32f10x_tim.o
 .text.TIM_GetCapture1
                0x00000000       0x18 ..\obj\stm32f10x_tim.o
 .text.TIM_GetCapture2
                0x00000000       0x18 ..\obj\stm32f10x_tim.o
 .text.TIM_GetCapture3
                0x00000000       0x18 ..\obj\stm32f10x_tim.o
 .text.TIM_GetCapture4
                0x00000000       0x1c ..\obj\stm32f10x_tim.o
 .text.TIM_GetCounter
                0x00000000       0x18 ..\obj\stm32f10x_tim.o
 .text.TIM_GetPrescaler
                0x00000000       0x18 ..\obj\stm32f10x_tim.o
 .text.TIM_GetFlagStatus
                0x00000000       0x38 ..\obj\stm32f10x_tim.o
 .text.TIM_ClearFlag
                0x00000000       0x20 ..\obj\stm32f10x_tim.o
 .text.TI1_Config
                0x00000000       0xe0 ..\obj\stm32f10x_tim.o
 .text.TI2_Config
                0x00000000       0xf4 ..\obj\stm32f10x_tim.o
 .text.TI3_Config
                0x00000000       0xec ..\obj\stm32f10x_tim.o
 .text.TI4_Config
                0x00000000       0xf8 ..\obj\stm32f10x_tim.o
 .text          0x00000000        0x0 ..\obj\system_stm32f10x.o
 .data          0x00000000       0x14 ..\obj\system_stm32f10x.o
 .bss           0x00000000        0x0 ..\obj\system_stm32f10x.o
 .text.SystemCoreClockUpdate
                0x00000000       0xd8 ..\obj\system_stm32f10x.o
 .text          0x00000000        0x0 ..\obj\startup_stm32f10x_md.o
 .data          0x00000000        0x0 ..\obj\startup_stm32f10x_md.o
 .bss           0x00000000        0x0 ..\obj\startup_stm32f10x_md.o
 .text          0x00000000        0x0 ..\obj\stm32f10x_gpio.o
 .data          0x00000000        0x0 ..\obj\stm32f10x_gpio.o
 .bss           0x00000000        0x0 ..\obj\stm32f10x_gpio.o
 .text.GPIO_AFIODeInit
                0x00000000       0x18 ..\obj\stm32f10x_gpio.o
 .text.GPIO_StructInit
                0x00000000       0x28 ..\obj\stm32f10x_gpio.o
 .text.GPIO_ReadInputDataBit
                0x00000000       0x34 ..\obj\stm32f10x_gpio.o
 .text.GPIO_ReadInputData
                0x00000000       0x18 ..\obj\stm32f10x_gpio.o
 .text.GPIO_ReadOutputDataBit
                0x00000000       0x34 ..\obj\stm32f10x_gpio.o
 .text.GPIO_ReadOutputData
                0x00000000       0x18 ..\obj\stm32f10x_gpio.o
 .text.GPIO_SetBits
                0x00000000       0x1c ..\obj\stm32f10x_gpio.o
 .text.GPIO_WriteBit
                0x00000000       0x30 ..\obj\stm32f10x_gpio.o
 .text.GPIO_Write
                0x00000000       0x1c ..\obj\stm32f10x_gpio.o
 .text.GPIO_PinLockConfig
                0x00000000       0x44 ..\obj\stm32f10x_gpio.o
 .text.GPIO_EventOutputConfig
                0x00000000       0x4c ..\obj\stm32f10x_gpio.o
 .text.GPIO_EventOutputCmd
                0x00000000       0x20 ..\obj\stm32f10x_gpio.o
 .text.GPIO_PinRemapConfig
                0x00000000       0xe0 ..\obj\stm32f10x_gpio.o
 .text.GPIO_EXTILineConfig
                0x00000000       0x84 ..\obj\stm32f10x_gpio.o
 .text.GPIO_ETH_MediaInterfaceConfig
                0x00000000       0x1c ..\obj\stm32f10x_gpio.o
 .text          0x00000000        0x0 ..\obj\main.o
 .data          0x00000000        0x0 ..\obj\main.o
 .text          0x00000000        0x0 ..\obj\stm32f10x_rcc.o
 .bss           0x00000000        0x0 ..\obj\stm32f10x_rcc.o
 .text.RCC_WaitForHSEStartUp
                0x00000000       0x50 ..\obj\stm32f10x_rcc.o
 .text.RCC_AdjustHSICalibrationValue
                0x00000000       0x3c ..\obj\stm32f10x_rcc.o
 .text.RCC_HSICmd
                0x00000000       0x20 ..\obj\stm32f10x_rcc.o
 .text.RCC_ITConfig
                0x00000000       0x4c ..\obj\stm32f10x_rcc.o
 .text.RCC_USBCLKConfig
                0x00000000       0x1c ..\obj\stm32f10x_rcc.o
 .text.RCC_LSEConfig
                0x00000000       0x40 ..\obj\stm32f10x_rcc.o
 .text.RCC_LSICmd
                0x00000000       0x20 ..\obj\stm32f10x_rcc.o
 .text.RCC_RTCCLKConfig
                0x00000000       0x24 ..\obj\stm32f10x_rcc.o
 .text.RCC_RTCCLKCmd
                0x00000000       0x20 ..\obj\stm32f10x_rcc.o
 .text.RCC_BackupResetCmd
                0x00000000       0x20 ..\obj\stm32f10x_rcc.o
 .text.RCC_ClockSecuritySystemCmd
                0x00000000       0x20 ..\obj\stm32f10x_rcc.o
 .text.RCC_MCOConfig
                0x00000000       0x20 ..\obj\stm32f10x_rcc.o
 .text.RCC_ClearFlag
                0x00000000       0x1c ..\obj\stm32f10x_rcc.o
 .text.RCC_GetITStatus
                0x00000000       0x34 ..\obj\stm32f10x_rcc.o
 .text.RCC_ClearITPendingBit
                0x00000000       0x20 ..\obj\stm32f10x_rcc.o
 .text          0x00000000        0x0 ..\obj\stm32f10x_usart.o
 .data          0x00000000        0x0 ..\obj\stm32f10x_usart.o
 .bss           0x00000000        0x0 ..\obj\stm32f10x_usart.o
 .text.USART_StructInit
                0x00000000       0x38 ..\obj\stm32f10x_usart.o
 .text.USART_ClockInit
                0x00000000       0x58 ..\obj\stm32f10x_usart.o
 .text.USART_ClockStructInit
                0x00000000       0x2c ..\obj\stm32f10x_usart.o
 .text.USART_SetAddress
                0x00000000       0x38 ..\obj\stm32f10x_usart.o
 .text.USART_WakeUpConfig
                0x00000000       0x38 ..\obj\stm32f10x_usart.o
 .text.USART_ReceiverWakeUpCmd
                0x00000000       0x40 ..\obj\stm32f10x_usart.o
 .text.USART_LINBreakDetectLengthConfig
                0x00000000       0x38 ..\obj\stm32f10x_usart.o
 .text.USART_LINCmd
                0x00000000       0x40 ..\obj\stm32f10x_usart.o
 .text.USART_SendData
                0x00000000       0x24 ..\obj\stm32f10x_usart.o
 .text.USART_SendBreak
                0x00000000       0x24 ..\obj\stm32f10x_usart.o
 .text.USART_SetGuardTime
                0x00000000       0x3c ..\obj\stm32f10x_usart.o
 .text.USART_SetPrescaler
                0x00000000       0x38 ..\obj\stm32f10x_usart.o
 .text.USART_SmartCardCmd
                0x00000000       0x40 ..\obj\stm32f10x_usart.o
 .text.USART_SmartCardNACKCmd
                0x00000000       0x40 ..\obj\stm32f10x_usart.o
 .text.USART_HalfDuplexCmd
                0x00000000       0x40 ..\obj\stm32f10x_usart.o
 .text.USART_OverSampling8Cmd
                0x00000000       0x44 ..\obj\stm32f10x_usart.o
 .text.USART_OneBitMethodCmd
                0x00000000       0x40 ..\obj\stm32f10x_usart.o
 .text.USART_IrDAConfig
                0x00000000       0x38 ..\obj\stm32f10x_usart.o
 .text.USART_IrDACmd
                0x00000000       0x40 ..\obj\stm32f10x_usart.o
 .text.USART_GetFlagStatus
                0x00000000       0x38 ..\obj\stm32f10x_usart.o
 .text.USART_ClearFlag
                0x00000000       0x20 ..\obj\stm32f10x_usart.o
 .text.USART_GetITStatus
                0x00000000       0xb4 ..\obj\stm32f10x_usart.o
 .text.USART_ClearITPendingBit
                0x00000000       0x38 ..\obj\stm32f10x_usart.o
 .text          0x00000000        0x0 ..\obj\usart_opts.o
 .data          0x00000000        0x0 ..\obj\usart_opts.o
 .bss           0x00000000        0x0 ..\obj\usart_opts.o
 .text.UARTSend
                0x00000000       0x44 ..\obj\usart_opts.o
 .text          0x00000000        0x0 ..\obj\command_handler.o
 .text          0x00000000        0x0 ..\obj\stm32f10x_dma.o
 .data          0x00000000        0x0 ..\obj\stm32f10x_dma.o
 .bss           0x00000000        0x0 ..\obj\stm32f10x_dma.o
 .text.DMA_DeInit
                0x00000000      0x178 ..\obj\stm32f10x_dma.o
 .text.DMA_StructInit
                0x00000000       0x54 ..\obj\stm32f10x_dma.o
 .text.DMA_SetCurrDataCounter
                0x00000000       0x1c ..\obj\stm32f10x_dma.o
 .text.DMA_GetCurrDataCounter
                0x00000000       0x18 ..\obj\stm32f10x_dma.o
 .text.DMA_GetFlagStatus
                0x00000000       0x50 ..\obj\stm32f10x_dma.o
 .text.DMA_ClearFlag
                0x00000000       0x34 ..\obj\stm32f10x_dma.o
 .text.DMA_GetITStatus
                0x00000000       0x50 ..\obj\stm32f10x_dma.o
 .text          0x00000000        0x0 ..\obj\display_handler.o
 .text          0x00000000        0x0 ..\obj\misc.o
 .data          0x00000000        0x0 ..\obj\misc.o
 .bss           0x00000000        0x0 ..\obj\misc.o
 .text.NVIC_PriorityGroupConfig
                0x00000000       0x24 ..\obj\misc.o
 .text.NVIC_SetVectorTable
                0x00000000       0x2c ..\obj\misc.o
 .text.NVIC_SystemLPConfig
                0x00000000       0x40 ..\obj\misc.o
 .text.SysTick_CLKSourceConfig
                0x00000000       0x38 ..\obj\misc.o
 .text          0x00000000        0x0 ..\obj\stm32f10x_i2c.o
 .data          0x00000000        0x0 ..\obj\stm32f10x_i2c.o
 .bss           0x00000000        0x0 ..\obj\stm32f10x_i2c.o
 .text.I2C_DeInit
                0x00000000       0x48 ..\obj\stm32f10x_i2c.o
 .text.I2C_Init
                0x00000000      0x184 ..\obj\stm32f10x_i2c.o
 .text.I2C_StructInit
                0x00000000       0x3c ..\obj\stm32f10x_i2c.o
 .text.I2C_Cmd  0x00000000       0x40 ..\obj\stm32f10x_i2c.o
 .text.I2C_DMACmd
                0x00000000       0x40 ..\obj\stm32f10x_i2c.o
 .text.I2C_DMALastTransferCmd
                0x00000000       0x40 ..\obj\stm32f10x_i2c.o
 .text.I2C_GenerateSTART
                0x00000000       0x40 ..\obj\stm32f10x_i2c.o
 .text.I2C_GenerateSTOP
                0x00000000       0x40 ..\obj\stm32f10x_i2c.o
 .text.I2C_AcknowledgeConfig
                0x00000000       0x40 ..\obj\stm32f10x_i2c.o
 .text.I2C_OwnAddress2Config
                0x00000000       0x44 ..\obj\stm32f10x_i2c.o
 .text.I2C_DualAddressCmd
                0x00000000       0x40 ..\obj\stm32f10x_i2c.o
 .text.I2C_GeneralCallCmd
                0x00000000       0x40 ..\obj\stm32f10x_i2c.o
 .text.I2C_ITConfig
                0x00000000       0x48 ..\obj\stm32f10x_i2c.o
 .text.I2C_SendData
                0x00000000       0x20 ..\obj\stm32f10x_i2c.o
 .text.I2C_ReceiveData
                0x00000000       0x1c ..\obj\stm32f10x_i2c.o
 .text.I2C_Send7bitAddress
                0x00000000       0x3c ..\obj\stm32f10x_i2c.o
 .text.I2C_ReadRegister
                0x00000000       0x2c ..\obj\stm32f10x_i2c.o
 .text.I2C_SoftwareResetCmd
                0x00000000       0x44 ..\obj\stm32f10x_i2c.o
 .text.I2C_NACKPositionConfig
                0x00000000       0x40 ..\obj\stm32f10x_i2c.o
 .text.I2C_SMBusAlertConfig
                0x00000000       0x40 ..\obj\stm32f10x_i2c.o
 .text.I2C_TransmitPEC
                0x00000000       0x40 ..\obj\stm32f10x_i2c.o
 .text.I2C_PECPositionConfig
                0x00000000       0x40 ..\obj\stm32f10x_i2c.o
 .text.I2C_CalculatePEC
                0x00000000       0x40 ..\obj\stm32f10x_i2c.o
 .text.I2C_GetPEC
                0x00000000       0x20 ..\obj\stm32f10x_i2c.o
 .text.I2C_ARPCmd
                0x00000000       0x40 ..\obj\stm32f10x_i2c.o
 .text.I2C_StretchClockCmd
                0x00000000       0x40 ..\obj\stm32f10x_i2c.o
 .text.I2C_FastModeDutyCycleConfig
                0x00000000       0x40 ..\obj\stm32f10x_i2c.o
 .text.I2C_CheckEvent
                0x00000000       0x60 ..\obj\stm32f10x_i2c.o
 .text.I2C_GetLastEvent
                0x00000000       0x44 ..\obj\stm32f10x_i2c.o
 .text.I2C_GetFlagStatus
                0x00000000       0x64 ..\obj\stm32f10x_i2c.o
 .text.I2C_ClearFlag
                0x00000000       0x2c ..\obj\stm32f10x_i2c.o
 .text.I2C_GetITStatus
                0x00000000       0x58 ..\obj\stm32f10x_i2c.o
 .text.I2C_ClearITPendingBit
                0x00000000       0x2c ..\obj\stm32f10x_i2c.o
 .debug_info    0x00000000      0xb0c ..\obj\stm32f10x_i2c.o
 .debug_abbrev  0x00000000      0x166 ..\obj\stm32f10x_i2c.o
 .debug_aranges
                0x00000000      0x120 ..\obj\stm32f10x_i2c.o
 .debug_ranges  0x00000000      0x110 ..\obj\stm32f10x_i2c.o
 .debug_line    0x00000000      0x4e9 ..\obj\stm32f10x_i2c.o
 .debug_str     0x00000000      0x66e ..\obj\stm32f10x_i2c.o
 .comment       0x00000000       0x6f ..\obj\stm32f10x_i2c.o
 .debug_frame   0x00000000      0x530 ..\obj\stm32f10x_i2c.o
 .ARM.attributes
                0x00000000       0x33 ..\obj\stm32f10x_i2c.o

Memory Configuration

Name             Origin             Length             Attributes
rom              0x08000000         0x00010000         xr
ram              0x20000000         0x00005000         xrw
*default*        0x00000000         0xffffffff

Linker script and memory map

                0x20005000                _eram = 0x20005000

.text           0x08000000     0x1ec4
 *(.isr_vector)
 .isr_vector    0x08000000      0x10c ..\obj\startup_stm32f10x_md.o
                0x08000000                g_pfnVectors
 *(.text*)
 .text.TIM_TimeBaseInit
                0x0800010c       0xf8 ..\obj\stm32f10x_tim.o
                0x0800010c                TIM_TimeBaseInit
 .text.TIM_TimeBaseStructInit
                0x08000204       0x34 ..\obj\stm32f10x_tim.o
                0x08000204                TIM_TimeBaseStructInit
 .text.TIM_Cmd  0x08000238       0x40 ..\obj\stm32f10x_tim.o
                0x08000238                TIM_Cmd
 .text.TIM_ITConfig
                0x08000278       0x48 ..\obj\stm32f10x_tim.o
                0x08000278                TIM_ITConfig
 .text.TIM_GetITStatus
                0x080002c0       0x54 ..\obj\stm32f10x_tim.o
                0x080002c0                TIM_GetITStatus
 .text.TIM_ClearITPendingBit
                0x08000314       0x20 ..\obj\stm32f10x_tim.o
                0x08000314                TIM_ClearITPendingBit
 .text.SystemInit
                0x08000334       0x68 ..\obj\system_stm32f10x.o
                0x08000334                SystemInit
 .text.SetSysClock
                0x0800039c        0xc ..\obj\system_stm32f10x.o
 .text.SetSysClockTo72
                0x080003a8      0x100 ..\obj\system_stm32f10x.o
 .text.Default_Reset_Handler
                0x080004a8       0x60 ..\obj\startup_stm32f10x_md.o
                0x080004a8                Default_Reset_Handler
                0x080004a8                Reset_Handler
 .text.Default_Handler
                0x08000508        0x8 ..\obj\startup_stm32f10x_md.o
                0x08000508                EXTI2_IRQHandler
                0x08000508                DebugMon_Handler
                0x08000508                TIM1_CC_IRQHandler
                0x08000508                HardFault_Handler
                0x08000508                SysTick_Handler
                0x08000508                PVD_IRQHandler
                0x08000508                PendSV_Handler
                0x08000508                NMI_Handler
                0x08000508                EXTI3_IRQHandler
                0x08000508                EXTI0_IRQHandler
                0x08000508                I2C2_EV_IRQHandler
                0x08000508                UsageFault_Handler
                0x08000508                ADC1_2_IRQHandler
                0x08000508                SPI1_IRQHandler
                0x08000508                TAMPER_IRQHandler
                0x08000508                DMA1_Channel4_IRQHandler
                0x08000508                RTC_IRQHandler
                0x08000508                CAN1_RX1_IRQHandler
                0x08000508                TIM4_IRQHandler
                0x08000508                I2C1_EV_IRQHandler
                0x08000508                DMA1_Channel6_IRQHandler
                0x08000508                RCC_IRQHandler
                0x08000508                TIM1_TRG_COM_IRQHandler
                0x08000508                DMA1_Channel1_IRQHandler
                0x08000508                EXTI15_10_IRQHandler
                0x08000508                EXTI9_5_IRQHandler
                0x08000508                SPI2_IRQHandler
                0x08000508                MemManage_Handler
                0x08000508                SVC_Handler
                0x08000508                DMA1_Channel5_IRQHandler
                0x08000508                EXTI4_IRQHandler
                0x08000508                USB_LP_CAN1_RX0_IRQHandler
                0x08000508                USB_HP_CAN1_TX_IRQHandler
                0x08000508                DMA1_Channel3_IRQHandler
                0x08000508                TIM1_UP_IRQHandler
                0x08000508                WWDG_IRQHandler
                0x08000508                TIM1_BRK_IRQHandler
                0x08000508                EXTI1_IRQHandler
                0x08000508                RTCAlarm_IRQHandler
                0x08000508                I2C2_ER_IRQHandler
                0x08000508                CAN1_SCE_IRQHandler
                0x08000508                FLASH_IRQHandler
                0x08000508                BusFault_Handler
                0x08000508                USART1_IRQHandler
                0x08000508                I2C1_ER_IRQHandler
                0x08000508                USBWakeUp_IRQHandler
 .text.GPIO_DeInit
                0x08000510       0xe4 ..\obj\stm32f10x_gpio.o
                0x08000510                GPIO_DeInit
 .text.GPIO_Init
                0x080005f4      0x178 ..\obj\stm32f10x_gpio.o
                0x080005f4                GPIO_Init
 .text.GPIO_ResetBits
                0x0800076c       0x1c ..\obj\stm32f10x_gpio.o
                0x0800076c                GPIO_ResetBits
 .text.NVIC_EnableIRQ
                0x08000788       0x30 ..\obj\main.o
 .text.SetupPeriph
                0x080007b8      0x2d8 ..\obj\main.o
                0x080007b8                SetupPeriph
 .text.InitDisplay
                0x08000a90       0x6c ..\obj\main.o
                0x08000a90                InitDisplay
 .text.USART2_IRQHandler
                0x08000afc       0x7c ..\obj\main.o
                0x08000afc                USART2_IRQHandler
 .text.USART3_IRQHandler
                0x08000b78       0x5c ..\obj\main.o
                0x08000b78                USART3_IRQHandler
 .text.TIM2_IRQHandler
                0x08000bd4       0x5c ..\obj\main.o
                0x08000bd4                TIM2_IRQHandler
 .text.TIM3_IRQHandler
                0x08000c30       0x4c ..\obj\main.o
                0x08000c30                TIM3_IRQHandler
 .text.DMA1_Channel7_IRQHandler
                0x08000c7c       0x1c ..\obj\main.o
                0x08000c7c                DMA1_Channel7_IRQHandler
 .text.DMA1_Channel2_IRQHandler
                0x08000c98       0x1c ..\obj\main.o
                0x08000c98                DMA1_Channel2_IRQHandler
 .text.SetupClock
                0x08000cb4       0x70 ..\obj\main.o
                0x08000cb4                SetupClock
 .text.main     0x08000d24       0x38 ..\obj\main.o
                0x08000d24                main
 .text.RCC_DeInit
                0x08000d5c       0x5c ..\obj\stm32f10x_rcc.o
                0x08000d5c                RCC_DeInit
 .text.RCC_HSEConfig
                0x08000db8       0x5c ..\obj\stm32f10x_rcc.o
                0x08000db8                RCC_HSEConfig
 .text.RCC_PLLConfig
                0x08000e14       0x3c ..\obj\stm32f10x_rcc.o
                0x08000e14                RCC_PLLConfig
 .text.RCC_PLLCmd
                0x08000e50       0x20 ..\obj\stm32f10x_rcc.o
                0x08000e50                RCC_PLLCmd
 .text.RCC_SYSCLKConfig
                0x08000e70       0x38 ..\obj\stm32f10x_rcc.o
                0x08000e70                RCC_SYSCLKConfig
 .text.RCC_GetSYSCLKSource
                0x08000ea8       0x1c ..\obj\stm32f10x_rcc.o
                0x08000ea8                RCC_GetSYSCLKSource
 .text.RCC_HCLKConfig
                0x08000ec4       0x38 ..\obj\stm32f10x_rcc.o
                0x08000ec4                RCC_HCLKConfig
 .text.RCC_PCLK1Config
                0x08000efc       0x38 ..\obj\stm32f10x_rcc.o
                0x08000efc                RCC_PCLK1Config
 .text.RCC_PCLK2Config
                0x08000f34       0x38 ..\obj\stm32f10x_rcc.o
                0x08000f34                RCC_PCLK2Config
 .text.RCC_ADCCLKConfig
                0x08000f6c       0x38 ..\obj\stm32f10x_rcc.o
                0x08000f6c                RCC_ADCCLKConfig
 .text.RCC_GetClocksFreq
                0x08000fa4      0x160 ..\obj\stm32f10x_rcc.o
                0x08000fa4                RCC_GetClocksFreq
 .text.RCC_AHBPeriphClockCmd
                0x08001104       0x3c ..\obj\stm32f10x_rcc.o
                0x08001104                RCC_AHBPeriphClockCmd
 .text.RCC_APB2PeriphClockCmd
                0x08001140       0x3c ..\obj\stm32f10x_rcc.o
                0x08001140                RCC_APB2PeriphClockCmd
 .text.RCC_APB1PeriphClockCmd
                0x0800117c       0x3c ..\obj\stm32f10x_rcc.o
                0x0800117c                RCC_APB1PeriphClockCmd
 .text.RCC_APB2PeriphResetCmd
                0x080011b8       0x3c ..\obj\stm32f10x_rcc.o
                0x080011b8                RCC_APB2PeriphResetCmd
 .text.RCC_APB1PeriphResetCmd
                0x080011f4       0x3c ..\obj\stm32f10x_rcc.o
                0x080011f4                RCC_APB1PeriphResetCmd
 .text.RCC_GetFlagStatus
                0x08001230       0x74 ..\obj\stm32f10x_rcc.o
                0x08001230                RCC_GetFlagStatus
 .text.USART_DeInit
                0x080012a4       0xb8 ..\obj\stm32f10x_usart.o
                0x080012a4                USART_DeInit
 .text.USART_Init
                0x0800135c      0x174 ..\obj\stm32f10x_usart.o
                0x0800135c                USART_Init
 .text.USART_Cmd
                0x080014d0       0x40 ..\obj\stm32f10x_usart.o
                0x080014d0                USART_Cmd
 .text.USART_ITConfig
                0x08001510       0x90 ..\obj\stm32f10x_usart.o
                0x08001510                USART_ITConfig
 .text.USART_DMACmd
                0x080015a0       0x48 ..\obj\stm32f10x_usart.o
                0x080015a0                USART_DMACmd
 .text.USART_ReceiveData
                0x080015e8       0x20 ..\obj\stm32f10x_usart.o
                0x080015e8                USART_ReceiveData
 .text.USART2SendDMA
                0x08001608       0x24 ..\obj\usart_opts.o
                0x08001608                USART2SendDMA
 .text.USART3SendDMA
                0x0800162c       0x24 ..\obj\usart_opts.o
                0x0800162c                USART3SendDMA
 .text.CheckChksum
                0x08001650       0x54 ..\obj\usart_opts.o
                0x08001650                CheckChksum
 .text.ActivateAUX
                0x080016a4       0x18 ..\obj\command_handler.o
                0x080016a4                ActivateAUX
 .text.ActivateBluetooth
                0x080016bc       0x18 ..\obj\command_handler.o
                0x080016bc                ActivateBluetooth
 .text.HandleCommandData
                0x080016d4      0x1a0 ..\obj\command_handler.o
                0x080016d4                HandleCommandData
 .text.SendCommand
                0x08001874       0x40 ..\obj\command_handler.o
                0x08001874                SendCommand
 .text.DMA_Init
                0x080018b4       0x7c ..\obj\stm32f10x_dma.o
                0x080018b4                DMA_Init
 .text.DMA_Cmd  0x08001930       0x38 ..\obj\stm32f10x_dma.o
                0x08001930                DMA_Cmd
 .text.DMA_ITConfig
                0x08001968       0x3c ..\obj\stm32f10x_dma.o
                0x08001968                DMA_ITConfig
 .text.DMA_ClearITPendingBit
                0x080019a4       0x34 ..\obj\stm32f10x_dma.o
                0x080019a4                DMA_ClearITPendingBit
 .text.HandleDisplayData
                0x080019d8      0x124 ..\obj\display_handler.o
                0x080019d8                HandleDisplayData
 .text.SendDisplayData
                0x08001afc       0x40 ..\obj\display_handler.o
                0x08001afc                SendDisplayData
 .text.Translit
                0x08001b3c      0x2c4 ..\obj\display_handler.o
                0x08001b3c                Translit
 .text.NVIC_Init
                0x08001e00       0xc4 ..\obj\misc.o
                0x08001e00                NVIC_Init
 *(.init)
 *(.fini)
 *crtbegin.o(.ctors)
 *crtbegin?.o(.ctors)
 *(EXCLUDE_FILE(*crtend.o *crtend?.o) .ctors)
 *(SORT(.ctors.*))
 *(.ctors)
 *crtbegin.o(.dtors)
 *crtbegin?.o(.dtors)
 *(EXCLUDE_FILE(*crtend.o *crtend?.o) .dtors)
 *(SORT(.dtors.*))
 *(.dtors)
 *(.rodata*)
 *(.eh_fram e*)

.glue_7         0x08001ec4        0x0
 .glue_7        0x08001ec4        0x0 linker stubs

.glue_7t        0x08001ec4        0x0
 .glue_7t       0x08001ec4        0x0 linker stubs

.vfp11_veneer   0x08001ec4        0x0
 .vfp11_veneer  0x08001ec4        0x0 linker stubs

.v4_bx          0x08001ec4        0x0
 .v4_bx         0x08001ec4        0x0 linker stubs

.iplt           0x08001ec4        0x0
 .iplt          0x08001ec4        0x0 ..\obj\stm32f10x_tim.o

.rel.dyn        0x08001ec4        0x0
 .rel.iplt      0x08001ec4        0x0 ..\obj\stm32f10x_tim.o

.ARM.extab
 *(.ARM.extab* .gnu.linkonce.armextab.*)
                0x08001ec4                __exidx_start = .

.ARM.exidx
 *(.ARM.exidx* .gnu.linkonce.armexidx.*)
                0x08001ec4                __exidx_end = .
                0x08001ec4                __etext = .
                0x08001ec4                _sidata = __etext

.data           0x20000000       0x38 load address 0x08001ec4
                0x20000000                __data_start__ = .
                0x20000000                _sdata = __data_start__
 *(vtable)
 *(.data*)
 .data          0x20000000       0x14 ..\obj\stm32f10x_rcc.o
 .data          0x20000014        0x7 ..\obj\command_handler.o
                0x20000014                default_command
 *fill*         0x2000001b        0x1 
 .data          0x2000001c       0x1c ..\obj\display_handler.o
                0x2000001c                defaultScreen
                0x20000034                cnt
                0x20000038                . = ALIGN (0x4)
                [!provide]                PROVIDE (__preinit_array_start, .)
 *(.preinit_array)
                [!provide]                PROVIDE (__preinit_array_end, .)
                0x20000038                . = ALIGN (0x4)
                [!provide]                PROVIDE (__init_array_start, .)
 *(SORT(.init_array.*))
 *(.init_array)
                [!provide]                PROVIDE (__init_array_end, .)
                0x20000038                . = ALIGN (0x4)
                [!provide]                PROVIDE (__fini_array_start, .)
 *(SORT(.fini_array.*))
 *(.fini_array)
                [!provide]                PROVIDE (__fini_array_end, .)
 *(.jcr*)
                0x20000038                . = ALIGN (0x4)
                0x20000038                __data_end__ = .
                0x20000038                _edata = __data_end__

.igot.plt       0x20000038        0x0 load address 0x08001efc
 .igot.plt      0x20000038        0x0 ..\obj\stm32f10x_tim.o

.bss            0x20000038       0x50 load address 0x08001efc
                0x20000038                . = ALIGN (0x4)
                0x20000038                __bss_start__ = .
                0x20000038                _sbss = __bss_start__
 *(.bss*)
 .bss           0x20000038        0x2 ..\obj\main.o
                0x20000038                d_rcvcplt
                0x20000039                c_rcvcplt
 .bss           0x2000003a        0x2 ..\obj\command_handler.o
                0x2000003a                press_cnt
                0x2000003b                act_aux
 .bss           0x2000003c        0x8 ..\obj\display_handler.o
                0x2000003c                greets_counter
                0x20000040                cnt2
 *(COMMON)
 COMMON         0x20000044        0x3 ..\obj\main.o
                0x20000044                c_idx
                0x20000045                mode
                0x20000046                d_idx
 *fill*         0x20000047        0x1 
 COMMON         0x20000048        0xf ..\obj\command_handler.o
                0x20000048                commandTxBuffer
                0x20000050                commandRxBuffer
 *fill*         0x20000057        0x1 
 COMMON         0x20000058       0x2f ..\obj\display_handler.o
                0x20000058                displayRxBuffer
                0x20000070                displayTxBuffer
                0x20000088                . = ALIGN (0x4)
 *fill*         0x20000087        0x1 
                0x20000088                __bss_end__ = .
                0x20000088                _ebss = __bss_end__

.heap           0x20000088        0x0
                0x20000088                __end__ = .
                0x20000088                _end = __end__
                0x20000088                end = __end__
 *(.heap*)
                0x20000088                __HeapLimit = .

.co_stack       0x20000088      0x400 load address 0x08001f4c
                0x20000088                . = ALIGN (0x8)
 *(.co_stack .co_stack.*)
 .co_stack      0x20000088      0x400 ..\obj\startup_stm32f10x_md.o
                0x20000088                pulStack
                0x20005000                __StackTop = (ORIGIN (ram) + LENGTH (ram))
                0x20004c00                __StackLimit = (__StackTop - SIZEOF (.co_stack))
                [!provide]                PROVIDE (__stack, __StackTop)
                0x00000001                ASSERT ((__StackLimit >= __HeapLimit), region ram  overflowed with stack)
LOAD ..\obj\stm32f10x_tim.o
LOAD ..\obj\system_stm32f10x.o
LOAD ..\obj\startup_stm32f10x_md.o
LOAD ..\obj\stm32f10x_gpio.o
LOAD ..\obj\main.o
LOAD ..\obj\stm32f10x_rcc.o
LOAD ..\obj\stm32f10x_usart.o
LOAD ..\obj\usart_opts.o
LOAD ..\obj\command_handler.o
LOAD ..\obj\stm32f10x_dma.o
LOAD ..\obj\display_handler.o
LOAD ..\obj\misc.o
LOAD ..\obj\stm32f10x_i2c.o
START GROUP
LOAD c:/program files (x86)/gnu tools arm embedded/5.4 2016q3/bin/../lib/gcc/arm-none-eabi/5.4.1/armv7-m\libgcc.a
LOAD c:/program files (x86)/gnu tools arm embedded/5.4 2016q3/bin/../lib/gcc/arm-none-eabi/5.4.1/../../../../arm-none-eabi/lib/armv7-m\libg.a
LOAD c:/program files (x86)/gnu tools arm embedded/5.4 2016q3/bin/../lib/gcc/arm-none-eabi/5.4.1/../../../../arm-none-eabi/lib/armv7-m\libc.a
END GROUP
OUTPUT(test.elf elf32-littlearm)

.debug_info     0x00000000     0x5867
 .debug_info    0x00000000     0x1c60 ..\obj\stm32f10x_tim.o
 .debug_info    0x00001c60      0x49c ..\obj\system_stm32f10x.o
 .debug_info    0x000020fc       0xee ..\obj\startup_stm32f10x_md.o
 .debug_info    0x000021ea      0x6f6 ..\obj\stm32f10x_gpio.o
 .debug_info    0x000028e0      0xbaa ..\obj\main.o
 .debug_info    0x0000348a      0x8a3 ..\obj\stm32f10x_rcc.o
 .debug_info    0x00003d2d      0x9f0 ..\obj\stm32f10x_usart.o
 .debug_info    0x0000471d      0x345 ..\obj\usart_opts.o
 .debug_info    0x00004a62      0x22f ..\obj\command_handler.o
 .debug_info    0x00004c91      0x47b ..\obj\stm32f10x_dma.o
 .debug_info    0x0000510c      0x205 ..\obj\display_handler.o
 .debug_info    0x00005311      0x556 ..\obj\misc.o

.debug_abbrev   0x00000000     0x10bb
 .debug_abbrev  0x00000000      0x1b2 ..\obj\stm32f10x_tim.o
 .debug_abbrev  0x000001b2      0x14e ..\obj\system_stm32f10x.o
 .debug_abbrev  0x00000300       0xa7 ..\obj\startup_stm32f10x_md.o
 .debug_abbrev  0x000003a7      0x1cc ..\obj\stm32f10x_gpio.o
 .debug_abbrev  0x00000573      0x21f ..\obj\main.o
 .debug_abbrev  0x00000792      0x1bc ..\obj\stm32f10x_rcc.o
 .debug_abbrev  0x0000094e      0x164 ..\obj\stm32f10x_usart.o
 .debug_abbrev  0x00000ab2      0x15a ..\obj\usart_opts.o
 .debug_abbrev  0x00000c0c       0xfb ..\obj\command_handler.o
 .debug_abbrev  0x00000d07      0x157 ..\obj\stm32f10x_dma.o
 .debug_abbrev  0x00000e5e      0x116 ..\obj\display_handler.o
 .debug_abbrev  0x00000f74      0x147 ..\obj\misc.o

.debug_aranges  0x00000000      0x7d0
 .debug_aranges
                0x00000000      0x2f0 ..\obj\stm32f10x_tim.o
 .debug_aranges
                0x000002f0       0x38 ..\obj\system_stm32f10x.o
 .debug_aranges
                0x00000328       0x28 ..\obj\startup_stm32f10x_md.o
 .debug_aranges
                0x00000350       0xa8 ..\obj\stm32f10x_gpio.o
 .debug_aranges
                0x000003f8       0x70 ..\obj\main.o
 .debug_aranges
                0x00000468      0x118 ..\obj\stm32f10x_rcc.o
 .debug_aranges
                0x00000580      0x100 ..\obj\stm32f10x_usart.o
 .debug_aranges
                0x00000680       0x38 ..\obj\usart_opts.o
 .debug_aranges
                0x000006b8       0x38 ..\obj\command_handler.o
 .debug_aranges
                0x000006f0       0x70 ..\obj\stm32f10x_dma.o
 .debug_aranges
                0x00000760       0x30 ..\obj\display_handler.o
 .debug_aranges
                0x00000790       0x40 ..\obj\misc.o

.debug_ranges   0x00000000      0x710
 .debug_ranges  0x00000000      0x2e0 ..\obj\stm32f10x_tim.o
 .debug_ranges  0x000002e0       0x28 ..\obj\system_stm32f10x.o
 .debug_ranges  0x00000308       0x18 ..\obj\startup_stm32f10x_md.o
 .debug_ranges  0x00000320       0x98 ..\obj\stm32f10x_gpio.o
 .debug_ranges  0x000003b8       0x60 ..\obj\main.o
 .debug_ranges  0x00000418      0x108 ..\obj\stm32f10x_rcc.o
 .debug_ranges  0x00000520       0xf0 ..\obj\stm32f10x_usart.o
 .debug_ranges  0x00000610       0x28 ..\obj\usart_opts.o
 .debug_ranges  0x00000638       0x28 ..\obj\command_handler.o
 .debug_ranges  0x00000660       0x60 ..\obj\stm32f10x_dma.o
 .debug_ranges  0x000006c0       0x20 ..\obj\display_handler.o
 .debug_ranges  0x000006e0       0x30 ..\obj\misc.o

.debug_line     0x00000000     0x2c00
 .debug_line    0x00000000      0xb54 ..\obj\stm32f10x_tim.o
 .debug_line    0x00000b54      0x224 ..\obj\system_stm32f10x.o
 .debug_line    0x00000d78       0xa2 ..\obj\startup_stm32f10x_md.o
 .debug_line    0x00000e1a      0x3d4 ..\obj\stm32f10x_gpio.o
 .debug_line    0x000011ee      0x3be ..\obj\main.o
 .debug_line    0x000015ac      0x4cf ..\obj\stm32f10x_rcc.o
 .debug_line    0x00001a7b      0x4b6 ..\obj\stm32f10x_usart.o
 .debug_line    0x00001f31      0x20a ..\obj\usart_opts.o
 .debug_line    0x0000213b      0x27d ..\obj\command_handler.o
 .debug_line    0x000023b8      0x33c ..\obj\stm32f10x_dma.o
 .debug_line    0x000026f4      0x2c5 ..\obj\display_handler.o
 .debug_line    0x000029b9      0x247 ..\obj\misc.o

.debug_str      0x00000000     0x24c1
 .debug_str     0x00000000      0xd22 ..\obj\stm32f10x_tim.o
                                0xde5 (size before relaxing)
 .debug_str     0x00000d22      0x172 ..\obj\system_stm32f10x.o
                                0x2f7 (size before relaxing)
 .debug_str     0x00000e94       0xb0 ..\obj\startup_stm32f10x_md.o
                                0x147 (size before relaxing)
 .debug_str     0x00000f44      0x37e ..\obj\stm32f10x_gpio.o
                                0x521 (size before relaxing)
 .debug_str     0x000012c2      0x671 ..\obj\main.o
                                0xaae (size before relaxing)
 .debug_str     0x00001933      0x3e8 ..\obj\stm32f10x_rcc.o
                                0x622 (size before relaxing)
 .debug_str     0x00001d1b      0x3a9 ..\obj\stm32f10x_usart.o
                                0x698 (size before relaxing)
 .debug_str     0x000020c4       0x8c ..\obj\usart_opts.o
                                0x2a9 (size before relaxing)
 .debug_str     0x00002150       0x95 ..\obj\command_handler.o
                                0x21f (size before relaxing)
 .debug_str     0x000021e5      0x130 ..\obj\stm32f10x_dma.o
                                0x3bf (size before relaxing)
 .debug_str     0x00002315       0x84 ..\obj\display_handler.o
                                0x20e (size before relaxing)
 .debug_str     0x00002399      0x128 ..\obj\misc.o
                                0x3c6 (size before relaxing)

.comment        0x00000000       0x6e
 .comment       0x00000000       0x6e ..\obj\stm32f10x_tim.o
                                 0x6f (size before relaxing)
 .comment       0x0000006e       0x6f ..\obj\system_stm32f10x.o
 .comment       0x0000006e       0x6f ..\obj\startup_stm32f10x_md.o
 .comment       0x0000006e       0x6f ..\obj\stm32f10x_gpio.o
 .comment       0x0000006e       0x6f ..\obj\main.o
 .comment       0x0000006e       0x6f ..\obj\stm32f10x_rcc.o
 .comment       0x0000006e       0x6f ..\obj\stm32f10x_usart.o
 .comment       0x0000006e       0x6f ..\obj\usart_opts.o
 .comment       0x0000006e       0x6f ..\obj\command_handler.o
 .comment       0x0000006e       0x6f ..\obj\stm32f10x_dma.o
 .comment       0x0000006e       0x6f ..\obj\display_handler.o
 .comment       0x0000006e       0x6f ..\obj\misc.o

.ARM.attributes
                0x00000000       0x33
 .ARM.attributes
                0x00000000       0x33 ..\obj\stm32f10x_tim.o
 .ARM.attributes
                0x00000033       0x33 ..\obj\system_stm32f10x.o
 .ARM.attributes
                0x00000066       0x33 ..\obj\startup_stm32f10x_md.o
 .ARM.attributes
                0x00000099       0x33 ..\obj\stm32f10x_gpio.o
 .ARM.attributes
                0x000000cc       0x33 ..\obj\main.o
 .ARM.attributes
                0x000000ff       0x33 ..\obj\stm32f10x_rcc.o
 .ARM.attributes
                0x00000132       0x33 ..\obj\stm32f10x_usart.o
 .ARM.attributes
                0x00000165       0x33 ..\obj\usart_opts.o
 .ARM.attributes
                0x00000198       0x33 ..\obj\command_handler.o
 .ARM.attributes
                0x000001cb       0x33 ..\obj\stm32f10x_dma.o
 .ARM.attributes
                0x000001fe       0x33 ..\obj\display_handler.o
 .ARM.attributes
                0x00000231       0x33 ..\obj\misc.o

.debug_frame    0x00000000     0x2120
 .debug_frame   0x00000000      0xe2c ..\obj\stm32f10x_tim.o
 .debug_frame   0x00000e2c       0x98 ..\obj\system_stm32f10x.o
 .debug_frame   0x00000ec4       0x4c ..\obj\startup_stm32f10x_md.o
 .debug_frame   0x00000f10      0x2d0 ..\obj\stm32f10x_gpio.o
 .debug_frame   0x000011e0      0x170 ..\obj\main.o
 .debug_frame   0x00001350      0x4f4 ..\obj\stm32f10x_rcc.o
 .debug_frame   0x00001844      0x490 ..\obj\stm32f10x_usart.o
 .debug_frame   0x00001cd4       0x94 ..\obj\usart_opts.o
 .debug_frame   0x00001d68       0x98 ..\obj\command_handler.o
 .debug_frame   0x00001e00      0x1c8 ..\obj\stm32f10x_dma.o
 .debug_frame   0x00001fc8       0x80 ..\obj\display_handler.o
 .debug_frame   0x00002048       0xd8 ..\obj\misc.o
